--- frase 1
  [  0]    0.08    0.20  0.43  Voy
  [  1]    0.22    0.24  0.97  a
  [  2]    0.28    0.60  0.98  contar
  [  3]    1.20    1.26  0.62  mi
  [  4]    1.26    1.64  0.97  historia
  [  5]    2.06    2.14  0.99  de
  [  6]    2.20    2.38  0.99  cómo
  [  7]    2.48    2.82  0.98  comenzó
  [  8]    2.88    3.08  1.00  todo
  [  9]    3.62    3.82  0.99  desde
  [ 10]    3.86    3.92  0.98  que
  [ 11]    3.94    4.22  0.98  empezó
  [ 12]    4.90    5.10  0.99  hasta
  [ 13]    5.16    5.34  0.99  donde
  [ 14]    5.36    5.56  0.91  estoy
  [ 15]    5.62    5.84  0.94  ahora
--- frase 2
  [ 16]    7.42    7.61  0.75  Bueno
  [ 17]    9.19    9.35  0.92  como
  [ 18]    9.39    9.53  0.96  bien
  [ 19]    9.59    9.97  0.99  sabéis
  [ 20]   11.75   11.89  0.93  soy
  [ 21]   11.93   12.25  0.93  médium
  [ 22]   12.93   13.13  0.82  hago
  [ 23]   13.41   13.85  0.97  sesiones
  [ 24]   13.89   14.61  1.00  privadas
  [ 25]   14.75   14.93  0.84  hago
  [ 26]   14.99   15.51  1.00  directos
--- frase 3
  [ 27]   15.59   15.73  0.75  hago
  [ 28]   15.77   15.97  1.00  mucho
  [ 29]   16.01   16.45  1.00  contenido
  [ 30]   17.35   17.37  0.99  y
  [ 31]   17.91   17.97  0.88  me
  [ 32]   17.99   18.13  0.95  hace
  [ 33]   18.21   18.75  1.00  especialmente
  [ 34]   19.05   19.51  1.00  ilusión
  [ 35]   20.79   21.09  0.79  contaros
  [ 36]   21.09   21.13  0.79  mi
  [ 37]   21.13   21.47  0.98  historia
  [ 38]   21.57   21.79  0.99  porque
  [ 39]   21.84   22.00  0.98  estoy
--- frase 4
  [ 40]   22.04   22.32  1.00  seguro
  [ 41]   23.00   23.05  0.97  que
  [ 42]   23.07   23.11  0.95  os
  [ 43]   23.16   23.38  0.75  podéis
  [ 44]   23.42   23.72  0.93  sentir
  [ 45]   24.14   24.68  1.00  identificados
  [ 46]   24.70   24.76  0.95  en
  [ 47]   24.78   24.96  0.94  algún
  [ 48]   24.98   25.32  1.00  momento
  [ 49]   26.82   26.92  1.00  Yo
  [ 50]   27.16   27.24  1.00  no
  [ 51]   27.28   27.44  1.00  tengo
  [ 52]   27.48   27.60  1.00  nada
  [ 53]   27.62   27.68  1.00  que
  [ 54]   27.70   27.78  0.99  ver
  [ 55]   27.80   27.88  1.00  con
--- frase 5
  [ 56]   27.88   27.94  0.97  el
  [ 57]   27.96   28.10  0.99  mundo
  [ 58]   28.12   28.64  1.00  espiritual
  [ 59]   28.86   29.04  0.99  aunque
  [ 60]   29.12   29.46  1.00  siempre
  [ 61]   29.46   29.52  0.04  he ?
  [ 62]   29.52   29.78  1.00  tenido
  [ 63]   29.88   30.48  1.00  sensación
  [ 64]   30.82   30.92  0.99  de
  [ 65]   31.14   31.32  0.98  ver
  [ 66]   31.60   31.62  0.99  y
  [ 67]   31.70   32.08  1.00  sentir
  [ 68]   32.20   32.40  1.00  más
  [ 69]   32.46   32.66  0.86  allá
  [ 70]   33.06   33.14  1.00  de
  [ 71]   33.20   33.30  0.99  lo
  [ 72]   33.38   33.50  0.98  que
--- frase 6
  [ 73]   33.64   33.78  0.99  los
  [ 74]   33.82   34.10  0.99  demás
  [ 75]   34.18   34.22  0.89  lo
  [ 76]   34.24   34.56  0.81  hacían
  [ 77]   34.90   35.02  1.00  Eso
  [ 78]   35.08   35.36  1.00  siempre
  [ 79]   35.38   35.44  1.00  me
  [ 80]   35.48   35.92  1.00  acompaña
  [ 81]   36.64   36.92  0.96  También
  [ 82]   36.97   37.02  0.99  en
  [ 83]   37.12   37.59  1.00  ocasiones
  [ 84]   37.62   38.09  0.97  puntuales
  [ 85]   38.10   38.16  0.99  de
  [ 86]   38.19   38.23  0.98  mi
  [ 87]   38.28   38.81  0.97  infancia
  [ 88]   39.21   39.23  0.99  y
  [ 89]   39.33   39.35  0.99  a
--- frase 7
  [ 90]   39.39   39.45  1.00  lo
  [ 91]   39.51   39.69  1.00  largo
  [ 92]   39.73   39.77  0.99  de
  [ 93]   39.81   39.87  0.34  mi
  [ 94]   39.89   40.11  0.93  vida
  [ 95]   40.21   40.27  0.95  en
  [ 96]   40.29   40.47  1.00  algún
  [ 97]   40.49   40.85  1.00  momento
  [ 98]   40.85   41.67  0.00  he ?
  [ 99]   41.67   41.97  1.00  tenido
  [100]   42.23   42.63  1.00  sensación
  [101]   42.65   42.69  0.99  de
  [102]   42.71   43.47  0.99  acompañamiento
  [103]   43.67   43.85  0.95  aunque
  [104]   43.87   44.01  0.97  nunca
  [105]   44.01   44.05  0.33  he
--- frase 8
  [106]   44.05   44.31  0.99  llegado
  [107]   44.33   44.37  0.72  a
  [108]   44.37   44.49  0.70  ver
  [109]   44.53   44.73  1.00  nada
  [110]   44.95   45.21  0.99  porque
  [111]   45.29   45.65  1.00  siempre
  [112]   46.29   46.33  0.98  me
  [113]   46.37   46.49  0.95  dio
  [114]   46.91   47.43  0.87  verdaderamente
  [115]   47.55   47.89  1.00  pánico
  [116]   47.93   47.97  0.76  y
  [117]   48.01   48.33  1.00  terror
  [118]   49.49   49.51  1.00  y
  [119]   49.55   49.77  0.98  nunca
  [120]   49.85   50.07  0.99  quise
--- frase 9
  [121]   50.13   50.39  1.00  mirar
  [122]   51.13   51.29  0.99  pero
  [123]   51.41   51.53  1.00  sí
  [124]   51.94   52.40  0.99  sensación
  [125]   52.44   52.49  0.99  de
  [126]   52.53   53.26  0.99  acompañamiento
  [127]   53.31   53.34  0.99  y
  [128]   53.35   53.41  0.99  de
  [129]   53.48   53.72  1.00  saber
  [130]   53.78   53.84  0.99  que
  [131]   53.88   53.96  0.69  si
  [132]   54.00   54.26  0.99  miraba
  [133]   54.50   54.72  0.96  podía
  [134]   54.72   54.90  0.75  haber
  [135]   55.52   55.76  0.99  alguna
  [136]   55.80   56.22  0.99  presencia
--- frase 10
  [137]   57.88   57.98  0.27  Con ?
  [138]   58.00   58.16  0.33  todo
  [139]   58.20   58.38  0.38  esto
  [140]   58.54   58.62  0.32  yo
  [141]   58.74   58.94  0.21  seguí ?
  [142]   59.00   59.12  0.26  con ?
  [143]   59.16   59.22  0.08  mi ?
  [144]   59.30   59.50  0.09  vida ?
  [145]   60.36   60.54  0.99  pues
  [146]   60.60   61.08  0.95  estructurada
  [147]   61.12   61.28  0.98  como
  [148]   61.32   61.38  0.99  la
  [149]   61.42   61.72  0.73  mayoría
  [150]   61.76   61.84  0.94  de
  [151]   62.02   62.32  0.99  todos
  [152]   62.40   62.48  0.95  no
--- frase 11
  [153]   64.06   64.14  0.88  Un
  [154]   64.18   64.52  0.96  trabajo
  [155]   64.66   64.76  0.99  una
  [156]   64.80   65.16  1.00  familia
  [157]   65.52   65.66  0.92  el
  [158]   65.72   66.14  0.92  ascender
  [159]   66.16   66.22  0.99  en
  [160]   66.26   66.34  0.98  el
  [161]   66.38   66.78  1.00  trabajo
  [162]   67.00   67.11  0.90  el
  [163]   67.25   67.58  0.99  obtener
  [164]   68.14   68.75  1.00  objetivos
  [165]   68.79   69.49  1.00  económicos
  [166]   69.85   70.25  1.00  bienes
--- frase 12
  [167]   71.53   71.55  1.00  Y
  [168]   71.67   71.99  1.00  estando
  [169]   72.03   72.09  0.93  en
  [170]   72.15   72.25  0.98  un
  [171]   72.41   72.71  1.00  lugar
  [172]   73.25   73.41  0.99  muy
  [173]   73.47   73.73  0.98  bueno
  [174]   74.35   74.51  0.99  muy
  [175]   74.57   74.81  1.00  bueno
  [176]   75.75   75.83  0.61  en
  [177]   75.85   75.91  0.97  un
  [178]   75.95   76.31  0.98  trabajo
  [179]   77.19   77.57  1.00  bastante
  [180]   77.59   77.79  0.99  bien
  [181]   78.89   79.27  1.00  pagado
--- frase 13
  [182]   79.97   80.11  0.61  en
  [183]   80.15   80.21  0.99  un
  [184]   80.25   80.55  1.00  trabajo
  [185]   80.57   80.63  0.97  en
  [186]   80.65   80.73  0.99  el
  [187]   80.77   80.85  0.99  que
  [188]   81.01   81.07  1.00  no
  [189]   81.13   81.21  1.00  sé
  [190]   81.25   81.41  1.00  cómo
  [191]   81.43   81.63  0.99  llegué
  [192]   81.73   81.85  0.70  ahí
--- frase 14
  [193]   81.97   82.17  1.00  pero
  [194]   82.53   83.02  1.00  alcancé
  [195]   83.52   83.72  0.99  sin
  [196]   84.72   85.00  0.81  pedir
  [197]   85.06   85.28  1.00  nada
--- frase 15
  [198]   85.58   85.64  0.99  un
  [199]   85.70   86.04  1.00  puesto
  [200]   86.36   86.56  0.98  muy
  [201]   86.62   87.18  1.00  codiciado
  [202]   87.22   87.34  1.00  por
  [203]   87.38   87.68  1.00  muchas
  [204]   87.72   88.20  1.00  personas
--- frase 16
  [205]   88.84   88.90  0.99  en
  [206]   88.92   88.98  0.99  el
  [207]   89.00   89.08  1.00  que
  [208]   89.12   89.50  1.00  necesitas
  [209]   89.54   89.64  1.00  una
  [210]   89.72   90.08  1.00  carrera
  [211]   90.12   90.70  1.00  específica
--- frase 17
  [212]   91.24   91.26  0.99  y
  [213]   91.32   91.40  0.99  yo
  [214]   91.44   91.48  1.00  no
  [215]   91.52   91.58  1.00  la
  [216]   91.62   91.90  1.00  tenía
  [217]   91.96   92.08  1.00  pero
  [218]   92.12   92.16  0.94  se
  [219]   92.18   92.24  0.84  me
  [220]   92.26   92.34  0.91  dio
  [221]   92.38   92.44  0.99  la
  [222]   92.46   92.96  0.94  oportunidad
--- frase 18
  [223]   93.36   93.44  0.98  yo
  [224]   93.48   93.72  1.00  tenía
  [225]   94.08   94.14  0.99  mi
  [226]   94.18   94.52  1.00  lugar
  [227]   94.72   94.94  1.00  estaba
  [228]   94.98   95.02  0.99  en
  [229]   95.04   95.10  0.99  el
  [230]   95.14   95.40  1.00  mejor
  [231]   95.44   95.68  0.99  momento
  [232]   95.72   95.78  0.99  de
  [233]   95.80   95.86  0.99  mi
  [234]   95.90   96.06  1.00  vida
--- frase 19
  [235]   96.92   97.69  1.00  económicamente
  [236]   97.89   97.91  0.99  a
  [237]   97.97   98.20  1.00  nivel
  [238]   98.25   98.33  0.99  de
  [239]   98.41   98.89  1.00  proyectos
  [240]   98.93   98.99  0.99  de
  [241]   99.03   99.27  0.99  vida
--- frase 20
  [242]  100.45  100.59  0.99  con
  [243]  100.63  100.73  0.99  mi
  [244]  100.77  101.03  0.98  hija
  [245]  101.13  101.19  0.99  me
  [246]  101.23  101.45  0.69  acababa
  [247]  101.45  101.51  0.86  de
  [248]  101.53  101.77  0.98  comprar
  [249]  101.81  101.87  0.97  mi
  [250]  101.93  102.21  1.00  casa
--- frase 21
  [251]  102.67  102.99  0.98  venía
  [252]  103.01  103.07  0.98  mi
  [253]  103.13  103.41  0.98  segunda
  [254]  103.45  103.65  0.97  hija
  [255]  103.95  103.99  0.08  de ?
  [256]  104.03  104.33  0.99  camino
--- frase 22
  [257]  105.49  105.51  0.99  y
  [258]  105.59  106.01  0.95  empecé
  [259]  106.09  106.15  1.00  de
  [260]  106.23  106.53  1.00  repente
  [261]  106.61  106.63  0.99  a
  [262]  106.69  107.09  1.00  sentir
--- frase 23
  [263]  107.29  108.21  0.99  una
  [264]  108.25  108.63  1.00  sensación
  [265]  108.65  108.71  0.99  de
  [266]  108.75  108.81  0.99  no
  [267]  108.87  109.41  0.99  encajar
--- frase 24
  [268]  109.55  109.61  1.00  que
  [269]  109.67  109.89  0.96  siempre
  [270]  109.91  110.05  1.00  había
  [271]  110.09  110.33  1.00  tenido
  [272]  110.35  110.37  0.47  a
  [273]  110.37  110.43  0.93  lo
  [274]  110.47  110.65  0.99  largo
  [275]  110.67  110.73  1.00  de
  [276]  110.75  110.81  1.00  mi
  [277]  110.85  111.03  1.00  vida
--- frase 25
  [278]  111.47  111.49  0.98  y
  [279]  111.59  111.79  1.00  esto
  [280]  111.85  112.01  1.00  quiero
  [281]  112.05  112.31  0.85  dejarlo
  [282]  112.33  112.42  0.13  muy ?
  [283]  112.44  112.66  0.43  claro
  [284]  112.67  112.88  0.98  porque
  [285]  112.92  113.22  1.00  seguro
--- frase 26
  [286]  113.25  113.36  0.99  que
  [287]  113.50  113.62  0.54  os
  [288]  113.86  114.12  0.74  resuena
  [289]  114.14  114.16  0.13  a ?
  [290]  114.18  114.38  1.00  muchos
  [291]  114.40  114.46  0.99  de
  [292]  114.50  114.86  1.00  vosotros
  [293]  114.88  114.90  0.97  y
  [294]  114.94  115.30  0.99  vosotras
--- frase 27
  [295]  115.94  116.10  0.98  pero
--- frase 28
  [296]  117.26  117.34  0.92  no
  [297]  117.44  117.54  0.87  sé
  [298]  117.94  117.98  0.79  me
  [299]  118.02  118.22  0.94  empezó
  [300]  118.26  118.28  0.93  a
  [301]  118.30  118.94  0.82  agudizarse
--- frase 29
  [302]  120.04  120.16  0.92  era
  [303]  120.22  120.40  0.94  como
  [304]  120.52  120.66  0.82  ese
  [305]  120.72  120.94  0.89  lugar
  [306]  121.02  121.10  0.55  no
--- frase 30
  [307]  121.32  121.44  0.71  ese
  [308]  121.48  121.68  0.92  lugar
  [309]  121.76  121.84  0.70  no
  [310]  122.02  122.14  0.89  ese
  [311]  122.18  122.38  0.98  lugar
  [312]  122.44  122.52  0.88  no
--- frase 31
  [313]  123.62  123.70  0.99  yo
  [314]  123.82  123.90  0.99  no
  [315]  123.96  124.02  0.98  le
  [316]  124.06  124.22  0.96  hice
  [317]  124.28  124.52  1.00  caso
  [318]  124.56  125.18  0.99  evidentemente
--- frase 32
  [319]  125.26  125.28  0.97  a
  [320]  125.32  125.48  0.99  esa
  [321]  125.54  125.80  0.97  voz
  [322]  125.92  125.94  0.96  a
  [323]  125.98  126.10  0.99  esa
  [324]  126.14  126.66  1.00  sensación
  [325]  126.84  126.86  0.08  a ?
  [326]  126.90  127.00  0.99  esa
  [327]  127.04  127.47  0.95  intuición
--- frase 33
  [328]  127.84  127.86  0.94  y
  [329]  127.91  127.94  0.99  yo
  [330]  128.00  128.28  0.99  seguía
  [331]  128.50  128.53  1.00  y
  [332]  128.56  128.73  1.00  cada
  [333]  128.75  128.83  1.00  vez
  [334]  128.87  128.93  0.88  me
  [335]  128.99  129.11  0.77  iba
  [336]  129.19  129.43  1.00  peor
--- frase 34
  [337]  130.81  130.95  0.99  pero
  [338]  130.99  131.05  0.99  no
  [339]  131.13  131.33  1.00  solo
--- frase 35
  [340]  131.45  131.47  0.99  a
  [341]  131.53  131.79  1.00  nivel
  [342]  131.85  131.93  0.99  de
  [343]  131.99  132.41  0.99  trabajo
--- frase 36
  [344]  133.21  133.43  1.00  sino
  [345]  133.57  133.67  0.99  yo
  [346]  134.05  134.11  1.00  me
  [347]  134.19  134.69  0.99  encontraba
  [348]  134.77  134.97  1.00  mal
--- frase 37
  [349]  135.09  135.19  1.00  Era
  [350]  135.21  135.29  0.34  una
  [351]  135.35  135.85  1.00  sensación
  [352]  136.03  136.11  1.00  que
  [353]  136.15  136.21  1.00  no
  [354]  136.25  136.43  0.96  podía
  [355]  136.47  136.99  1.00  respirar
  [356]  137.05  137.11  0.99  me
  [357]  137.15  137.47  0.96  faltaba
  [358]  137.51  137.55  0.74  el
  [359]  137.61  137.83  1.00  aire
  [360]  138.75  138.83  1.00  no
  [361]  138.89  139.13  1.00  podía
  [362]  139.17  139.39  1.00  entrar
  [363]  139.43  139.51  1.00  por
  [364]  139.55  139.59  1.00  la
  [365]  139.63  139.83  0.96  puerta
  [366]  139.85  139.87  0.99  y
  [367]  139.91  140.09  0.98  cuando
  [368]  140.15  140.51  1.00  entraba
  [369]  140.67  140.87  0.97  algo
  [370]  142.50  142.56  0.97  que
  [371]  142.57  142.81  0.91  todavía
  [372]  142.90  143.25  0.99  recuerdo
  [373]  143.88  143.98  0.99  es
  [374]  144.02  144.12  0.96  que
  [375]  144.26  144.50  0.97  siempre
  [376]  144.54  144.60  0.99  se
  [377]  144.62  144.68  1.00  me
  [378]  144.72  144.94  0.75  caía
  [379]  145.04  145.12  0.90  lo
  [380]  145.16  145.22  0.99  que
  [381]  145.22  145.44  0.67  llevaba
  [382]  145.46  145.52  0.90  en
  [383]  145.54  145.66  1.00  las
  [384]  145.72  146.00  1.00  manos
  [385]  147.06  147.12  0.99  Se
  [386]  147.14  147.20  1.00  me
  [387]  147.22  147.40  0.71  caía
  [388]  147.44  147.48  0.55  el
  [389]  147.52  147.74  1.00  suelo
  [390]  147.94  147.98  0.49  el
  [391]  148.06  148.42  0.63  tupper
  [392]  148.48  148.54  0.99  la
  [393]  148.58  148.94  1.00  comida
  [394]  149.08  149.16  0.99  el
  [395]  149.22  149.42  0.98  agua
  [396]  149.84  149.90  0.67  la
  [397]  149.94  150.30  0.51  mochila
  [398]  152.54  152.56  0.63  y
  [399]  153.08  153.32  0.89  empezó
  [400]  153.32  153.34  0.21  a ?
  [401]  153.36  153.94  0.88  agudizarse
  [402]  154.14  154.32  0.96  hasta
  [403]  154.34  154.40  0.72  el
  [404]  154.42  154.68  0.93  punto
  [405]  154.76  154.84  0.99  en
  [406]  154.88  154.96  0.98  el
  [407]  155.04  155.16  0.95  que
  [408]  156.56  156.62  1.00  me
  [409]  156.66  156.88  0.99  dolía
  [410]  156.94  157.16  1.00  tanto
  [411]  157.22  157.28  1.00  la
  [412]  157.32  157.71  1.00  cabeza
  [413]  157.88  157.91  1.00  y
  [414]  157.94  158.04  1.00  una
  [415]  158.10  158.60  1.00  sensación
  [416]  158.75  158.83  1.00  en
  [417]  158.85  158.91  0.99  el
  [418]  158.95  159.31  0.99  estómago
  [419]  159.31  159.37  0.25  de ?
  [420]  159.39  159.43  0.90  no
  [421]  159.45  159.59  0.62  poder
  [422]  159.61  159.95  0.97  respirar
  [423]  160.51  160.61  0.97  que
  [424]  161.61  162.25  1.00  prácticamente
  [425]  162.31  162.47  0.97  dos
  [426]  162.51  162.53  0.00  o ?
  [427]  162.53  162.69  0.98  tres
  [428]  162.73  162.99  1.00  veces
  [429]  163.07  163.29  0.99  casi
  [430]  163.37  163.59  1.00  pierdo
  [431]  163.61  163.67  0.90  el
  [432]  163.69  164.39  0.97  conocimiento
--- frase 38
  [433]  166.13  166.57  0.98  evidentemente
  [434]  166.61  166.65  0.98  lo
  [435]  166.67  166.87  0.99  primero
  [436]  166.89  166.95  0.97  que
  [437]  166.97  167.17  0.77  pensé
  [438]  167.21  167.27  0.94  que
  [439]  167.29  167.41  0.90  era
  [440]  167.81  168.05  0.99  cuestión
  [441]  168.09  168.15  0.99  de
  [442]  168.17  168.45  0.82  salud
--- frase 39
  [443]  168.51  168.87  0.99  entonces
  [444]  168.91  169.05  0.81  fui
  [445]  169.15  169.35  0.94  al
  [446]  169.45  169.85  1.00  médico
--- frase 40
  [447]  169.97  170.01  0.40  me
  [448]  170.01  170.21  0.52  hice
  [449]  170.29  170.63  0.82  chequeos
  [450]  170.65  170.69  0.03  me ?
  [451]  170.69  170.83  0.27  hice ?
  [452]  170.89  171.19  0.85  pruebas
--- frase 41
  [453]  171.69  171.73  0.98  no
  [454]  171.75  171.91  0.98  había
  [455]  171.97  172.15  0.99  nada
--- frase 42
  [456]  173.69  173.84  0.99  todo
  [457]  173.88  174.14  0.99  estaba
  [458]  174.18  174.40  1.00  bien
--- frase 43
  [459]  175.22  175.46  0.99  pero
  [460]  177.28  177.38  0.96  yo
  [461]  177.96  178.34  0.99  sentía
--- frase 44
  [462]  178.44  178.52  1.00  que
  [463]  178.56  178.64  0.99  no
  [464]  178.72  178.98  1.00  podía
  [465]  179.04  179.10  1.00  que
  [466]  179.14  179.20  0.98  no
  [467]  179.24  179.54  0.99  podía
--- frase 45
  [468]  179.94  179.96  0.99  y
  [469]  180.00  180.06  1.00  de
  [470]  180.10  180.40  1.00  repente
  [471]  180.44  180.50  0.97  un
  [472]  180.52  180.68  1.00  día
  [473]  181.24  181.58  1.00  estando
  [474]  181.62  181.76  0.98  allí
--- frase 46
  [475]  182.54  182.76  0.94  algo
  [476]  182.90  183.02  0.99  una
  [477]  183.06  183.18  0.99  voz
  [478]  183.24  183.30  1.00  me
  [479]  183.32  183.60  1.00  dijo
--- frase 47
  [480]  184.48  184.60  0.98  este
  [481]  184.64  184.68  0.95  no
  [482]  184.70  184.74  0.60  es
  [483]  184.76  184.80  0.85  tu
  [484]  184.84  185.06  0.97  lugar
  [485]  185.22  185.36  0.99  aquí
  [486]  185.40  185.46  0.67  ya
  [487]  185.48  185.54  0.93  no
  [488]  185.56  185.72  0.99  más
--- frase 48
  [489]  188.00  188.03  0.81  y
  [490]  188.10  188.49  0.80  recuerdo
  [491]  188.56  188.66  0.91  que
  [492]  188.91  189.07  0.98  fue
  [493]  189.25  189.47  0.95  algo
  [494]  189.65  189.85  0.99  tan
  [495]  189.93  190.41  0.98  verdad
--- frase 49
  [496]  190.53  190.61  0.99  que
  [497]  190.67  190.97  1.00  sentí
  [498]  191.03  191.19  0.99  tan
  [499]  191.23  191.73  1.00  profundo
--- frase 50
  [500]  191.73  194.21  0.14  Segundo ?
  [501]  194.21  194.29  0.51  que
  [502]  194.41  194.47  0.97  le
  [503]  194.49  194.65  0.96  hice
  [504]  194.71  194.97  1.00  caso
  [505]  195.89  196.07  0.92  Hablé
  [506]  196.13  196.21  0.95  con
  [507]  196.25  196.31  0.99  mi
  [508]  196.37  196.71  1.00  mujer
  [509]  197.81  197.83  0.99  y
  [510]  197.87  197.93  0.99  le
  [511]  197.97  198.25  1.00  dije
  [512]  199.21  199.29  0.99  sé
  [513]  199.35  199.41  1.00  que
  [514]  199.43  199.49  0.99  no
  [515]  199.51  199.63  0.82  vas
  [516]  199.65  199.67  0.98  a
  [517]  199.71  200.11  0.97  entender
  [518]  200.15  200.39  1.00  esto
  [519]  201.27  201.29  0.92  y
  [520]  202.44  202.50  0.98  te
  [521]  202.53  202.57  0.82  va
  [522]  202.59  202.62  0.00  a ?
  [523]  202.62  202.96  0.88  explotar
  [524]  203.00  203.03  1.00  la
  [525]  203.07  203.35  1.00  cabeza
  [526]  203.40  203.53  1.00  pero
  [527]  205.42  205.50  0.99  sé
  [528]  205.58  205.68  0.99  que
  [529]  206.20  206.40  0.99  tengo
  [530]  206.44  206.50  0.99  que
  [531]  206.56  206.72  0.99  irme
  [532]  206.76  206.80  0.96  de
  [533]  206.82  206.92  0.69  ese
  [534]  206.96  207.20  1.00  lugar
  [535]  207.70  207.96  0.98  porque
  [536]  208.00  208.10  0.95  hay
  [537]  208.16  208.34  0.97  algo
  [538]  208.40  208.48  0.76  que
  [539]  210.12  210.52  0.97  espero
  [540]  210.88  210.94  0.98  que
  [541]  211.04  211.14  0.99  sé
  [542]  211.20  211.26  0.99  que
  [543]  211.28  211.52  0.97  llega
  [544]  211.68  211.70  0.92  y
  [545]  211.72  211.78  0.88  me
  [546]  211.78  211.84  0.89  ha
  [547]  211.86  212.02  1.00  dicho
  [548]  212.04  212.10  0.99  que
  [549]  212.14  212.40  0.99  espere
  [550]  212.92  213.08  0.95  Tengo
  [551]  213.10  213.16  0.46  que
  [552]  213.18  213.50  0.99  esperar
--- frase 51
  [553]  214.52  214.78  0.94  recuerdo
  [554]  214.80  214.86  0.91  la
  [555]  214.88  215.02  0.78  cara
  [556]  215.02  215.08  0.91  de
  [557]  215.08  215.14  0.99  mi
  [558]  215.18  215.46  1.00  mujer
  [559]  216.54  216.66  0.98  fue
  [560]  216.74  216.78  0.99  un
  [561]  216.84  217.18  1.00  cuadro
  [562]  217.87  218.00  0.99  pero
  [563]  218.09  218.49  1.00  realmente
  [564]  218.54  218.60  0.99  me
  [565]  218.65  218.75  1.00  vio
  [566]  218.81  219.01  1.00  mal
  [567]  219.33  219.35  0.97  y
  [568]  219.59  219.81  0.68  bueno
  [569]  219.95  220.19  0.91  pues
  [570]  221.03  221.23  0.82  también
  [571]  221.27  221.43  1.00  tuvo
--- frase 52
  [572]  221.47  221.53  1.00  su
  [573]  221.57  221.99  1.00  proceso
  [574]  222.09  222.25  0.39  ella
  [575]  222.87  222.93  0.99  le
  [576]  222.97  223.23  1.00  costó
  [577]  223.31  223.49  1.00  pero
  [578]  223.77  223.85  1.00  al
  [579]  223.91  224.19  1.00  final
  [580]  224.25  224.31  1.00  me
  [581]  224.37  224.67  1.00  apoyó
  [582]  224.77  224.93  1.00  como
  [583]  224.99  225.25  0.99  siempre
  [584]  225.29  225.49  0.92  hace
  [585]  226.43  226.45  0.94  y
  [586]  227.75  227.95  0.39  bueno
  [587]  228.05  228.25  0.58  pues
  [588]  229.15  229.47  0.66  empecé
  [589]  229.59  229.61  0.79  a
  [590]  229.77  230.07  0.95  tener
--- frase 53
  [591]  230.15  230.37  0.94  como
  [592]  231.09  231.65  0.96  comportamientos
  [593]  232.94  233.85  0.99  depresivos
  [594]  235.64  235.70  0.89  no
  [595]  235.74  235.78  0.83  me
  [596]  235.82  236.28  0.95  encontraba
  [597]  236.32  236.68  0.92  bien
  [598]  238.58  238.84  0.80  empecé
  [599]  238.88  238.90  0.84  a
  [600]  238.94  239.02  0.95  ir
  [601]  239.04  239.12  0.94  al
  [602]  239.16  239.68  0.64  psicólogo
  [603]  240.12  240.22  0.81  una
  [604]  240.28  240.82  0.96  sensación
  [605]  240.90  241.00  0.96  de
--- frase 54
  [606]  241.64  241.98  0.99  pérdida
  [607]  242.04  242.12  0.72  de
  [608]  242.38  242.86  0.97  identidad
  [609]  243.36  243.44  0.98  es
  [610]  243.50  243.70  0.98  como
  [611]  243.80  243.92  0.97  si
  [612]  244.50  244.68  0.98  quien
  [613]  244.74  244.82  0.99  yo
  [614]  244.88  245.02  1.00  era
  [615]  245.16  245.26  0.99  ya
  [616]  245.32  245.36  0.99  no
  [617]  245.44  245.54  0.99  era
  [618]  245.66  245.70  0.50  se
  [619]  245.72  245.90  0.80  había
  [620]  245.94  246.18  1.00  caído
  [621]  246.62  246.68  1.00  de
  [622]  246.74  247.02  0.99  repente
  [623]  247.06  247.28  0.80  todas
  [624]  247.32  247.54  1.00  esas
  [625]  247.60  247.99  1.00  capas
--- frase 55
  [626]  248.47  248.60  0.27  pues ?
  [627]  248.62  248.84  0.76  esos
  [628]  248.93  249.39  1.00  papeles
  [629]  249.83  250.01  0.81  todos
  [630]  250.01  250.27  0.94  los
  [631]  250.35  251.09  1.00  personajes
  [632]  251.55  251.57  0.99  y
  [633]  251.59  251.65  0.93  lo
  [634]  251.65  251.75  0.31  voy
  [635]  251.75  251.77  0.95  a
  [636]  251.79  251.99  1.00  decir
  [637]  252.01  252.19  1.00  así
  [638]  252.25  252.47  1.00  claro
  [639]  252.51  253.03  1.00  personajes
  [640]  253.11  253.19  0.92  que
  [641]  253.25  253.47  0.96  todos
  [642]  253.49  253.63  1.00  nos
  [643]  253.67  254.07  0.98  creamos
--- frase 56
  [644]  254.13  254.21  1.00  que
  [645]  254.25  254.31  1.00  yo
  [646]  254.33  254.53  0.97  también
  [647]  254.57  254.61  1.00  me
  [648]  254.65  254.87  0.98  cree
  [649]  255.29  255.37  1.00  en
  [650]  255.41  255.49  1.00  la
  [651]  255.53  255.73  1.00  vida
  [652]  256.07  256.19  0.99  para
  [653]  256.21  256.29  0.97  las
  [654]  256.31  256.75  1.00  diferentes
  [655]  256.81  257.29  0.99  situaciones
  [656]  257.53  257.59  1.00  se
  [657]  257.61  257.67  1.00  me
  [658]  257.71  257.87  0.98  cayó
  [659]  257.95  258.13  1.00  todo
  [660]  258.27  258.31  0.97  de
  [661]  258.35  258.41  0.98  un
--- frase 57
  [662]  258.43  258.85  0.93  plumazo
  [663]  259.55  259.59  1.00  me
  [664]  259.65  259.89  1.00  sentí
  [665]  259.95  260.31  0.99  vacío
  [666]  261.11  261.19  1.00  no
  [667]  261.25  261.31  1.00  me
  [668]  261.39  261.93  0.91  reconocía
  [669]  261.95  261.97  0.98  a
  [670]  262.03  262.11  0.99  mí
  [671]  262.19  262.55  1.00  mismo
  [672]  263.51  263.54  1.00  y
  [673]  263.62  263.68  0.99  no
  [674]  263.75  264.06  0.98  sabía
  [675]  264.14  264.32  0.96  quién
  [676]  264.38  264.50  0.96  era
  [677]  265.94  265.96  0.98  y
  [678]  266.02  266.08  0.99  en
  [679]  266.10  266.24  1.00  ese
  [680]  266.30  266.80  1.00  proceso
  [681]  267.02  267.36  1.00  empecé
  [682]  267.44  267.46  0.98  a
  [683]  267.52  267.60  1.00  ir
--- frase 58
  [684]  267.62  267.70  1.00  al
  [685]  267.72  268.18  0.83  psicólogo
  [686]  268.74  268.82  0.97  que
  [687]  268.86  268.96  0.96  por
  [688]  269.02  269.34  0.97  cierto
  [689]  270.00  270.06  0.54  es
  [690]  270.12  270.20  0.39  una
  [691]  270.22  270.42  0.86  ayuda
  [692]  270.48  271.06  0.93  maravillosa
  [693]  271.28  271.30  0.88  y
  [694]  271.64  271.70  0.92  lo
  [695]  271.76  272.00  0.53  recuerdo
  [696]  272.22  272.46  0.91  mucho
  [697]  272.50  272.84  0.79  cariño
  [698]  274.90  275.00  0.93  él
  [699]  275.04  275.10  0.98  me
--- frase 59
  [700]  275.16  275.54  0.99  enseñó
  [701]  275.64  275.66  0.97  a
  [702]  275.70  276.14  0.99  meditar
  [703]  276.26  276.46  0.96  porque
  [704]  276.50  276.56  0.93  él
  [705]  276.58  276.66  0.99  me
  [706]  276.70  276.98  1.00  decía
  [707]  277.08  277.16  0.99  que
  [708]  277.22  277.30  0.99  no
  [709]  277.36  277.58  0.97  veía
  [710]  277.64  277.82  0.99  nada
  [711]  277.87  277.90  0.95  en
  [712]  277.94  278.02  0.96  mí
  [713]  278.19  278.25  0.98  que
  [714]  278.26  278.32  0.92  no
  [715]  278.32  278.50  0.79  había
  [716]  278.56  278.75  0.10  ningún ?
  [717]  279.49  279.85  0.94  problema
  [718]  280.05  280.11  0.87  que
--- frase 60
  [719]  280.21  280.61  0.98  solamente
  [720]  280.67  280.71  0.81  un
  [721]  280.75  280.95  0.84  poco
  [722]  280.99  281.07  0.95  de
  [723]  281.09  281.47  0.77  estrés
  [724]  281.53  281.71  0.85  pero
  [725]  282.81  282.99  0.48  nada
  [726]  283.01  283.19  0.61  fuera
  [727]  283.19  283.23  0.01  de ?
  [728]  283.23  283.27  0.97  lo
  [729]  283.33  283.61  1.00  normal
  [730]  284.01  284.11  0.99  pero
  [731]  284.15  284.21  0.99  yo
  [732]  284.23  284.29  0.99  le
  [733]  284.33  284.65  0.99  decía
  [734]  285.45  285.53  0.95  es
  [735]  285.55  285.61  0.96  que
  [736]  285.67  286.05  0.99  fantaseo
  [737]  286.11  286.37  1.00  mucho
--- frase 61
  [738]  286.61  286.83  1.00  porque
  [739]  286.87  287.07  0.88  oigo
  [740]  287.29  287.71  1.00  voces
  [741]  287.77  287.85  1.00  me
  [742]  287.89  288.25  0.99  cuentan
  [743]  288.33  288.75  1.00  cosas
  [744]  290.81  290.95  0.78  veo
  [745]  290.95  290.97  0.10  a ?
  [746]  290.99  291.07  0.99  una
  [747]  291.11  291.47  1.00  persona
  [748]  291.51  291.53  0.97  y
  [749]  291.57  291.63  1.00  me
  [750]  291.67  291.89  1.00  hablan
  [751]  291.93  291.99  0.84  de
  [752]  292.01  292.13  0.99  esa
  [753]  292.19  292.63  1.00  persona
  [754]  293.12  293.21  0.99  sé
  [755]  293.27  293.33  0.99  lo
  [756]  293.38  293.45  1.00  que
--- frase 62
  [757]  293.48  293.56  0.33  que
  [758]  293.56  293.62  0.00  le ?
  [759]  293.63  293.92  0.99  pasa
  [760]  294.40  294.42  0.08  o ?
  [761]  294.44  294.54  0.54  sea
  [762]  294.60  294.68  0.74  es
  [763]  294.72  294.88  0.98  como
  [764]  294.92  295.14  1.00  mucha
  [765]  295.18  295.72  1.00  información
  [766]  295.82  296.14  1.00  tanta
  [767]  296.60  296.70  0.92  que
  [768]  297.02  297.10  0.98  yo
  [769]  297.16  297.32  0.98  creo
  [770]  297.32  297.40  0.87  que
  [771]  298.12  298.26  0.99  algo
  [772]  298.30  298.34  0.81  en
  [773]  298.36  298.44  0.98  mí
  [774]  298.48  298.56  0.97  no
  [775]  298.58  298.72  0.94  está
  [776]  298.76  298.94  0.99  bien
  [777]  299.06  299.22  0.96  creo
  [778]  299.24  299.30  0.98  que
--- frase 63
  [779]  299.32  299.38  0.64  me
  [780]  299.40  299.56  0.99  estoy
  [781]  299.58  299.88  0.95  volviendo
  [782]  299.92  300.12  1.00  loco
  [783]  300.54  300.56  0.99  y
  [784]  301.36  301.52  0.99  algo
  [785]  301.56  301.60  0.93  en
  [786]  301.62  301.68  0.98  mí
  [787]  301.72  301.78  0.98  no
  [788]  301.80  301.92  0.83  está
  [789]  301.96  302.12  0.94  bien
  [790]  302.94  303.32  0.85  fijaros
  [791]  305.14  305.34  0.96  nada
  [792]  305.38  305.60  0.97  pues
  [793]  306.38  306.52  0.99  eso
  [794]  306.56  306.92  0.87  continúa
  [795]  306.98  307.18  1.00  así
  [796]  307.93  308.12  0.98  ese
  [797]  308.23  308.40  0.93  año
  [798]  309.45  309.65  0.95  año
  [799]  310.05  310.13  0.89  un
--- frase 64
  [800]  310.19  310.35  0.86  año
  [801]  310.65  310.73  0.94  un
  [802]  310.75  310.89  0.94  año
  [803]  310.93  311.07  0.99  con
  [804]  311.15  311.31  0.99  sus
  [805]  311.37  311.73  1.00  meses
  [806]  312.27  312.53  0.98  estuve
  [807]  312.57  312.61  0.99  en
  [808]  312.67  312.95  1.00  casa
  [809]  313.83  314.47  1.00  meditando
  [810]  314.61  314.77  1.00  día
  [811]  314.81  314.83  0.97  y
  [812]  314.89  315.19  0.98  noche
  [813]  315.37  315.39  0.99  y
  [814]  315.47  315.73  0.97  recuerdo
  [815]  315.73  315.81  0.99  que
  [816]  315.83  316.05  1.00  siempre
  [817]  316.07  316.25  0.99  estaba
  [818]  316.27  316.33  0.89  en
  [819]  316.35  316.43  0.99  el
--- frase 65
  [820]  316.47  316.81  1.00  jardín
  [821]  316.95  317.17  0.94  fuera
  [822]  317.79  317.89  0.98  por
  [823]  317.91  317.97  0.99  la
  [824]  317.99  318.31  0.98  mañana
  [825]  319.47  319.67  0.98  todo
  [826]  319.73  319.79  0.98  el
  [827]  319.81  319.99  1.00  día
  [828]  320.27  320.29  0.99  y
  [829]  320.33  320.43  0.99  por
  [830]  320.45  320.51  0.99  la
  [831]  320.55  320.77  1.00  noche
  [832]  320.85  320.99  1.00  sólo
  [833]  321.03  321.27  0.98  entraba
  [834]  321.29  321.35  0.89  en
  [835]  321.37  321.43  1.00  mi
  [836]  321.49  321.77  1.00  casa
  [837]  321.85  322.01  0.92  pues
  [838]  322.07  322.09  0.97  a
  [839]  322.19  322.59  0.95  comer
--- frase 66
  [840]  323.38  323.42  0.06  un ?
  [841]  323.48  323.71  0.99  poco
  [842]  323.81  323.83  0.42  y
  [843]  323.89  324.00  0.34  ya
  [844]  324.00  324.18  0.74  está
  [845]  324.64  324.72  1.00  No
  [846]  324.76  324.96  1.00  quería
  [847]  325.00  325.06  1.00  que
  [848]  325.08  325.24  1.00  nadie
  [849]  325.24  325.30  0.96  me
  [850]  325.32  325.96  0.97  interrumpiese
  [851]  326.06  326.12  0.90  no
  [852]  326.16  326.34  1.00  quería
  [853]  326.38  326.44  1.00  que
  [854]  326.46  326.64  1.00  nadie
  [855]  326.68  326.72  0.99  me
  [856]  326.74  327.12  0.99  llamase
--- frase 67
  [857]  327.18  327.22  1.00  no
  [858]  327.26  327.44  0.98  quería
  [859]  327.48  327.54  1.00  que
  [860]  327.58  327.74  1.00  nadie
  [861]  327.80  327.88  0.88  me
  [862]  327.92  328.50  0.79  hablase
  [863]  329.18  329.36  0.99  porque
  [864]  329.40  329.46  0.99  yo
  [865]  329.50  330.02  0.87  esperaba
  [866]  330.06  330.28  0.98  algo
  [867]  330.34  330.46  0.99  era
  [868]  330.52  330.70  0.99  como
  [869]  330.76  331.28  0.84  esperar
  [870]  331.50  331.56  0.99  la
  [871]  331.62  332.06  1.00  sensación
--- frase 68
  [872]  332.12  332.24  0.98  era
  [873]  332.50  332.92  1.00  espera
  [874]  333.50  333.52  0.77  y
  [875]  333.56  333.62  1.00  yo
  [876]  333.64  334.02  0.97  esperaba
  [877]  334.36  334.38  0.99  y
  [878]  334.44  334.94  0.99  esperaba
  [879]  335.00  335.02  0.98  y
  [880]  335.06  335.56  0.99  esperaba
  [881]  335.60  335.62  0.98  y
  [882]  335.68  336.02  0.99  esperaba
  [883]  336.24  336.26  0.99  y
  [884]  336.34  336.40  1.00  no
  [885]  336.42  336.74  0.96  llegaba
  [886]  336.80  336.98  0.89  nada
  [887]  337.88  338.05  0.93  Hubo
  [888]  338.08  338.14  0.99  un
  [889]  338.17  338.61  1.00  momento
--- frase 69
  [890]  339.43  339.49  0.99  que
  [891]  339.53  339.71  0.99  tengo
  [892]  339.75  339.81  1.00  que
  [893]  339.85  340.33  1.00  confesar
  [894]  340.89  340.95  0.99  en
  [895]  340.99  341.07  0.99  el
  [896]  341.09  341.17  0.94  que
  [897]  341.25  341.63  1.00  realmente
  [898]  341.67  341.97  0.98  pensé
  [899]  342.13  342.19  1.00  que
  [900]  342.21  342.39  0.99  había
  [901]  342.45  342.81  1.00  perdido
  [902]  342.85  342.91  1.00  la
  [903]  342.95  343.29  1.00  cabeza
  [904]  344.03  344.61  1.00  sinceramente
--- frase 70
  [905]  345.17  345.25  1.00  Mi
  [906]  345.29  345.55  1.00  mujer
  [907]  345.59  345.85  0.93  también
  [908]  345.87  345.95  1.00  lo
  [909]  345.99  346.25  0.99  creyó
  [910]  346.77  346.93  0.92  aunque
  [911]  346.95  346.99  0.69  no
  [912]  347.03  347.07  0.95  me
  [913]  347.09  347.13  0.99  lo
  [914]  347.17  347.33  1.00  dijo
  [915]  347.35  347.39  0.82  en
  [916]  347.41  347.47  0.99  el
  [917]  347.49  347.83  1.00  momento
  [918]  347.93  347.97  0.99  lo
  [919]  347.99  348.27  0.96  hablamos
  [920]  348.31  348.67  1.00  después
--- frase 71
  [921]  350.11  350.27  0.97  pero
  [922]  350.99  351.15  0.94  algo
  [923]  351.19  351.37  0.96  había
  [924]  351.41  351.79  0.90  pasado
  [925]  352.79  353.15  0.76  extraño
  [926]  353.65  353.74  1.00  no
  [927]  353.81  354.06  1.00  sabía
  [928]  354.10  354.70  0.98  explicarlo
  [929]  355.44  355.58  1.00  pero
  [930]  355.62  355.68  1.00  yo
  [931]  355.78  356.30  1.00  sentía
  [932]  357.00  357.08  1.00  que
  [933]  357.12  357.16  1.00  me
  [934]  357.20  357.34  1.00  había
  [935]  357.38  357.80  0.88  vaciado
  [936]  358.08  358.10  1.00  y
  [937]  358.16  358.24  1.00  que
  [938]  358.26  358.32  1.00  me
  [939]  358.36  358.56  0.96  tenía
  [940]  358.60  358.68  1.00  que
  [941]  358.68  358.96  1.00  llenar
  [942]  359.02  359.08  1.00  de
  [943]  359.12  359.50  0.97  verdad
  [944]  359.80  359.90  0.32  era
  [945]  360.00  360.12  0.57  una
  [946]  360.18  360.70  0.86  sensación
  [947]  362.70  363.12  0.80  horrible
  [948]  363.30  363.50  0.92  pero
  [949]  363.98  364.00  0.91  a
  [950]  364.04  364.10  0.96  la
  [951]  364.12  364.24  0.98  vez
  [952]  364.30  364.36  0.98  no
  [953]  364.42  364.64  0.99  podía
  [954]  364.68  364.92  1.00  dejar
  [955]  364.94  365.00  0.99  de
  [956]  365.04  365.34  0.96  pensar
  [957]  365.36  365.42  0.99  en
  [958]  365.46  365.62  0.87  eso
  [959]  366.16  366.24  0.95  en
  [960]  366.26  366.40  0.99  ese
  [961]  366.46  366.74  0.99  tiempo
  [962]  367.22  367.46  0.99  empecé
  [963]  367.50  367.54  0.87  a
  [964]  367.56  367.74  0.99  tener
  [965]  367.82  367.88  0.99  la
  [966]  367.94  368.55  0.89  necesidad
  [967]  370.63  370.75  0.97  de
  [968]  372.35  372.55  0.93  ver
  [969]  372.67  373.19  0.98  mediums
  [970]  373.31  373.65  0.99  cosas
  [971]  373.75  373.83  0.95  de
  [972]  373.87  374.41  0.97  mediums
  [973]  375.49  376.23  0.99  películas
  [974]  376.59  377.25  0.97  documentales
--- frase 72
  [975]  377.51  377.61  0.99  Me
  [976]  377.69  377.99  1.00  pasaba
  [977]  378.11  378.27  1.00  toda
  [978]  378.31  378.37  1.00  la
  [979]  378.41  378.81  1.00  madrugada
  [980]  379.11  379.41  0.99  viendo
  [981]  379.55  379.73  0.98  hasta
  [982]  379.75  379.85  0.99  por
  [983]  379.87  379.93  0.99  la
  [984]  379.95  380.23  0.99  mañana
  [985]  380.95  381.37  0.94  buscando
  [986]  381.41  382.07  0.91  información
  [987]  382.11  382.57  0.82  buscando
  [988]  382.63  383.04  0.81  buscando
  [989]  383.10  383.48  0.79  buscando
  [990]  383.51  383.80  0.65  buscando
--- frase 73
  [991]  383.89  383.95  0.65  No
  [992]  384.00  384.06  0.68  sé
  [993]  384.10  384.19  0.63  por
  [994]  384.24  384.33  0.15  qué ?
  [995]  384.98  385.12  0.76  pero
  [996]  385.52  385.82  0.98  buscando
  [997]  385.84  385.90  0.97  Yo
  [998]  385.94  385.98  0.97  no
  [999]  386.04  386.30  0.96  sabía
  [1000]  386.42  386.50  0.90  que
  [1001]  386.52  386.98  0.84  existía
  [1002]  387.02  387.18  0.96  todo
  [1003]  387.22  387.36  0.94  este
  [1004]  387.40  387.64  0.89  mundo
--- frase 74
  [1005]  388.10  388.28  0.49  Yo
  [1006]  388.38  388.60  0.97  tenía
  [1007]  388.66  388.88  0.97  varios
  [1008]  388.92  389.52  0.97  referentes
  [1009]  390.64  390.78  0.92  más
  [1010]  390.84  391.42  0.97  clásicos
  [1011]  391.60  391.62  0.96  y
  [1012]  391.78  391.86  0.97  me
  [1013]  392.00  392.44  0.99  dedicaba
  [1014]  392.48  392.50  0.13  a ?
  [1015]  392.52  392.90  0.99  buscar
  [1016]  393.20  393.64  0.95  información
  [1017]  393.68  393.84  0.95  sobre
  [1018]  393.88  394.08  0.99  ellos
--- frase 75
  [1019]  394.90  394.96  0.99  Me
  [1020]  395.00  395.24  1.00  pasaba
  [1021]  395.28  395.44  1.00  toda
  [1022]  395.48  395.54  1.00  la
  [1023]  395.58  395.92  0.97  noche
  [1024]  396.42  396.58  0.99  todo
  [1025]  396.62  396.68  0.98  el
  [1026]  396.74  396.90  0.99  día
  [1027]  397.02  397.04  0.97  y
  [1028]  397.10  397.28  0.59  luego
  [1029]  397.32  397.36  0.66  el
  [1030]  397.46  397.76  1.00  resto
  [1031]  398.26  398.88  1.00  meditando
  [1032]  399.17  399.44  1.00  mirando
  [1033]  399.49  399.55  0.98  al
  [1034]  399.61  399.91  1.00  cielo
  [1035]  401.15  401.71  0.99  esperando
  [1036]  401.75  401.81  0.97  el
  [1037]  401.85  402.33  1.00  mensaje
  [1038]  402.37  402.77  1.00  esperando
  [1039]  402.83  403.03  0.99  algo
--- frase 76
  [1040]  403.79  403.85  0.98  un
  [1041]  403.91  404.03  0.99  año
  [1042]  404.09  404.41  0.97  entero
  [1043]  405.11  405.31  0.59  lloré
  [1044]  405.37  405.93  0.97  muchísimo
  [1045]  406.39  406.63  0.58  lloré
  [1046]  406.71  407.05  0.98  mucho
  [1047]  408.21  408.43  0.96  porque
  [1048]  408.47  408.53  0.98  yo
  [1049]  408.57  408.95  0.99  pensaba
  [1050]  409.01  409.09  0.97  que
  [1051]  409.17  409.37  0.91  todo
  [1052]  409.65  409.89  0.27  había ?
  [1053]  411.25  411.31  0.96  se
  [1054]  411.33  411.51  0.99  había
  [1055]  411.59  411.97  0.95  acabado
  [1056]  412.01  412.09  0.87  no
  [1057]  412.97  413.13  1.00  había
--- frase 77
  [1058]  413.18  413.48  1.00  perdido
  [1059]  413.51  413.57  1.00  la
  [1060]  413.62  414.00  1.00  cabeza
  [1061]  414.27  414.30  0.96  y
  [1062]  414.88  415.14  0.99  pensé
  [1063]  415.18  415.74  0.90  que
  [1064]  415.74  415.80  0.91  de
  [1065]  415.82  416.02  0.79  verdad
  [1066]  416.06  416.14  0.99  que
  [1067]  416.18  416.24  0.97  no
  [1068]  416.34  416.46  0.79  iba
  [1069]  416.48  416.50  0.01  a ?
  [1070]  416.50  416.74  0.91  volver
  [1071]  416.78  416.80  0.97  a
  [1072]  416.88  417.54  0.84  recuperarlo
  [1073]  418.70  418.72  0.43  y
  [1074]  419.52  419.66  0.31  fue
  [1075]  419.98  420.14  0.45  muy
  [1076]  421.00  421.12  0.85  muy
  [1077]  421.18  421.40  0.99  duro
--- frase 78
  [1078]  421.46  421.62  0.99  para
  [1079]  421.68  421.76  0.95  mí
  [1080]  422.30  422.46  0.89  ese
  [1081]  422.54  422.70  0.98  año
  [1082]  422.80  422.86  0.98  en
  [1083]  422.90  423.10  0.69  este
  [1084]  423.32  423.66  0.95  tiempo
  [1085]  424.48  424.54  0.87  en
  [1086]  424.58  424.72  0.92  ese
  [1087]  424.80  424.98  0.95  año
  [1088]  425.94  426.24  0.99  llegué
  [1089]  426.56  426.64  0.99  un
  [1090]  426.68  427.08  1.00  momento
  [1091]  427.50  427.58  0.99  en
  [1092]  427.62  427.70  0.99  el
  [1093]  427.76  427.86  0.99  que
  [1094]  427.96  428.35  0.95  recuerdo
  [1095]  428.38  428.55  0.98  aquel
  [1096]  428.58  428.75  0.99  día
  [1097]  430.07  430.15  0.98  que
  [1098]  430.27  430.59  0.97  sentí
--- frase 79
  [1099]  430.65  430.75  0.96  que
  [1100]  430.91  430.97  0.79  me
  [1101]  431.07  431.29  0.73  rendí
  [1102]  432.03  432.09  0.96  me
  [1103]  432.17  432.39  0.98  rendí
  [1104]  432.93  433.17  0.99  solté
  [1105]  433.25  433.45  0.99  todo
  [1106]  434.51  434.53  0.93  y
  [1107]  434.55  434.77  0.98  además
  [1108]  434.81  435.05  0.99  dije
  [1109]  435.43  435.49  0.99  me
  [1110]  435.57  435.81  0.94  rindo
  [1111]  436.85  437.01  0.82  hasta
  [1112]  437.03  437.13  0.56  aquí
  [1113]  437.13  437.17  0.49  ha
  [1114]  437.17  437.49  0.99  llegado
  [1115]  437.73  437.81  1.00  no
  [1116]  437.89  438.11  0.99  puedo
  [1117]  438.15  438.37  1.00  más
  [1118]  439.63  439.69  0.99  me
--- frase 80
  [1119]  439.73  439.99  1.00  sentí
  [1120]  440.67  441.19  0.96  derrotado
  [1121]  441.43  441.51  0.93  me
  [1122]  441.57  441.89  0.82  tumbé
  [1123]  442.65  442.73  0.82  por
  [1124]  442.75  442.81  0.85  lo
  [1125]  442.81  442.87  0.96  que
  [1126]  442.91  442.95  0.96  me
  [1127]  442.99  443.27  0.97  tumbé
  [1128]  444.60  444.68  0.74  me
  [1129]  444.74  444.96  1.00  tapé
  [1130]  445.16  445.22  0.99  la
  [1131]  445.28  445.68  1.00  cabeza
  [1132]  445.86  445.88  0.99  y
  [1133]  446.28  446.46  0.74  solo
  [1134]  446.50  446.70  1.00  quería
  [1135]  446.74  446.82  1.00  que
  [1136]  446.84  447.18  1.00  pasase
  [1137]  447.20  447.24  0.31  el
--- frase 81
  [1138]  447.30  447.70  0.89  tiempo
  [1139]  447.92  448.20  0.98  llegué
  [1140]  449.36  449.38  0.98  a
  [1141]  449.44  449.82  0.99  soltar
  [1142]  449.86  449.88  0.97  a
  [1143]  449.94  450.24  0.95  rendirme
  [1144]  450.28  450.76  0.96  completamente
  [1145]  452.18  452.24  0.47  en
  [1146]  452.26  452.46  0.99  esos
  [1147]  452.50  452.82  0.99  días
  [1148]  453.22  453.38  1.00  tuve
  [1149]  453.42  453.50  0.99  un
  [1150]  453.58  453.82  1.00  sueño
  [1151]  453.88  453.96  0.36  muy
  [1152]  453.98  454.42  0.99  revelador
  [1153]  455.18  455.24  0.96  en
  [1154]  455.28  455.36  0.96  el
--- frase 82
  [1155]  455.42  455.52  0.98  que
  [1156]  455.78  456.22  0.99  apareció
  [1157]  457.80  457.86  0.05  mi ?
  [1158]  457.90  458.18  0.83  abuela
  [1159]  458.46  458.56  0.91  que
  [1160]  459.29  459.49  0.98  está
  [1161]  459.58  459.64  0.95  en
  [1162]  459.64  459.70  0.27  el ?
  [1163]  459.75  459.91  0.99  otro
  [1164]  459.95  460.17  1.00  plano
  [1165]  461.29  461.31  0.96  y
  [1166]  461.37  461.49  0.98  vino
  [1167]  461.49  461.51  0.12  a ?
  [1168]  461.51  461.71  0.93  hablar
  [1169]  461.75  462.09  0.99  conmigo
--- frase 83
  [1170]  462.59  462.67  0.61  Vino
  [1171]  462.67  462.69  0.64  a
  [1172]  462.69  462.83  0.59  hablar
  [1173]  462.87  463.21  0.99  conmigo
  [1174]  463.33  463.41  0.99  le
  [1175]  463.45  463.77  0.95  conté
  [1176]  464.19  464.27  0.99  lo
  [1177]  464.31  464.37  0.99  que
  [1178]  464.39  464.47  0.99  me
  [1179]  464.53  464.97  0.99  pasaba
  [1180]  465.07  465.09  0.73  o
  [1181]  465.15  465.29  0.99  cómo
  [1182]  465.33  465.39  0.99  me
  [1183]  465.45  465.83  1.00  sentía
  [1184]  466.01  466.03  1.00  y
  [1185]  466.07  466.13  1.00  me
  [1186]  466.17  466.37  1.00  dijo
  [1187]  466.49  466.57  1.00  que
  [1188]  466.61  466.65  1.00  no
  [1189]  466.69  466.75  1.00  me
  [1190]  466.79  467.25  0.97  preocupase
  [1191]  467.27  467.35  0.99  que
  [1192]  467.37  467.41  0.98  me
  [1193]  467.47  467.57  0.95  iba
  [1194]  467.59  467.61  0.11  a ?
  [1195]  467.63  467.91  0.99  ayudar
--- frase 84
  [1196]  468.51  468.59  0.01  Fue ?
  [1197]  468.61  468.65  0.52  un
  [1198]  468.71  468.95  1.00  sueño
  [1199]  469.09  469.25  0.99  tan
  [1200]  469.37  469.63  0.99  real
  [1201]  469.89  470.03  0.99  tan
  [1202]  470.11  470.39  1.00  real
  [1203]  470.53  470.61  0.93  que
  [1204]  470.67  470.89  1.00  creo
  [1205]  470.95  471.01  0.99  que
  [1206]  471.07  471.15  0.99  es
  [1207]  471.27  471.41  1.00  más
  [1208]  471.51  471.77  1.00  real
  [1209]  471.91  471.99  0.93  que
  [1210]  472.07  472.15  0.99  lo
  [1211]  472.21  472.29  0.99  que
  [1212]  472.35  472.55  0.98  veo
  [1213]  472.69  472.71  0.00  y ?
  [1214]  472.79  473.05  1.00  toco
  [1215]  473.94  473.95  0.92  a
  [1216]  474.01  474.27  0.99  diario
--- frase 85
  [1217]  475.14  475.28  0.93  Para
  [1218]  475.30  475.36  0.97  mí
  [1219]  475.44  475.58  0.97  ese
  [1220]  475.64  475.88  0.89  sueño
  [1221]  477.26  477.32  0.96  es
  [1222]  477.36  477.44  0.85  muy
  [1223]  477.44  477.88  0.97  importante
  [1224]  477.92  478.12  0.95  porque
  [1225]  478.16  478.18  0.99  a
  [1226]  478.22  478.56  0.99  partir
  [1227]  478.60  478.68  0.97  de
  [1228]  478.72  478.86  0.68  ahí
  [1229]  479.32  479.42  0.99  me
  [1230]  479.52  479.94  0.97  cambió
  [1231]  480.20  480.28  0.99  la
  [1232]  480.34  480.54  0.99  vida
  [1233]  480.78  481.20  1.00  literal
--- frase 86
  [1234]  481.82  482.10  0.96  empecé
  [1235]  482.16  482.18  1.00  a
  [1236]  482.20  482.42  1.00  tener
  [1237]  482.50  483.48  1.00  sensaciones
  [1238]  484.52  484.60  1.00  de
  [1239]  484.66  485.20  1.00  conexión
  [1240]  485.24  485.30  0.99  de
  [1241]  485.36  485.94  1.00  compañía
  [1242]  486.02  486.08  0.99  de
  [1243]  486.14  486.40  1.00  amor
  [1244]  486.44  486.52  1.00  de
  [1245]  486.56  486.98  1.00  cariño
  [1246]  488.00  488.75  1.00  mariposas
  [1247]  488.82  489.29  0.88  plumas
--- frase 87
  [1248]  489.83  490.17  0.87  recuerdo
  [1249]  490.21  490.27  0.97  que
  [1250]  490.29  490.45  0.99  eran
  [1251]  490.67  490.81  1.00  las
  [1252]  490.85  491.27  1.00  señales
  [1253]  491.49  491.89  1.00  empezaron
  [1254]  491.93  491.95  1.00  a
  [1255]  491.99  492.13  0.97  ser
  [1256]  492.23  492.39  1.00  tan
  [1257]  492.51  492.87  0.96  fuertes
  [1258]  492.91  493.05  0.51  sin
  [1259]  493.07  493.15  0.99  yo
  [1260]  493.19  493.41  1.00  saber
  [1261]  493.45  493.49  1.00  lo
  [1262]  493.53  493.59  1.00  que
  [1263]  493.63  494.11  0.87  significaba
  [1264]  494.15  494.29  0.99  todo
  [1265]  494.35  494.51  0.84  esto
--- frase 88
  [1266]  495.29  495.41  0.99  que
  [1267]  496.51  496.85  1.00  salía
  [1268]  496.89  497.27  0.80  afuera
  [1269]  497.69  497.71  0.99  a
  [1270]  497.75  497.83  0.99  la
  [1271]  497.89  498.17  1.00  puerta
  [1272]  498.19  498.25  0.97  de
  [1273]  498.29  498.37  0.61  mi
  [1274]  498.45  498.73  1.00  casa
  [1275]  499.23  499.25  0.99  y
  [1276]  499.29  499.39  1.00  las
  [1277]  499.43  499.87  0.99  mariposas
  [1278]  499.91  499.99  0.99  se
  [1279]  500.03  500.11  1.00  me
  [1280]  500.19  500.75  0.97  posaban
  [1281]  500.79  500.91  0.96  era
  [1282]  500.95  501.09  1.00  como
  [1283]  501.11  501.17  0.98  si
  [1284]  501.21  501.25  0.97  me
  [1285]  501.27  501.63  0.97  estuviesen
--- frase 89
  [1286]  501.67  502.27  1.00  esperando
  [1287]  503.48  503.57  0.92  en
  [1288]  503.60  503.74  1.00  ese
  [1289]  503.77  503.92  1.00  año
  [1290]  504.00  504.27  0.99  apenas
  [1291]  504.33  504.54  0.80  salía
  [1292]  504.56  504.60  0.88  a
  [1293]  504.62  504.68  0.97  la
  [1294]  504.75  505.02  1.00  calle
  [1295]  505.48  505.50  0.00  y ?
  [1296]  505.52  505.64  0.64  con
  [1297]  505.66  505.74  1.00  un
  [1298]  505.78  506.00  1.00  lugar
  [1299]  506.04  506.14  0.99  con
  [1300]  506.16  506.34  0.99  mucho
  [1301]  506.38  506.66  1.00  jardín
  [1302]  506.84  506.86  0.96  y
  [1303]  507.00  507.26  0.82  pasé
  [1304]  507.40  507.72  1.00  mucho
  [1305]  507.80  508.14  1.00  tiempo
  [1306]  508.18  508.30  0.48  aquí
--- frase 90
  [1307]  508.32  508.34  0.23  y ?
  [1308]  508.38  508.54  0.98  ese
  [1309]  508.58  508.72  0.95  año
  [1310]  508.80  508.92  0.98  fue
  [1311]  509.58  509.72  0.98  muy
  [1312]  509.74  509.96  0.99  duro
  [1313]  510.56  510.76  0.89  pero
  [1314]  511.58  511.80  1.00  empezó
  [1315]  511.82  511.86  0.73  a
  [1316]  511.86  512.16  1.00  cambiar
  [1317]  512.24  512.44  0.98  todo
  [1318]  513.38  513.46  0.96  En
  [1319]  513.68  513.94  0.99  esos
  [1320]  513.98  514.22  0.95  días
  [1321]  514.28  514.66  0.98  también
  [1322]  515.22  515.66  1.00  descubrí
  [1323]  515.72  515.74  0.99  a
  [1324]  515.86  516.14  1.00  Raúl
  [1325]  516.86  517.00  0.55  por
  [1326]  517.02  517.48  0.85  Instagram
--- frase 91
  [1327]  517.74  517.90  0.23  Raúl ?
  [1328]  517.92  518.22  0.79  Vaquero
  [1329]  518.78  518.85  0.96  que
  [1330]  518.87  518.97  0.76  hoy
  [1331]  518.99  519.11  0.66  en
  [1332]  519.12  519.28  0.97  día
  [1333]  519.38  519.47  0.78  es
  [1334]  519.54  519.59  0.93  mi
  [1335]  519.64  519.90  0.98  amigo
  [1336]  521.83  521.85  0.66  y
  [1337]  521.91  522.37  0.99  maestro
  [1338]  524.05  524.07  0.97  y
  [1339]  524.67  524.89  0.89  bueno
  [1340]  524.97  525.13  0.61  pues
  [1341]  525.17  525.31  0.96  fui
  [1342]  525.35  525.37  0.99  a
  [1343]  525.43  525.97  0.97  conocerlo
  [1344]  526.05  526.17  0.73  fui
  [1345]  526.19  526.21  0.97  a
  [1346]  526.25  526.31  0.99  que
  [1347]  526.35  526.41  0.93  me
  [1348]  526.51  526.99  0.81  filmase
  [1349]  527.05  527.11  0.91  un
  [1350]  527.19  527.47  0.73  libro
--- frase 92
  [1351]  528.41  528.49  0.90  que
  [1352]  528.55  528.65  0.90  por
  [1353]  528.67  529.09  0.84  casualidades
  [1354]  529.11  529.15  0.99  de
  [1355]  529.19  529.23  0.99  la
  [1356]  529.27  529.41  1.00  vida
  [1357]  529.47  529.51  1.00  me
  [1358]  529.57  529.99  1.00  regalaron
  [1359]  530.77  530.87  1.00  una
  [1360]  530.91  531.19  1.00  persona
  [1361]  531.23  531.29  1.00  que
  [1362]  531.31  531.49  0.99  nunca
  [1363]  531.53  531.57  0.89  me
  [1364]  531.57  531.61  0.08  ha ?
  [1365]  531.63  531.87  0.73  regalado
  [1366]  531.89  531.95  0.87  un
  [1367]  531.97  532.13  1.00  libro
  [1368]  532.19  532.37  1.00  solo
  [1369]  532.43  532.55  0.67  esa
  [1370]  532.59  532.77  0.67  vez
  [1371]  532.87  532.91  0.99  en
  [1372]  532.93  532.99  0.99  la
  [1373]  533.03  533.19  0.99  vida
--- frase 93
  [1374]  533.23  533.25  0.95  y
  [1375]  533.27  533.33  0.98  no
  [1376]  533.33  533.55  0.77  entiendo
  [1377]  533.60  533.70  0.97  por
  [1378]  533.72  533.79  0.97  qué
  [1379]  534.60  534.77  0.96  pero
  [1380]  535.38  535.56  0.89  bueno
  [1381]  535.72  535.90  0.99  todo
  [1382]  535.96  536.04  0.99  se
  [1383]  536.08  536.46  0.97  alineó
  [1384]  536.56  536.70  0.99  para
  [1385]  536.72  536.78  0.99  que
  [1386]  536.82  536.88  0.99  yo
  [1387]  536.92  537.28  0.96  pudiera
  [1388]  537.34  537.64  0.94  estar
  [1389]  537.92  538.12  0.99  ese
  [1390]  538.16  538.36  1.00  día
  [1391]  538.72  538.80  0.93  en
  [1392]  539.46  539.58  0.96  un
  [1393]  539.98  540.20  0.99  lugar
  [1394]  540.22  540.38  0.92  donde
  [1395]  540.42  540.52  0.48  iba
  [1396]  540.54  540.56  0.01  a ?
  [1397]  540.56  540.80  0.84  estar
  [1398]  541.02  541.04  0.86  y
  [1399]  541.20  541.50  0.98  firmar
  [1400]  541.52  541.58  0.96  el
  [1401]  541.62  541.88  0.99  libro
--- frase 94
  [1402]  542.08  542.10  0.02  Y ?
  [1403]  542.14  542.20  0.57  yo
  [1404]  542.20  542.38  0.91  llegué
  [1405]  542.70  542.82  0.98  allí
  [1406]  542.86  542.98  0.99  con
  [1407]  543.00  543.06  0.98  mi
  [1408]  543.10  543.34  1.00  libro
  [1409]  543.80  543.82  1.00  y
  [1410]  543.88  544.14  0.99  recuerdo
  [1411]  544.16  544.24  0.99  que
  [1412]  544.28  544.54  0.43  tuve
  [1413]  544.72  544.84  1.00  una
  [1414]  544.90  545.46  0.99  sensación
  [1415]  545.52  545.62  0.99  por
  [1416]  545.66  545.72  0.99  el
  [1417]  545.78  546.12  1.00  camino
  [1418]  547.10  547.20  0.88  una
  [1419]  547.24  547.64  0.99  energía
  [1420]  547.70  547.78  1.00  que
  [1421]  547.80  547.86  0.98  me
  [1422]  547.92  548.50  0.99  atravesaba
  [1423]  548.54  548.64  0.95  el
  [1424]  548.73  549.04  0.95  pecho
--- frase 95
  [1425]  550.07  550.09  0.69  y
  [1426]  550.15  550.21  0.21  me ?
  [1427]  550.29  550.49  0.29  veía ?
  [1428]  550.53  550.91  0.95  arriba
  [1429]  550.97  550.99  1.00  y
  [1430]  551.03  551.31  1.00  dije
  [1431]  551.69  551.79  1.00  si
  [1432]  551.89  552.13  0.99  esto
  [1433]  552.17  552.23  0.97  es
  [1434]  552.29  552.37  1.00  lo
  [1435]  552.41  552.49  0.99  que
  [1436]  552.53  552.79  0.98  estoy
  [1437]  552.85  553.41  1.00  esperando
  [1438]  553.65  553.67  0.98  o
  [1439]  553.75  553.97  0.99  aquí
  [1440]  554.03  554.17  0.92  hay
  [1441]  554.25  554.57  1.00  alguna
  [1442]  554.65  555.01  0.91  pista
  [1443]  555.05  555.13  0.99  de
  [1444]  555.23  555.29  0.99  qué
  [1445]  555.35  555.41  0.99  es
  [1446]  555.47  555.55  1.00  lo
  [1447]  555.59  555.67  1.00  que
  [1448]  555.71  555.77  1.00  me
  [1449]  555.85  556.11  0.95  pasa
  [1450]  556.13  556.15  0.84  y
  [1451]  556.17  556.25  0.97  qué
  [1452]  556.29  556.45  0.96  tengo
  [1453]  556.49  556.55  0.99  que
  [1454]  556.55  556.79  0.92  hacer
--- frase 96
  [1455]  557.29  557.41  0.99  por
  [1456]  557.49  557.81  0.99  favor
  [1457]  558.25  558.37  0.01  por ?
  [1458]  558.37  558.61  0.99  favor
  [1459]  558.65  558.71  0.98  le
  [1460]  558.75  558.91  1.00  pedí
  [1461]  558.97  558.99  0.99  a
  [1462]  559.03  559.21  1.00  Dios
--- frase 97
  [1463]  559.55  559.67  0.77  por
  [1464]  559.69  559.93  0.97  favor
  [1465]  560.05  560.51  1.00  mándame
  [1466]  561.01  561.07  0.58  la
  [1467]  561.11  561.37  1.00  señal
--- frase 98
  [1468]  561.43  561.51  0.94  que
  [1469]  561.55  561.61  0.99  yo
  [1470]  561.73  562.03  0.98  pueda
  [1471]  562.09  562.61  0.97  comprender
  [1472]  562.69  562.79  0.99  que
  [1473]  562.87  563.11  0.99  pueda
  [1474]  563.15  563.65  0.95  entender
--- frase 99
  [1475]  563.74  563.86  0.97  por
  [1476]  563.91  564.20  0.94  favor
--- frase 100
  [1477]  565.26  565.28  0.98  y
  [1478]  565.32  565.62  0.99  sucedió
  [1479]  565.68  565.74  0.84  la
  [1480]  565.76  566.10  0.64  magia
--- frase 101
  [1481]  567.08  567.34  0.93  llegué
  [1482]  567.42  567.58  0.92  allí
  [1483]  567.84  568.24  0.96  aparqué
  [1484]  568.56  568.66  0.98  en
  [1485]  568.76  568.90  0.97  una
  [1486]  568.96  569.52  0.90  posibilidad
--- frase 102
  [1487]  569.62  569.88  0.95  entre
  [1488]  570.08  570.36  0.93  cuatro
  [1489]  570.38  570.40  0.00  o ?
  [1490]  570.40  570.62  0.83  cinco
  [1491]  570.74  571.12  0.66  parkings
--- frase 103
  [1492]  571.16  571.24  0.94  que
  [1493]  571.26  571.36  0.91  hay
  [1494]  571.40  571.86  0.80  alrededor
  [1495]  571.88  571.96  0.70  del
  [1496]  571.98  572.18  0.96  lugar
  [1497]  572.20  572.36  0.99  donde
  [1498]  572.38  572.42  0.48  él
  [1499]  572.48  572.76  0.94  estaba
--- frase 104
  [1500]  572.88  573.40  0.99  diferentes
  [1501]  573.88  574.16  0.25  parkings ?
  [1502]  574.16  574.18  0.00  y ?
  [1503]  574.20  574.54  0.23  coches ?
--- frase 105
  [1504]  575.10  575.42  0.45  entré
  [1505]  576.14  576.16  0.49  y
  [1506]  576.22  576.50  0.69  recuerdo
  [1507]  576.54  576.62  0.47  que
  [1508]  576.68  576.94  0.40  entré
--- frase 106
  [1509]  578.44  578.46  0.85  y
  [1510]  578.76  578.85  0.94  se
  [1511]  578.90  578.99  0.95  dio
  [1512]  579.04  579.11  0.96  la
  [1513]  579.14  579.40  0.96  vuelta
--- frase 107
  [1514]  579.45  579.47  0.90  y
  [1515]  579.49  579.54  0.89  me
  [1516]  579.61  579.78  0.67  miró
  [1517]  580.59  580.61  0.97  y
  [1518]  580.67  580.93  0.97  vino
--- frase 108
  [1519]  581.11  581.13  0.95  y
  [1520]  581.17  581.25  0.94  me
  [1521]  581.31  581.57  0.95  dijo
  [1522]  581.75  581.87  0.94  nos
  [1523]  581.93  582.33  0.96  conocemos
  [1524]  582.35  582.41  0.95  de
  [1525]  582.47  582.63  0.98  algo
--- frase 109
  [1526]  583.21  583.27  0.96  yo
  [1527]  583.31  583.37  0.97  le
  [1528]  583.39  583.61  0.97  dije
  [1529]  583.73  583.81  0.95  no
  [1530]  583.97  584.03  0.86  yo
  [1531]  584.09  584.15  0.82  no
  [1532]  584.69  584.71  0.13  o ?
  [1533]  584.75  584.87  0.71  sea
  [1534]  584.97  585.03  0.96  tú
  [1535]  585.09  585.11  0.97  a
  [1536]  585.15  585.23  0.98  mí
  [1537]  585.29  585.37  0.99  no
--- frase 110
  [1538]  585.39  585.45  0.00  no ?
  [1539]  585.51  585.65  0.99  pero
  [1540]  585.69  585.75  0.76  yo
  [1541]  585.75  585.79  0.58  a
  [1542]  585.83  585.89  0.98  ti
  [1543]  586.01  586.11  0.97  sí
  [1544]  586.23  586.31  0.91  te
  [1545]  586.33  586.41  0.24  veo ?
  [1546]  586.41  586.45  0.44  en
  [1547]  586.49  586.67  0.78  redes
  [1548]  586.69  587.15  0.99  sociales
--- frase 111
  [1549]  587.15  587.19  0.46  he
  [1550]  587.21  587.39  0.82  venido
  [1551]  587.45  587.47  0.01  a ?
  [1552]  587.49  587.59  0.09  ver ?
  [1553]  587.59  587.85  0.53  Crimes
  [1554]  587.87  587.95  0.50  en
  [1555]  587.97  588.17  0.98  Libre
  [1556]  588.17  588.19  0.01  y ?
  [1557]  588.21  588.35  0.98  tal
--- frase 112
  [1558]  589.19  589.27  0.98  Me
  [1559]  589.33  589.55  0.80  filmó
  [1560]  589.59  589.63  0.03  en ?
  [1561]  589.63  589.83  0.95  Libre
  [1562]  589.83  589.85  0.49  y
  [1563]  589.87  589.93  0.86  me
  [1564]  589.97  590.15  0.99  dijo
  [1565]  590.25  590.55  0.98  quédate
  [1566]  590.59  590.71  0.98  con
  [1567]  590.75  591.15  0.96  nosotros
--- frase 113
  [1568]  591.25  591.31  0.93  no
  [1569]  591.37  591.43  0.92  te
  [1570]  591.49  591.59  0.01  vayas ?
--- frase 114
  [1571]  592.59  592.95  0.64  Estuvimos
  [1572]  592.95  593.15  0.21  hablando ?
  [1573]  593.15  593.21  0.00  por ?
  [1574]  593.21  593.25  0.00  la ?
  [1575]  593.27  594.27  0.56  mañana
  [1576]  594.36  594.46  0.79  era
  [1577]  594.46  594.58  0.83  una
  [1578]  594.65  594.91  0.97  feria
--- frase 115
  [1579]  594.98  595.46  0.86  esotérica
  [1580]  595.52  595.60  0.86  de
  [1581]  596.08  596.18  0.61  San
  [1582]  596.18  596.46  0.94  Martín
  [1583]  596.54  596.86  0.77  recuerdo
--- frase 116
  [1584]  597.70  597.72  0.48  y
  [1585]  598.28  598.78  0.01  bueno ?
  [1586]  598.78  599.10  0.86  estuvimos
  [1587]  599.12  599.50  0.81  charlando
--- frase 117
  [1588]  599.72  599.74  0.84  y
  [1589]  599.78  599.84  0.72  me
  [1590]  599.86  600.02  0.76  dijo
  [1591]  600.06  600.12  0.91  que
  [1592]  600.16  600.22  0.85  me
  [1593]  600.28  600.64  0.86  quedase
  [1594]  600.74  600.82  0.86  que
  [1595]  600.84  600.88  0.79  no
  [1596]  600.92  600.96  0.84  me
  [1597]  601.02  601.24  0.84  fuese
--- frase 118
  [1598]  601.30  601.50  0.91  cuando
  [1599]  601.54  601.62  0.93  se
  [1600]  601.66  601.86  0.93  fuese
  [1601]  601.92  602.00  0.96  la
  [1602]  602.02  602.32  0.99  gente
--- frase 119
  [1603]  603.10  603.52  1.00  Estuvimos
  [1604]  603.56  603.68  1.00  una
  [1605]  603.74  604.02  1.00  charla
  [1606]  604.48  605.02  0.89  maravillosa
--- frase 120
  [1607]  605.36  605.62  0.98  Recuerdo
  [1608]  605.64  605.70  0.94  que
  [1609]  605.72  605.76  0.65  él
  [1610]  605.78  605.84  0.99  me
  [1611]  605.86  606.08  1.00  dijo
--- frase 121
  [1612]  607.30  607.74  0.97  señalándome
  [1613]  607.76  607.84  0.34  con
  [1614]  607.86  607.90  0.41  el
  [1615]  607.94  608.12  0.74  dedo
--- frase 122
  [1616]  609.04  609.12  0.99  tú
  [1617]  609.26  609.35  0.99  un
  [1618]  609.37  609.52  0.94  día
  [1619]  609.54  609.66  0.83  vas
  [1620]  609.68  609.71  0.89  a
  [1621]  609.75  609.87  0.75  ser
  [1622]  609.90  610.23  0.78  medium
  [1623]  610.45  610.47  0.99  y
  [1624]  610.53  610.69  0.92  vas
  [1625]  610.71  610.73  0.49  a
  [1626]  610.77  611.07  1.00  ayudar
--- frase 123
  [1627]  611.11  611.13  0.99  a
  [1628]  611.17  611.41  1.00  otras
  [1629]  611.47  611.99  1.00  personas
  [1630]  612.49  612.61  0.67  Vas
  [1631]  612.63  612.65  0.93  a
  [1632]  612.67  612.83  0.99  dejar
  [1633]  612.85  612.91  0.99  tu
  [1634]  612.97  613.23  1.00  trabajo
--- frase 124
  [1635]  613.25  613.27  0.94  y
  [1636]  613.27  613.33  0.62  te
  [1637]  613.35  613.45  0.80  vas
  [1638]  613.49  613.51  0.44  a
  [1639]  613.51  613.79  0.98  dedicar
  [1640]  613.81  613.85  0.78  a
  [1641]  613.89  614.07  1.00  esto
--- frase 125
  [1642]  615.37  615.43  0.97  Yo
  [1643]  615.47  615.51  0.99  la
  [1644]  615.53  615.73  0.81  verdad
  [1645]  615.75  615.83  0.97  que
  [1646]  616.03  616.09  0.99  me
  [1647]  616.13  616.49  0.95  sorprendí
  [1648]  616.55  616.81  1.00  mucho
  [1649]  617.13  617.15  0.99  y
  [1650]  617.43  617.59  0.99  tengo
  [1651]  617.61  617.67  1.00  que
  [1652]  617.71  618.05  0.98  confesar
  [1653]  618.09  618.15  1.00  que
  [1654]  618.19  618.25  1.00  no
  [1655]  618.29  618.37  1.00  le
  [1656]  618.43  618.67  1.00  creí
--- frase 126
  [1657]  619.39  619.71  1.00  porque
  [1658]  620.45  620.51  0.99  yo
  [1659]  620.55  620.77  1.00  pensé
  [1660]  620.81  620.89  0.95  que
  [1661]  620.91  620.95  0.99  se
  [1662]  620.97  621.11  1.00  había
  [1663]  621.15  621.67  1.00  confundido
  [1664]  621.69  621.79  1.00  con
  [1665]  621.81  621.95  0.99  otra
  [1666]  621.99  622.43  1.00  persona
  [1667]  622.49  622.55  0.99  que
  [1668]  622.59  622.65  0.95  no
  [1669]  622.67  622.77  0.37  era
  [1670]  622.81  622.89  0.80  yo
--- frase 127
  [1671]  623.61  623.67  0.99  Yo
  [1672]  623.71  623.77  0.97  le
  [1673]  623.82  624.01  1.00  dije
  [1674]  624.05  624.12  1.00  que
  [1675]  624.15  624.22  0.98  yo
  [1676]  624.27  624.62  1.00  sentía
  [1677]  624.70  625.13  1.00  cosas
  [1678]  625.17  625.24  0.96  que
  [1679]  625.24  625.42  0.96  había
  [1680]  625.48  625.72  1.00  sentido
  [1681]  625.74  625.94  0.97  alguna
  [1682]  625.96  626.12  1.00  vez
--- frase 128
  [1683]  626.62  626.78  0.51  pero
  [1684]  626.80  627.12  0.99  tampoco
  [1685]  627.22  627.44  0.99  nada
  [1686]  628.52  628.74  0.99  fuera
  [1687]  628.82  628.90  0.98  de
  [1688]  629.26  629.44  0.99  tal
  [1689]  629.48  629.56  0.94  no
--- frase 129
  [1690]  629.66  629.72  0.99  Que
  [1691]  629.76  629.82  0.96  yo
  [1692]  629.86  629.92  0.98  no
  [1693]  629.96  630.20  0.88  veía
  [1694]  630.52  631.08  0.67  fallecidos
  [1695]  631.14  631.20  0.93  ni
  [1696]  631.26  631.66  0.49  halagones
--- frase 130
  [1697]  631.82  631.90  0.96  Él
  [1698]  632.00  632.08  0.98  se
  [1699]  632.20  632.50  0.99  reía
--- frase 131
  [1700]  633.72  633.80  0.97  Me
  [1701]  633.84  634.08  0.99  dijo
  [1702]  635.18  635.24  0.96  que
  [1703]  635.28  635.34  0.83  le
  [1704]  635.34  635.64  0.92  hiciese
  [1705]  635.68  635.90  0.99  caso
--- frase 132
  [1706]  637.72  637.74  0.98  Y
  [1707]  637.84  637.90  0.96  la
  [1708]  637.94  638.18  0.81  verdad
  [1709]  638.22  638.32  0.89  que
  [1710]  638.90  638.99  0.62  le
  [1711]  639.02  639.18  0.42  hice
  [1712]  639.25  639.47  0.35  caso
  [1713]  639.85  639.92  0.85  le
  [1714]  639.95  640.09  0.76  hice
  [1715]  640.14  640.41  0.98  caso
--- frase 133
  [1716]  640.89  640.91  0.99  Y
  [1717]  641.39  641.61  0.99  bueno
  [1718]  641.65  641.85  0.95  pues
  [1719]  641.97  642.03  0.75  he
  [1720]  642.09  642.43  0.98  aprendido
  [1721]  642.47  642.75  0.96  muchas
  [1722]  642.79  643.05  1.00  cosas
  [1723]  643.07  643.13  0.99  de
  [1724]  643.19  643.31  0.73  su
  [1725]  643.35  643.55  0.99  mano
--- frase 134
  [1726]  643.55  643.61  0.00  no ?
  [1727]  644.67  644.83  0.99  sigo
  [1728]  644.85  645.27  0.97  aprendiendo
--- frase 135
  [1729]  645.69  645.91  0.99  porque
  [1730]  646.67  646.79  1.00  con
  [1731]  646.81  646.89  0.98  él
  [1732]  646.93  647.13  1.00  nunca
  [1733]  647.19  647.25  0.99  se
  [1734]  647.27  647.43  1.00  deja
--- frase 136
  [1735]  647.47  647.53  0.97  de
  [1736]  647.55  647.93  1.00  aprender
  [1737]  648.93  649.29  1.00  muchas
--- frase 137
  [1738]  649.35  649.77  1.00  cosas
  [1739]  649.93  650.03  0.99  es
  [1740]  650.25  650.37  0.93  muy
  [1741]  650.99  651.59  1.00  enriquecedor
--- frase 138
  [1742]  651.63  651.77  1.00  para
  [1743]  651.81  651.87  1.00  mí
  [1744]  651.97  652.17  0.99  estar
  [1745]  652.19  652.21  0.94  a
  [1746]  652.25  652.33  1.00  su
  [1747]  652.37  652.55  1.00  lado
--- frase 139
  [1748]  653.27  653.51  0.89  tenemos
  [1749]  653.53  653.65  0.99  una
  [1750]  653.71  653.96  0.83  bonita
  [1751]  654.00  654.34  0.81  amistad
  [1752]  654.51  654.58  0.99  yo
  [1753]  654.63  654.70  0.99  lo
  [1754]  654.77  654.96  0.99  sigo
  [1755]  655.01  655.68  0.99  respetando
--- frase 140
  [1756]  656.28  656.92  0.99  muchísimo
  [1757]  657.02  657.16  0.98  para
  [1758]  657.20  657.28  0.93  mí
--- frase 141
  [1759]  657.40  657.58  0.64  es
  [1760]  658.62  658.74  0.40  una
  [1761]  658.82  659.14  0.99  figura
--- frase 142
  [1762]  659.30  659.36  0.99  un
  [1763]  659.40  659.76  0.99  ejemplo
  [1764]  659.80  659.82  0.98  a
  [1765]  659.86  660.10  0.81  seguir
--- frase 143
  [1766]  660.90  660.92  0.85  y
  [1767]  661.36  661.56  0.95  bueno
  [1768]  661.60  661.84  0.98  pues
  [1769]  662.16  662.40  0.99  estoy
  [1770]  662.46  662.68  0.99  aquí
  [1771]  662.82  663.18  0.98  haciendo
--- frase 144
  [1772]  663.70  663.90  0.99  mis
  [1773]  663.94  664.22  0.99  propias
  [1774]  664.26  664.80  0.99  sesiones
--- frase 145
  [1775]  664.86  665.00  0.99  con
  [1776]  665.04  665.12  0.99  mi
  [1777]  665.18  665.48  1.00  propia
  [1778]  665.78  666.16  0.94  comunidad
  [1779]  666.20  666.24  0.99  de
  [1780]  666.26  666.78  1.00  personas
--- frase 146
  [1781]  667.88  668.16  0.93  haciendo
  [1782]  668.20  668.32  0.98  mis
  [1783]  668.40  668.97  0.99  cursos
--- frase 147
  [1784]  669.68  669.88  0.66  bueno
  [1785]  670.45  670.53  0.72  la
  [1786]  670.57  670.81  0.80  verdad
  [1787]  670.85  670.95  0.97  que
--- frase 148
  [1788]  671.87  671.95  0.97  yo
  [1789]  671.97  672.03  0.19  no ?
  [1790]  672.03  672.09  0.95  me
  [1791]  672.13  672.33  0.98  podía
  [1792]  672.35  672.75  0.92  imaginar
  [1793]  672.81  673.13  1.00  nunca
--- frase 149
  [1794]  673.29  673.37  0.92  que
  [1795]  673.41  673.61  0.98  esto
  [1796]  673.65  673.77  0.19  iba ?
  [1797]  673.79  673.81  0.34  a
  [1798]  673.85  673.97  0.79  ser
  [1799]  674.01  674.21  1.00  así
  [1800]  675.31  675.33  0.99  y
  [1801]  675.39  675.45  0.99  la
  [1802]  675.53  675.77  1.00  clave
  [1803]  675.81  675.87  0.99  de
  [1804]  675.91  676.11  1.00  todo
  [1805]  676.17  676.41  0.99  esto
  [1806]  678.13  678.31  0.99  es
  [1807]  679.03  679.05  0.00  a ?
  [1808]  679.85  680.19  1.00  creer
  [1809]  680.23  680.29  0.99  en
  [1810]  680.33  680.57  0.99  esa
  [1811]  680.85  681.33  0.98  fuerza
  [1812]  681.47  681.53  0.99  en
  [1813]  681.57  681.75  0.99  esa
  [1814]  681.81  682.03  0.99  voz
  [1815]  682.17  682.27  0.97  que
  [1816]  682.33  682.41  0.95  te
  [1817]  682.45  682.71  0.98  dice
  [1818]  682.81  682.89  0.98  que
--- frase 150
  [1819]  682.93  683.05  0.93  hay
  [1820]  683.13  683.37  0.99  algo
  [1821]  683.43  683.57  0.65  ahí
  [1822]  684.86  684.93  0.96  que
  [1823]  685.00  685.08  0.98  te
  [1824]  685.12  685.48  0.94  hablan
  [1825]  686.44  686.60  0.98  todo
  [1826]  686.64  686.96  1.00  cambió
  [1827]  687.06  687.36  0.99  cuando
  [1828]  688.14  688.66  0.99  escuché
  [1829]  688.76  688.78  0.95  a
  [1830]  688.82  689.00  0.97  esa
  [1831]  689.04  689.20  0.93  voz
  [1832]  689.80  689.86  0.45  me
  [1833]  689.90  690.08  0.49  hice
  [1834]  690.16  690.44  0.89  caso
  [1835]  690.80  690.82  0.91  y
  [1836]  690.88  691.16  0.88  además
  [1837]  692.02  692.12  0.87  fue
  [1838]  692.18  692.28  0.84  con
--- frase 151
  [1839]  692.52  692.60  0.50  la
  [1840]  692.62  692.90  0.84  compañía
  [1841]  692.94  693.04  0.69  de
  [1842]  693.04  693.14  0.94  una
  [1843]  693.24  693.62  0.99  fuerza
  [1844]  695.28  695.36  0.95  es
  [1845]  695.40  695.50  0.95  muy
  [1846]  695.52  696.18  0.98  importante
  [1847]  697.16  697.66  0.99  escuchar
  [1848]  697.70  697.88  0.99  esa
  [1849]  697.92  698.16  0.99  voz
  [1850]  698.28  698.38  0.99  es
  [1851]  698.42  698.50  0.98  muy
  [1852]  698.52  699.16  0.99  importante
  [1853]  699.26  699.52  0.99  hacer
  [1854]  699.62  699.87  0.99  caso
--- frase 152
  [1855]  699.88  699.90  0.70  a
  [1856]  699.92  700.16  0.89  esa
  [1857]  700.23  700.45  0.93  guía
  [1858]  700.55  700.63  0.92  que
  [1859]  700.65  700.87  1.00  llega
  [1860]  700.91  700.99  0.98  en
  [1861]  701.03  701.23  0.99  ese
  [1862]  701.27  701.65  1.00  momento
  [1863]  702.07  702.25  0.99  porque
  [1864]  702.27  702.41  0.99  llegó
  [1865]  702.45  702.49  0.90  en
  [1866]  702.49  702.57  0.97  el
  [1867]  702.59  702.87  1.00  momento
  [1868]  703.07  703.15  0.99  en
  [1869]  703.17  703.27  0.98  el
  [1870]  703.31  703.37  0.99  que
  [1871]  703.43  703.51  0.98  yo
  [1872]  703.87  703.95  1.00  me
  [1873]  704.11  704.43  1.00  rendí
  [1874]  704.89  705.01  1.00  soy
  [1875]  705.03  705.11  1.00  una
  [1876]  705.15  705.47  1.00  persona
--- frase 153
  [1877]  705.51  705.59  0.99  que
  [1878]  705.61  705.67  0.88  he
  [1879]  705.69  705.97  0.99  montado
  [1880]  706.01  706.53  1.00  negocios
  [1881]  706.69  706.75  0.90  he
  [1882]  706.79  707.05  1.00  tenido
  [1883]  707.11  707.61  1.00  locales
  [1884]  708.11  708.17  0.57  he
  [1885]  708.25  708.77  1.00  estudiado
  [1886]  709.21  709.27  0.89  he
  [1887]  709.33  709.81  1.00  trabajado
  [1888]  709.89  710.19  1.00  mucho
  [1889]  710.23  710.27  0.46  he
  [1890]  710.33  710.81  1.00  conseguido
--- frase 154
  [1891]  710.85  711.09  0.97  muchas
  [1892]  711.15  711.51  0.99  cosas
  [1893]  711.63  712.25  1.00  oposiciones
  [1894]  713.07  713.19  0.91  pero
  [1895]  713.25  713.37  0.97  dado
  [1896]  713.41  713.69  1.00  muchas
  [1897]  713.75  714.12  1.00  vueltas
  [1898]  714.13  714.20  1.00  en
  [1899]  714.22  714.27  1.00  la
  [1900]  714.29  714.46  1.00  vida
  [1901]  714.50  714.70  1.00  porque
  [1902]  714.74  714.98  1.00  cuando
  [1903]  715.01  715.34  0.99  llegaba
  [1904]  715.36  715.38  0.97  a
  [1905]  715.39  715.82  1.00  conseguir
  [1906]  715.86  715.98  1.00  las
--- frase 155
  [1907]  716.04  716.40  1.00  cosas
  [1908]  716.74  716.98  1.00  siempre
  [1909]  717.00  717.14  0.99  había
  [1910]  717.18  717.26  0.83  un
  [1911]  717.30  717.70  0.53  vacío
  [1912]  717.78  718.16  0.43  después
  [1913]  718.82  719.00  0.88  vacío
  [1914]  719.02  719.52  0.86  importante
  [1915]  720.22  720.28  0.89  no
  [1916]  720.32  720.36  0.96  me
  [1917]  720.36  720.70  0.95  llenaban
  [1918]  720.72  720.84  0.82  del
  [1919]  720.88  721.04  0.95  todo
  [1920]  721.10  721.16  0.81  no
  [1921]  721.20  721.30  0.93  era
  [1922]  721.38  721.60  0.98  eso
--- frase 156
  [1923]  722.32  722.42  0.89  era
  [1924]  722.46  722.60  0.91  más
  [1925]  722.66  722.76  0.75  el
  [1926]  722.84  723.38  0.92  proceso
  [1927]  724.52  724.62  0.86  el
  [1928]  724.68  725.22  0.95  resultado
  [1929]  725.86  725.94  0.96  con
  [1930]  725.96  726.02  0.89  la
  [1931]  726.04  726.44  0.89  mediunidad
  [1932]  726.46  726.52  0.96  es
  [1933]  726.58  727.16  0.98  diferente
  [1934]  727.34  727.38  0.96  la
  [1935]  727.42  727.80  0.87  mediunidad
  [1936]  727.90  728.00  0.97  no
  [1937]  728.08  728.24  0.87  hay
  [1938]  728.54  728.62  0.97  un
  [1939]  728.78  729.12  1.00  final
  [1940]  729.25  729.28  0.00  si ?
--- frase 157
  [1941]  729.68  730.18  1.00  Siempre
  [1942]  730.33  730.42  0.99  es
  [1943]  730.47  730.61  0.99  ese
  [1944]  730.67  731.09  1.00  proceso
  [1945]  731.67  731.69  0.98  y
  [1946]  731.73  731.83  1.00  eso
  [1947]  731.87  731.91  0.99  es
  [1948]  731.93  732.11  1.00  algo
  [1949]  732.21  732.29  1.00  que
  [1950]  732.39  732.57  1.00  amo
  [1951]  732.75  732.77  0.90  y
  [1952]  732.83  733.07  1.00  adoro
  [1953]  733.37  733.39  1.00  y
  [1954]  733.43  733.51  0.99  que
  [1955]  733.53  733.73  0.87  también
  [1956]  733.75  733.79  0.95  me
  [1957]  733.81  733.93  0.96  hace
  [1958]  733.97  734.03  0.99  de
  [1959]  734.09  734.47  0.99  sufrir
  [1960]  734.77  734.85  0.99  que
  [1961]  734.89  735.17  0.96  también
  [1962]  736.21  736.27  0.98  me
  [1963]  736.31  736.49  0.99  hace
  [1964]  736.55  736.63  0.97  de
  [1965]  736.69  737.25  0.87  desfallecer
  [1966]  737.27  737.55  0.99  algunas
  [1967]  737.59  737.95  1.00  veces
  [1968]  738.43  738.49  0.55  en
  [1969]  738.53  738.65  0.97  las
  [1970]  738.69  738.77  0.91  que
  [1971]  738.91  738.99  0.06  he ?
  [1972]  739.97  740.39  0.89  necesitado
  [1973]  740.43  740.51  0.74  la
  [1974]  740.55  740.75  0.99  mano
  [1975]  741.65  741.69  0.85  de
  [1976]  741.73  741.89  0.98  algún
  [1977]  741.93  742.15  1.00  amigo
  [1978]  742.25  742.49  0.99  incluso
  [1979]  742.51  742.55  0.88  de
  [1980]  742.59  742.83  0.99  Raúl
  [1981]  743.21  743.39  0.98  para
  [1982]  744.72  745.39  0.99  reconducirme
  [1983]  745.41  745.48  0.89  de
  [1984]  745.48  745.70  0.99  alguna
  [1985]  745.74  745.98  1.00  manera
  [1986]  746.06  746.18  0.99  para
  [1987]  746.24  746.30  0.97  no
  [1988]  746.38  746.76  0.94  rendirme
  [1989]  747.66  747.82  0.90  pero
  [1990]  747.92  748.06  0.91  aquí
  [1991]  748.10  748.40  0.85  estoy
--- frase 158
  [1992]  748.90  748.92  0.74  Y
  [1993]  750.38  750.50  0.98  una
  [1994]  750.54  750.66  0.99  vez
  [1995]  750.72  750.78  0.79  que
  [1996]  750.78  750.82  0.00  he ?
  [1997]  750.84  751.14  0.99  entrado
  [1998]  751.16  751.22  0.80  en
  [1999]  751.24  751.42  1.00  este
  [2000]  751.48  751.74  0.99  mundo
  [2001]  752.04  752.16  0.99  hay
  [2002]  752.20  752.40  1.00  algo
  [2003]  752.52  752.62  0.99  que
  [2004]  753.12  753.24  0.99  sé
  [2005]  753.76  753.88  0.99  con
  [2006]  753.90  754.00  0.99  una
  [2007]  754.06  754.50  1.00  certeza
  [2008]  754.60  755.16  1.00  increíble
  [2009]  755.68  755.70  0.99  y
  [2010]  755.78  755.84  0.99  es
  [2011]  755.90  755.98  0.99  que
  [2012]  756.02  756.20  0.98  este
  [2013]  756.24  756.30  0.98  es
  [2014]  756.36  756.44  0.99  mi
  [2015]  756.50  756.82  1.00  lugar
  [2016]  757.04  757.10  0.96  es
  [2017]  757.18  757.34  1.00  como
  [2018]  757.44  758.02  1.00  reconocer
  [2019]  758.36  758.44  0.98  mi
  [2020]  758.48  758.78  0.82  hogar
  [2021]  758.92  759.00  0.98  mi
  [2022]  759.10  759.45  0.99  sitio
  [2023]  760.23  760.37  0.98  para
  [2024]  760.42  760.49  0.99  lo
  [2025]  760.52  760.61  0.91  que
  [2026]  760.66  760.73  0.99  yo
  [2027]  760.75  760.79  0.84  he
  [2028]  760.83  761.15  0.99  venido
  [2029]  762.05  762.07  0.74  y
  [2030]  762.15  762.31  0.24  aquí ?
  [2031]  762.37  762.65  0.27  estoy ?
  [2032]  763.17  763.31  0.71  aquí
  [2033]  763.35  763.61  0.80  estoy
  [2034]  763.75  764.33  0.96  aprendiendo
  [2035]  764.45  764.65  0.99  cada
  [2036]  764.71  764.89  0.99  día
  [2037]  765.93  765.95  0.16  y ?
  [2038]  766.01  766.55  1.00  caminando
  [2039]  767.15  767.29  0.99  con
  [2040]  767.43  767.89  1.00  muchísimas
  [2041]  767.93  768.29  1.00  personas
  [2042]  768.33  768.35  0.99  a
  [2043]  768.39  768.51  0.99  las
  [2044]  768.57  768.65  0.99  que
  [2045]  769.01  769.75  1.00  acompaño
  [2046]  770.37  770.43  0.86  en
  [2047]  770.47  770.61  0.99  ese
  [2048]  770.65  771.23  1.00  proceso
  [2049]  771.27  771.35  0.99  de
  [2050]  771.39  771.81  0.99  dolor
  [2051]  772.11  772.15  0.32  en
  [2052]  772.19  772.29  0.92  ese
  [2053]  772.31  772.65  1.00  proceso
  [2054]  772.69  772.75  0.97  de
  [2055]  772.81  773.47  0.94  despedida
  [2056]  773.95  774.01  0.25  en ?
  [2057]  774.05  774.15  0.62  ese
  [2058]  774.17  774.55  0.89  proceso
  [2059]  775.22  775.32  0.64  de
  [2060]  776.06  776.34  0.55  vuelo
--- frase 159
  [2061]  778.70  778.74  0.31  He
  [2062]  778.78  778.84  0.73  de
  [2063]  778.86  779.20  0.72  decir
  [2064]  779.28  779.38  0.64  que
  [2065]  779.58  779.62  0.58  la
  [2066]  779.68  780.14  0.49  mediunidad
  [2067]  780.32  780.42  0.96  es
  [2068]  780.50  780.70  0.97  algo
  [2069]  781.24  781.40  0.79  muy
  [2070]  781.54  781.82  0.99  serio
  [2071]  782.32  782.40  0.85  no
  [2072]  782.46  782.54  0.93  es
  [2073]  782.60  782.68  0.94  un
  [2074]  782.78  783.08  0.94  juego
  [2075]  783.44  783.50  0.94  no
  [2076]  783.56  783.62  0.96  es
  [2077]  783.68  783.76  0.92  una
  [2078]  783.78  784.38  0.90  adivinación
--- frase 160
  [2079]  786.86  786.88  0.75  Y
  [2080]  787.18  787.74  0.84  realmente
  [2081]  787.88  788.06  0.79  para
  [2082]  788.12  788.22  0.77  lo
  [2083]  788.30  788.42  0.87  que
  [2084]  789.20  789.59  0.99  sirve
  [2085]  789.68  789.71  0.97  y
  [2086]  789.75  789.90  0.98  para
  [2087]  789.95  790.02  0.99  lo
  [2088]  790.11  790.18  0.99  que
  [2089]  790.30  790.47  0.98  es
  [2090]  790.68  790.76  0.99  es
  [2091]  790.87  791.05  1.00  para
  [2092]  791.07  791.33  1.00  llevar
  [2093]  791.39  791.97  0.95  sanación
  [2094]  792.11  792.13  0.99  a
  [2095]  792.19  792.41  0.99  las
  [2096]  792.49  792.85  0.89  almas
--- frase 161
  [2097]  793.07  793.19  1.00  las
  [2098]  793.23  793.47  1.00  almas
  [2099]  793.51  793.63  1.00  del
  [2100]  793.65  793.81  1.00  otro
  [2101]  793.85  794.15  1.00  plano
  [2102]  794.61  794.63  1.00  y
  [2103]  794.67  794.69  0.99  a
  [2104]  794.73  794.83  0.99  las
  [2105]  794.87  795.05  1.00  almas
  [2106]  795.09  795.15  1.00  que
  [2107]  795.19  795.41  1.00  están
  [2108]  795.47  795.63  1.00  aquí
  [2109]  795.69  795.75  0.99  en
  [2110]  795.79  795.97  0.97  este
  [2111]  796.01  796.19  0.08  plano ?
--- frase 162
  [2112]  796.61  796.93  0.99  Somos
  [2113]  797.41  797.53  0.66  los
  [2114]  797.55  797.83  0.79  medios
  [2115]  797.87  798.07  1.00  como
  [2116]  798.15  798.23  0.99  un
  [2117]  798.47  798.83  1.00  canal
  [2118]  799.59  799.67  0.99  un
  [2119]  799.77  800.19  1.00  puente
  [2120]  800.59  800.75  0.94  una
  [2121]  800.85  801.31  0.99  unión
  [2122]  801.71  801.81  0.99  un
  [2123]  801.93  802.57  0.90  reencuentro
  [2124]  803.33  803.65  1.00  entre
  [2125]  804.36  804.65  1.00  ambas
  [2126]  804.74  805.00  1.00  almas
  [2127]  805.03  805.10  0.99  de
  [2128]  805.12  805.32  1.00  ambos
  [2129]  805.36  805.70  1.00  planos
--- frase 163
  [2130]  806.68  806.70  0.94  Y
  [2131]  806.76  806.92  0.93  ese
  [2132]  806.96  807.02  0.85  es
  [2133]  807.06  807.32  0.90  nuestro
  [2134]  807.36  807.80  0.90  trabajo
  [2135]  808.48  808.62  0.69  Hay
  [2136]  808.74  808.84  0.68  que
  [2137]  810.22  810.42  0.98  tener
  [2138]  810.44  810.84  0.95  presente
  [2139]  810.96  811.10  0.99  esa
  [2140]  811.14  811.66  0.95  humildad
  [2141]  812.10  812.32  0.98  del
  [2142]  812.44  812.88  0.97  servicio
  [2143]  812.88  812.90  0.00  y ?
  [2144]  812.92  812.96  0.99  de
  [2145]  813.00  813.06  0.99  la
  [2146]  813.10  813.46  1.00  entrega
  [2147]  814.62  814.64  0.99  y
  [2148]  814.68  814.76  0.99  que
  [2149]  814.80  814.98  1.00  cada
  [2150]  815.02  815.18  1.00  día
  [2151]  815.36  815.38  0.99  a
  [2152]  815.48  815.88  1.00  pesar
  [2153]  816.06  816.08  0.99  y
  [2154]  816.14  816.58  1.00  aparte
  [2155]  816.62  816.68  0.99  de
  [2156]  816.72  816.82  0.99  las
  [2157]  816.88  817.32  0.99  sesiones
  [2158]  817.38  817.46  1.00  que
  [2159]  817.54  817.94  1.00  realizo
  [2160]  818.50  818.78  0.91  también
  [2161]  818.82  819.18  1.00  contesto
  [2162]  819.22  819.24  0.02  a ?
  [2163]  819.24  819.83  0.99  personas
  [2164]  819.99  820.21  0.76  ayudo
  [2165]  820.21  820.23  0.97  a
  [2166]  820.28  820.87  1.00  personas
  [2167]  821.29  821.47  0.94  guío
  [2168]  821.51  821.53  0.87  a
  [2169]  821.55  821.97  0.97  personas
  [2170]  822.01  822.07  0.99  en
  [2171]  822.13  822.29  1.00  sus
  [2172]  822.35  822.75  0.99  dudas
--- frase 164
  [2173]  823.33  823.35  0.99  y
  [2174]  823.65  823.79  0.99  por
  [2175]  823.83  823.97  0.98  eso
  [2176]  823.99  824.17  0.96  estoy
  [2177]  824.19  824.45  0.99  haciendo
  [2178]  824.49  824.71  0.94  también
  [2179]  824.75  824.85  0.98  hoy
  [2180]  824.89  825.09  0.98  este
  [2181]  825.15  825.39  1.00  vídeo
--- frase 165
  [2182]  825.87  826.07  0.48  porque
  [2183]  826.13  826.33  0.95  quiero
  [2184]  827.07  827.15  0.98  que
  [2185]  827.19  827.31  0.99  con
  [2186]  827.33  827.39  0.74  mi
  [2187]  827.41  827.81  0.93  historia
--- frase 166
  [2188]  828.71  828.95  0.94  pues
  [2189]  829.77  830.03  0.99  podáis
  [2190]  830.07  830.47  1.00  encontrar
  [2191]  830.67  830.93  1.00  algo
  [2192]  831.05  831.13  0.96  que
  [2193]  831.17  831.29  0.95  os
  [2194]  831.41  831.73  0.93  ayude
--- frase 167
  [2195]  832.63  832.69  1.00  si
  [2196]  832.75  832.95  0.98  estáis
  [2197]  832.99  833.05  1.00  en
  [2198]  833.07  833.29  0.98  alguna
  [2199]  833.31  833.35  0.82  de
  [2200]  833.37  833.53  0.99  esas
  [2201]  833.61  833.97  1.00  fases
--- frase 168
  [2202]  834.07  834.11  0.66  en
  [2203]  834.15  834.29  1.00  ese
  [2204]  834.35  834.74  1.00  camino
  [2205]  834.82  835.25  1.00  recorrido
  [2206]  835.34  835.41  0.99  de
  [2207]  835.48  835.82  1.00  tanto
  [2208]  835.88  836.10  1.00  dolor
--- frase 169
  [2209]  836.14  836.20  0.94  de
  [2210]  836.26  836.38  0.64  ese
  [2211]  836.42  836.84  0.98  vacío
  [2212]  837.28  837.32  0.00  de ?
  [2213]  837.34  837.46  0.99  esa
  [2214]  837.50  838.16  1.00  sensación
  [2215]  838.38  838.44  0.91  de
  [2216]  838.48  838.66  0.99  estar
  [2217]  838.74  839.24  1.00  perdidos
--- frase 170
  [2218]  840.20  840.22  0.62  y
  [2219]  840.64  840.70  0.75  que
  [2220]  840.76  841.14  0.50  podáis
  [2221]  841.50  841.68  0.18  bueno ?
  [2222]  841.72  841.90  0.25  pues ?
  [2223]  842.70  842.90  0.90  junto
  [2224]  843.24  843.68  0.96  conmigo
--- frase 171
  [2225]  844.34  844.36  0.92  o
  [2226]  844.44  844.88  0.99  gracias
  [2227]  845.02  845.04  0.99  a
  [2228]  845.10  845.26  1.00  esta
  [2229]  845.28  845.66  1.00  historia
--- frase 172
  [2230]  846.10  846.32  0.99  podáis
  [2231]  846.38  846.74  1.00  encontrar
  [2232]  846.76  846.80  0.92  un
  [2233]  846.82  847.06  0.99  poquito
  [2234]  847.10  847.28  0.90  esa
  [2235]  847.34  847.54  0.81  guía
--- frase 173
  [2236]  848.02  848.18  0.63  esa
  [2237]  848.26  848.58  0.98  calma
  [2238]  848.94  849.99  0.83  ese
  [2239]  850.04  850.18  0.64  por
  [2240]  850.23  850.42  0.90  aquí
  [2241]  850.66  850.80  0.94  esa
  [2242]  850.88  851.07  0.99  mano
--- frase 174
  [2243]  851.41  851.49  0.91  que
  [2244]  851.53  851.61  0.92  os
  [2245]  851.65  851.91  0.80  tiendo
  [2246]  852.29  852.41  0.65  con
  [2247]  852.41  852.53  0.52  todo
  [2248]  852.55  852.61  0.95  mi
  [2249]  852.65  852.95  0.99  cariño
--- frase 175
  [2250]  853.59  853.61  0.82  y
  [2251]  853.67  853.83  0.78  bueno
  [2252]  853.91  854.09  0.88  pues
  [2253]  854.53  854.75  0.83  seguiré
  [2254]  854.79  855.05  0.96  haciendo
  [2255]  855.09  855.37  0.99  muchos
  [2256]  855.43  855.57  1.00  más
  [2257]  855.61  855.97  0.83  vídeos
--- frase 176
  [2258]  856.01  856.23  0.85  seguiré
  [2259]  856.29  856.53  0.93  haciendo
  [2260]  856.55  856.71  0.98  mucho
  [2261]  856.73  856.83  0.99  más
  [2262]  856.87  857.25  1.00  contenido
--- frase 177
  [2263]  857.63  857.79  0.65  porque
  [2264]  857.79  857.87  0.00  hay ?
  [2265]  857.95  858.27  1.00  muchas
  [2266]  858.31  858.63  1.00  dudas
  [2267]  859.23  859.33  0.99  que
  [2268]  859.73  859.79  0.98  me
  [2269]  859.83  860.45  1.00  planteáis
--- frase 178
  [2270]  860.61  860.63  0.99  y
  [2271]  860.71  860.81  0.98  que
  [2272]  860.97  861.07  0.97  yo
  [2273]  861.69  861.89  0.99  pues
  [2274]  862.03  862.29  1.00  según
  [2275]  862.33  862.39  1.00  mi
  [2276]  862.43  863.03  0.99  experiencia
--- frase 179
  [2277]  863.11  863.17  0.99  que
  [2278]  863.21  863.25  0.98  es
  [2279]  863.31  863.47  1.00  como
  [2280]  863.55  863.85  1.00  siempre
  [2281]  863.89  864.09  1.00  hablo
--- frase 180
  [2282]  864.53  864.75  1.00  creo
  [2283]  864.86  864.91  0.99  que
  [2284]  864.96  865.01  0.99  os
  [2285]  865.08  865.25  0.99  puede
  [2286]  865.29  865.55  0.97  ayudar
  [2287]  865.62  865.86  0.99  mucho
--- frase 181
  [2288]  866.42  866.54  0.62  así
  [2289]  866.58  866.68  0.94  que
  [2290]  866.88  866.96  0.99  os
  [2291]  866.98  867.14  0.96  mando
  [2292]  867.14  867.20  0.96  un
  [2293]  867.24  867.52  0.99  abrazo
  [2294]  867.70  867.86  0.97  muy
  [2295]  867.90  868.22  1.00  grande
--- frase 182
  [2296]  868.42  868.44  0.99  y
  [2297]  868.50  868.98  0.99  espero
  [2298]  869.20  869.26  0.98  que
  [2299]  869.30  869.36  0.91  os
  [2300]  869.40  869.70  0.84  guste
  [2301]  869.92  870.10  0.99  este
  [2302]  870.16  870.40  0.89  vídeo
--- frase 183
  [2303]  870.62  870.64  0.99  y
  [2304]  870.68  870.76  0.97  que
  [2305]  870.78  870.86  0.96  os
  [2306]  870.92  871.16  0.97  ayude
  [2307]  871.24  871.72  1.00  realmente
--- frase 184
  [2308]  872.16  872.18  1.00  y
  [2309]  872.26  872.36  1.00  si
  [2310]  872.56  873.06  1.00  encontráis
  [2311]  873.44  873.74  1.00  alguna
  [2312]  874.96  875.32  1.00  parte
  [2313]  875.60  875.62  1.00  o
  [2314]  875.72  875.96  1.00  toda
  [2315]  876.12  876.20  1.00  que
  [2316]  876.24  876.32  0.98  os
  [2317]  876.40  876.70  1.00  ayuda
--- frase 185
  [2318]  877.26  877.60  1.00  pues
  [2319]  878.14  878.26  1.00  por
  [2320]  878.30  878.60  1.00  favor
  [2321]  878.84  879.30  0.89  dejádmelo
  [2322]  879.34  879.73  1.00  escrito
--- frase 186
  [2323]  880.14  880.33  0.99  porque
  [2324]  880.37  880.52  1.00  para
  [2325]  880.59  880.68  1.00  mí
  [2326]  880.97  881.11  1.00  es
  [2327]  881.23  881.31  0.99  un
  [2328]  881.45  881.83  0.97  verdadero
  [2329]  882.51  882.85  1.00  placer
  [2330]  882.89  882.91  0.97  y
  [2331]  882.95  883.01  1.00  un
  [2332]  883.05  883.37  0.99  orgullo
  [2333]  883.91  883.97  0.99  que
  [2334]  884.01  884.09  0.95  os
  [2335]  884.13  884.39  0.87  sirva
  [2336]  884.47  884.95  1.00  realmente
  [2337]  885.39  885.47  0.99  un
  [2338]  885.49  885.77  1.00  abrazo
  [2339]  886.01  886.31  0.80  cuidaros
  [2340]  886.35  886.59  0.85  mucho

2341 palabras -> trabajo/tiempos.json  (dispositivo: cuda)
'?' = puntuación baja: normal en cifras y nombres en inglés; si una palabra normal sale con '?', revisa el guion.
Whisper frente a la alineación: mediana -0.15 s (adelantado) en 2341 palabras comunes.
