[  0.00-  5.66] Voy a contar mi historia de cómo comenzó todo desde que empezó hasta donde estoy ahora.
[  8.04- 15.44] Bueno, como bien sabéis, soy médium, hago sesiones privadas, hago directos,
[ 15.44- 21.90] hago mucho contenido y me hace especialmente ilusión contaros mi historia porque estoy
[ 21.90- 27.82] seguro que os podéis sentir identificados en algún momento. Yo no tengo nada que ver con
[ 27.82- 33.46] el mundo espiritual, aunque siempre he tenido sensación de ver y sentir más allá de lo que
[ 33.46- 39.30] los demás lo hacían. Eso siempre me acompaña. También en ocasiones puntuales de mi infancia y a
[ 39.30- 44.02] lo largo de mi vida, en algún momento, he tenido sensación de acompañamiento, aunque nunca he
[ 44.02- 49.94] llegado a ver nada, porque siempre me dio verdaderamente pánico y terror y nunca quise
[ 49.94- 56.04] mirar, pero sí sensación de acompañamiento y de saber que si miraba podía haber alguna presencia.
[ 57.82- 62.48] Con todo esto, yo seguí con mi vida, pues, estructurada como la mayoría de todos, ¿no?
[ 63.56- 70.22] Un trabajo, una familia, el ascender en el trabajo, el obtener objetivos económicos, bienes.
[ 71.00- 79.26] Y estando en un lugar muy bueno, muy bueno, en un trabajo bastante bien pagado,
[ 79.26- 81.76] en un trabajo en el que no sé cómo llegué ahí
[ 81.76- 85.10] pero alcancé sin pedir nada
[ 85.10- 87.96] un puesto muy codiciado por muchas personas
[ 87.96- 90.76] en el que necesitas una carrera específica
[ 90.76- 92.68] y yo no la tenía pero se me dio la oportunidad
[ 92.68- 96.02] yo tenía mi lugar, estaba en el mejor momento de mi vida
[ 97.18- 99.14] económicamente, a nivel de proyectos de vida
[ 99.98-102.02] con mi hija, me acababa de comprar mi casa
[102.02-104.14] venía mi segunda hija de camino
[105.02-106.90] y empecé de repente a sentir
[106.90-109.24] una sensación de no encajar
[109.24-110.98] que siempre había tenido a lo largo de mi vida
[110.98-113.04] y esto quiero dejarlo muy claro porque seguro
[113.04-115.18] que os resuena a muchos de vosotros y vosotras
[115.18-115.98] pero
[116.80-118.86] no sé, me empezó a agudizarse
[119.62-121.04] era como ese lugar no
[121.04-122.50] ese lugar no, ese lugar no
[123.04-125.06] yo no le hice caso evidentemente
[125.06-127.36] a esa voz, a esa sensación, a esa intuición
[127.36-129.40] y yo seguía y cada vez me iba peor
[130.40-131.20] pero no solo
[131.20-132.14] a nivel de trabajo
[132.14-134.84] sino yo me encontraba mal
[134.84-164.14] Era una sensación que no podía respirar, me faltaba el aire, no podía entrar por la puerta y cuando entraba, algo que todavía recuerdo es que siempre se me caía lo que llevaba en las manos. Se me caía el suelo, el tupper, la comida, el agua, la mochila y empezó a agudizarse hasta el punto en el que me dolía tanto la cabeza y una sensación en el estómago de no poder respirar que prácticamente dos o tres veces casi pierdo el conocimiento.
[166.00-168.28] evidentemente lo primero que pensé que era cuestión de salud
[168.28-169.68] entonces fui al médico
[169.68-171.08] me hice chequeos, me hice pruebas
[171.08-172.04] no había nada
[173.24-174.26] todo estaba bien
[176.32-178.28] pero yo sentía
[178.28-179.36] que no podía, que no podía
[179.36-181.72] y de repente un día estando allí
[182.24-183.48] algo, una voz me dijo
[184.06-185.62] este no es tu lugar, aquí ya no más
[187.50-190.14] y recuerdo que fue algo tan verdad
[190.14-191.58] que sentí tan profundo
[191.58-213.36] Segundo, que le hice caso. Hablé con mi mujer y le dije, sé que no vas a entender esto y te va a explotar la cabeza, pero sé que tengo que irme de ese lugar porque hay algo que espero, que sé que llega y me ha dicho que espere. Tengo que esperar.
[214.08-221.32] recuerdo la cara de mi mujer fue un cuadro pero realmente me vio mal y bueno pues también tuvo
[221.32-229.86] su proceso ella le costó pero al final me apoyó como siempre hace y bueno pues empecé a tener
[229.86-240.94] como comportamientos depresivos no me encontraba bien empecé a ir al psicólogo una sensación de
[240.94-247.98] pérdida de identidad es como si quien yo era ya no era se había caído de repente todas esas capas
[247.98-253.92] pues esos papeles todos los personajes y lo voy a decir así claro personajes que todos nos creamos
[253.92-258.38] que yo también me cree en la vida para las diferentes situaciones se me cayó todo de un
[258.38-267.52] plumazo me sentí vacío no me reconocía a mí mismo y no sabía quién era y en ese proceso empecé a ir
[267.52-275.06] al psicólogo que por cierto es una ayuda maravillosa y lo recuerdo mucho cariño él me
[275.06-280.06] enseñó a meditar porque él me decía que no veía nada en mí que no había ningún problema que
[280.06-286.16] solamente un poco de estrés pero nada fuera de lo normal pero yo le decía es que fantaseo mucho
[286.16-293.36] porque oigo voces me cuentan cosas veo a una persona y me hablan de esa persona sé lo que
[293.36-299.26] que le pasa o sea es como mucha información tanta que yo creo que algo en mí no está bien creo que
[299.26-310.04] me estoy volviendo loco y algo en mí no está bien fijaros nada pues eso continúa así ese año año un
[310.04-316.36] año un año con sus meses estuve en casa meditando día y noche y recuerdo que siempre estaba en el
[316.36-322.30] jardín fuera por la mañana todo el día y por la noche sólo entraba en mi casa pues a comer
[323.36-327.00] un poco y ya está. No quería que nadie me interrumpiese, no quería que nadie me llamase,
[327.08-331.96] no quería que nadie me hablase, porque yo esperaba algo, era como esperar, la sensación
[331.96-338.50] era espera, y yo esperaba, y esperaba, y esperaba, y esperaba, y no llegaba nada. Hubo un momento
[339.00-344.40] que tengo que confesar, en el que realmente pensé que había perdido la cabeza, sinceramente.
[344.78-348.48] Mi mujer también lo creyó, aunque no me lo dijo en el momento, lo hablamos después,
[349.42-377.16] pero algo había pasado extraño, no sabía explicarlo pero yo sentía que me había vaciado y que me tenía que llenar de verdad, era una sensación horrible pero a la vez no podía dejar de pensar en eso, en ese tiempo empecé a tener la necesidad de ver mediums, cosas de mediums, películas, documentales
[377.16-383.64] Me pasaba toda la madrugada viendo hasta por la mañana, buscando información, buscando, buscando, buscando, buscando.
[383.76-387.46] No sé por qué, pero buscando. Yo no sabía que existía todo este mundo.
[387.68-393.96] Yo tenía varios referentes más clásicos y me dedicaba a buscar información sobre ellos.
[394.42-402.90] Me pasaba toda la noche, todo el día, y luego el resto meditando, mirando al cielo, esperando el mensaje, esperando algo.
[402.90-412.94] un año entero lloré muchísimo lloré mucho porque yo pensaba que todo había se había acabado no había
[412.94-421.36] perdido la cabeza y pensé que de verdad que no iba a volver a recuperarlo y fue muy muy duro
[421.36-430.56] para mí ese año en este tiempo en ese año llegué un momento en el que recuerdo aquel día que sentí
[430.56-439.58] que me rendí me rendí solté todo y además dije me rindo hasta aquí ha llegado no puedo más me
[439.58-447.16] sentí derrotado me tumbé por lo que me tumbé me tapé la cabeza y solo quería que pasase el
[447.16-455.32] tiempo llegué a soltar a rendirme completamente en esos días tuve un sueño muy revelador en el
[455.32-462.08] que apareció mi abuela, que está en el otro plano, y vino a hablar conmigo.
[462.20-467.76] Vino a hablar conmigo, le conté lo que me pasaba o cómo me sentía y me dijo que no me preocupase, que me iba a ayudar.
[468.20-474.16] Fue un sueño tan real, tan real, que creo que es más real que lo que veo y toco a diario.
[474.72-481.00] Para mí ese sueño es muy importante porque a partir de ahí me cambió la vida, literal.
[481.62-489.16] empecé a tener sensaciones de conexión de compañía de amor de cariño mariposas plumas
[489.64-494.40] recuerdo que eran las señales empezaron a ser tan fuertes sin yo saber lo que significaba todo esto
[495.90-501.48] que salía afuera a la puerta de mi casa y las mariposas se me posaban era como si me estuviesen
[501.48-508.22] esperando en ese año apenas salía a la calle y con un lugar con mucho jardín y pasé mucho tiempo aquí
[508.22-517.22] y ese año fue muy duro, pero empezó a cambiar todo. En esos días también descubrí a Raúl por Instagram,
[517.50-527.36] Raúl Vaquero, que hoy en día es mi amigo y maestro, y bueno, pues fui a conocerlo, fui a que me filmase un libro
[527.98-533.12] que por casualidades de la vida me regalaron una persona que nunca me ha regalado un libro, solo esa vez en la vida
[533.12-541.72] y no entiendo por qué, pero bueno, todo se alineó para que yo pudiera estar ese día en un lugar donde iba a estar y firmar el libro.
[541.90-549.00] Y yo llegué allí con mi libro y recuerdo que tuve una sensación por el camino, una energía que me atravesaba el pecho
[549.52-556.70] y me veía arriba y dije, si esto es lo que estoy esperando o aquí hay alguna pista de qué es lo que me pasa y qué tengo que hacer,
[556.70-559.10] por favor, por favor le pedí a Dios
[559.10-561.34] por favor mándame la señal
[561.34-563.34] que yo pueda comprender, que pueda entender
[563.34-564.04] por favor
[564.72-565.98] y sucedió la magia
[566.84-569.30] llegué allí, aparqué en una posibilidad
[569.30-571.02] entre cuatro o cinco parkings
[571.02-572.62] que hay alrededor del lugar donde él estaba
[572.62-574.36] diferentes, parkings y coches
[575.16-577.00] entré y recuerdo que entré
[577.94-579.26] y se dio la vuelta
[579.26-580.82] y me miró y vino
[580.82-582.52] y me dijo, ¿nos conocemos de algo?
[582.76-585.32] yo le dije, no, yo no, o sea tú a mí no
[585.32-586.94] no, pero yo a ti sí, te veo en redes sociales,
[587.08-588.26] he venido a ver Crimes en Libre y tal.
[588.90-590.96] Me filmó en Libre y me dijo, quédate con nosotros,
[591.04-591.70] no te vayas.
[592.52-594.88] Estuvimos hablando por la mañana, era una feria
[594.88-596.76] esotérica de San Martín, recuerdo,
[597.72-599.36] y bueno, estuvimos charlando
[599.36-601.16] y me dijo que me quedase, que no me fuese
[601.16-602.12] cuando se fuese la gente.
[603.12-604.92] Estuvimos una charla maravillosa.
[605.26-606.02] Recuerdo que él me dijo,
[607.34-608.08] señalándome con el dedo,
[608.70-610.94] tú un día vas a ser medium y vas a ayudar
[610.94-613.10] a otras personas. Vas a dejar tu trabajo
[613.10-613.96] y te vas a dedicar a esto.
[615.32-618.64] Yo la verdad que me sorprendí mucho y tengo que confesar que no le creí
[619.64-622.84] porque yo pensé que se había confundido con otra persona, que no era yo.
[623.22-626.08] Yo le dije que yo sentía cosas, que había sentido alguna vez,
[626.14-629.54] pero tampoco nada fuera de tal, ¿no?
[629.56-631.56] Que yo no veía fallecidos ni halagones.
[631.62-632.40] Él se reía.
[633.32-635.76] Me dijo que le hiciese caso.
[637.28-640.24] Y la verdad que le hice caso, le hice caso.
[640.44-643.44] Y bueno, pues he aprendido muchas cosas de su mano.
[643.44-645.20] no, sigo aprendiendo
[645.20-647.34] porque con él nunca se deja
[647.34-648.96] de aprender muchas
[648.96-651.44] cosas, es muy enriquecedor
[651.44-652.44] para mí estar a su lado
[652.44-655.48] tenemos una bonita amistad, yo lo sigo respetando
[655.48-657.22] muchísimo, para mí
[657.22-659.00] es una figura
[659.00-659.96] un ejemplo a seguir
[659.96-662.98] y bueno, pues estoy aquí haciendo
[662.98-664.66] mis propias sesiones
[664.66-666.50] con mi propia comunidad de personas
[667.44-668.84] haciendo mis cursos
[668.84-670.92] bueno, la verdad que
[670.92-672.90] yo no me podía imaginar nunca
[672.90-682.78] que esto iba a ser así y la clave de todo esto es a creer en esa fuerza en esa voz que te dice que
[682.78-692.22] hay algo ahí que te hablan todo cambió cuando escuché a esa voz me hice caso y además fue con
[692.22-699.74] la compañía de una fuerza es muy importante escuchar esa voz es muy importante hacer caso
[699.74-705.34] a esa guía que llega en ese momento porque llegó en el momento en el que yo me rendí soy una persona
[705.34-710.74] que he montado negocios he tenido locales he estudiado he trabajado mucho he conseguido
[710.74-715.88] muchas cosas oposiciones pero dado muchas vueltas en la vida porque cuando llegaba a conseguir las
[715.88-721.52] cosas siempre había un vacío después vacío importante no me llenaban del todo no era eso
[721.52-729.68] era más el proceso el resultado con la mediunidad es diferente la mediunidad no hay un final si
[729.68-748.26] Siempre es ese proceso y eso es algo que amo y adoro y que también me hace de sufrir, que también me hace de desfallecer algunas veces en las que he necesitado la mano de algún amigo, incluso de Raúl, para reconducirme de alguna manera, para no rendirme, pero aquí estoy.
[748.26-776.32] Y una vez que he entrado en este mundo hay algo que sé con una certeza increíble y es que este es mi lugar, es como reconocer mi hogar, mi sitio, para lo que yo he venido y aquí estoy, aquí estoy aprendiendo cada día y caminando con muchísimas personas a las que acompaño en ese proceso de dolor, en ese proceso de despedida, en ese proceso de vuelo.
[778.26-784.16] He de decir que la mediunidad es algo muy serio, no es un juego, no es una adivinación.
[786.82-792.74] Y realmente para lo que sirve y para lo que es, es para llevar sanación a las almas,
[792.78-796.12] las almas del otro plano y a las almas que están aquí en este plano.
[796.40-805.66] Somos los medios como un canal, un puente, una unión, un reencuentro entre ambas almas de ambos planos.
[805.66-822.70] Y ese es nuestro trabajo. Hay que tener presente esa humildad del servicio y de la entrega y que cada día, a pesar y aparte de las sesiones que realizo, también contesto a personas, ayudo a personas, guío a personas en sus dudas.
[822.70-825.30] y por eso estoy haciendo también hoy este vídeo
[825.30-827.70] porque quiero que con mi historia
[827.70-831.66] pues podáis encontrar algo que os ayude
[831.66-833.82] si estáis en alguna de esas fases
[833.82-835.98] en ese camino recorrido de tanto dolor
[835.98-839.08] de ese vacío, de esa sensación de estar perdidos
[839.08-843.58] y que podáis, bueno, pues junto conmigo
[843.58-845.54] o gracias a esta historia
[845.54-847.54] podáis encontrar un poquito esa guía
[847.54-850.96] esa calma, ese por aquí, esa mano
[850.96-852.90] que os tiendo con todo mi cariño
[852.90-855.76] y bueno pues seguiré haciendo muchos más vídeos
[855.76-857.10] seguiré haciendo mucho más contenido
[857.10-860.22] porque hay muchas dudas que me planteáis
[860.22-862.72] y que yo pues según mi experiencia
[862.72-864.02] que es como siempre hablo
[864.02-865.74] creo que os puede ayudar mucho
[865.74-868.02] así que os mando un abrazo muy grande
[868.02-870.28] y espero que os guste este vídeo
[870.28-871.36] y que os ayude realmente
[871.36-876.48] y si encontráis alguna parte o toda que os ayuda
[876.48-879.48] pues por favor dejádmelo escrito
[879.48-886.46] porque para mí es un verdadero placer y un orgullo que os sirva realmente un abrazo cuidaros mucho

Palabras dudosas (probabilidad < 0,6): desde@3.00, médium,@11.74, el@27.82, haber@54.58, pero@81.76, yo@92.68, mi@93.68, una@106.90, pero@115.18, ese@121.04, y@128.22, es@143.14, y@150.18, de@159.22, me@169.68, Segundo,@191.58, recuerdo@214.08, bueno@219.36, ella@221.78, pues@247.98, de@283.08, a@290.80, que@293.36, o@293.82, nada@303.20, sólo@320.68, un@323.36, que@339.00, pero@354.64, Me@377.16, un@402.90, se@409.76, no@411.90, este@422.84, me@431.32, aquí@436.86, ha@437.08, por@441.92, que@455.32, el@459.60, sin@492.80, yo@492.98, que@495.90, y@498.56, y@504.92, aquí@507.98, y@508.22, que@527.98, esa@532.24, bueno,@534.66, veía@550.12, le@558.54, por@559.10, no,@585.32, ver@587.38, Crimes@587.42, por@593.02, porque@619.64, no,@643.44, tenemos@652.44, que@672.90, y@674.08, a@678.22, me@689.08, a@699.74, vacío@717.86, si@728.98, y@730.84, Y@748.26, hay@751.60, y@761.06, He@778.26, como@797.66, Y@805.66, porque@825.30, un@884.58, cuidaros@885.74

2341 palabras -> trabajo\transcripcion.json
Texto para corregir -> trabajo\guion.txt
Corrige nombres y cifras en ese archivo (una frase por línea) y ejecuta: anim.py alinear
Si Whisper escribió mal nombres propios, repite con --nombres "Nombre 1, Nombre 2" (no pisa un guion ya corregido).
