[  0.00-  4.68] Vengo a hablaros de un tema muy interesante y es el tema de los guías espirituales.
[  4.72- 11.58] Todos siempre nos hemos preguntado o nos preguntamos, incluso yo mismo, sigo preguntándome quiénes
[ 11.58- 14.92] son mis guías, cómo se llamarán, cómo serán.
[ 16.04- 23.32] Bueno, creo que es un tema bastante hablado, hay muchos libros escritos, hay muchos vídeos,
[ 23.48- 28.24] hay mucha información, pero yo os voy a hablar de mi propia experiencia o como yo entiendo
[ 28.24- 30.68] el tema de los guías espirituales
[ 30.68- 34.08] los guías espirituales
[ 34.08- 36.46] podríamos clasificarlos en
[ 36.46- 38.30] varios rangos
[ 38.30- 39.86] por decirlo de una forma
[ 39.86- 42.92] o diferentes guías espirituales
[ 42.92- 44.44] hay diferentes tipos de guías
[ 44.44- 46.20] espirituales, están
[ 46.20- 48.80] primeramente y según mi experiencia
[ 48.80- 50.54] según lo que yo he podido
[ 50.54- 52.52] percibir y mi conexión
[ 52.52- 54.60] con el otro lado y mi conexión con ellos
[ 54.60- 55.66] que me trajeron aquí
[ 55.66- 63.78] el mundo de la espiritualidad los más cercanos los más inmediatos los que siempre están ahí
[ 64.88- 72.54] y hacen mucho por mandarnos señales de alguna forma suelen ser familiares abuelos abuelas
[ 72.54- 79.48] incluso bisabuelos o bisabuelas generaciones anteriores que una vez que fallecen de alguna
[ 79.48- 88.16] forma y con un una potencia de grado sanguíneo no como los abuelos son tan importantes son tan
[ 88.16- 94.46] figuras son pilares importantes en los grupos familiares y sobre todo en el otro plano ellos
[ 94.46-103.78] se unen a nosotros durante un tiempo pero quizá hay una especie de posibilidad de tenerlos siempre
[103.78-107.02] siempre que los necesitemos para temas importantes, por supuesto.
[107.90-116.56] Nunca hay que olvidar que es bajo mi experiencia y que además es lo poco o lo mucho que me han ido enseñando
[116.56-121.78] porque hay muy poca información veraz en este sentido, cada uno tiene su propia experiencia,
[122.90-128.36] pero he ido documentando de alguna manera todo lo que he ido sintiendo
[128.36-135.74] y cuando me he comunicado con familiares con fallecidos que me cuentan que son vuestros guías
[135.74-141.68] lo que llamamos los ángeles de la guarda los ángeles de la guarda son nuestros abuelos nuestros
[141.68-151.36] ancestros nuestros padres nuestras madres etcétera y de alguna forma están ahí sintiendo porque yo
[151.36-156.34] creo que no nos ven como nosotros entendemos ver oír o ver todo lo que hacemos sino que hay una
[156.34-179.52] Una conexión espiritual a nivel de sensación. Yo creo que nos ven como energías y nos sienten como energías. Es esa telepatía, esa conexión que se siente cuando haces la sesión y te comunicas con el alma que está al otro lado. Realmente no ves, realmente no puedes, incluso muchas veces, distinguir muchas cosas, pero sientes esa energía que te habla.
[179.52-196.76] Pues ellos a nosotros nos ven de la misma forma. Ellos se unen a nosotros y en muchas sesiones me lo han enseñado y me lo han dicho así, se unen a nosotros y a nuestros hijos, a nuestras generaciones siguientes.
[196.76-210.02] Se unen de una forma como a modo de ángel de la guarda, que es una ayuda, un acompañamiento constante o más posible que estén cada vez que los necesitemos.
[211.78-221.18] Son almas increíbles y es como si hicieran un compromiso, una especie de compromiso de protegernos a nosotros o a nuestros hijos.
[223.72-226.64] ellos están incondicionalmente
[226.64-228.96] nos acompañan y en mi caso
[228.96-232.52] y mi experiencia es que en los momentos más importantes
[232.52-235.00] de mi vida o cuando verdaderamente
[235.00-238.30] lo necesitas y no solo para saber que están ahí
[238.30-241.18] porque hay un acontecimiento cercano
[241.18-244.36] o un momento en el que tienes que tomar una decisión crucial
[244.36-248.28] o situaciones de riesgo
[248.28-249.94] o de mucha importancia
[249.94-270.80] hay una especie de permiso que se les da desde el otro lado para prestarnos esa compañía, esa claridad o esa guía, porque nunca nos pueden decir lo que queremos saber, nunca pueden interferir en nuestro destino, ni para bien ni para mal,
[270.80-278.08] pero de alguna forma pueden guiarnos o darnos ese apoyo a modo de saber qué es lo que tenemos que
[278.08-284.08] hacer o soluciones que se nos ocurren y pensamos que somos nosotros no muchas veces decimos oye
[284.08-290.54] abuelita abuelo ayúdame por favor con esto mándame tal mándame cual y bueno pues se arregla el día
[290.54-296.28] siguiente o antes de que suceda desaparece o etcétera etcétera depende de la situación no
[296.28-303.98] pero en muchos casos en muchísimos y yo lo veo en las sesiones medium ellos nos ayudan y nos
[303.98-313.90] dan ese apoyo espiritual a modo de guía para que vayamos por el camino pues por el que tenemos que
[313.90-323.92] ir muchas veces en muchas ocasiones también pues hay personas y es muy normal el no entender por
[323.92-327.06] porque permiten que sucedan cosas o desgracias en las familias.
[327.12-329.12] Pero ahí tenemos que hablar del libre albedrío.
[329.48-333.16] El libre albedrío, como bien todos sabemos,
[334.64-341.04] es que hay una especie de contrato no plasmado, pero sí existente,
[341.16-346.12] donde no pueden interferir en lo que tenga que ocurrirnos
[346.12-348.14] o el aprendizaje por el que tengamos que atravesar.
[348.34-351.84] Nosotros vemos la vida como si esto fuese lo único
[351.84-370.64] o como si el ser humano es lo único que existe, no hay nada más, pero para nada es así, realmente no somos humanos, realmente somos almas viviendo en un cuerpo y en un mundo material, viviendo una experiencia en un cuerpo y un mundo material,
[370.64-394.64] Tenemos que tener un cuerpo material porque si no, no podríamos vivir esta experiencia. Entonces, se nos olvida que realmente la importancia es el alma y no es la funda, el cuerpo. Ellos lo ven de esa realidad, de esa manera. Por eso, muchas veces, si el camino del alma es un camino corto, pues tiene que ser así, porque ese alma ya lo pactó o porque es mejor así.
[394.64-400.06] si de alguna forma el aprendizaje o lo que ese alma vino a enseñar está cumplido,
[400.10-401.12] la misión está cumplida.
[402.22-404.60] Realmente hay que vernos como almas y no como cuerpos,
[404.66-406.30] aunque creamos que somos cuerpos.
[409.02-413.18] Los guías espirituales o ángeles de la guarda de nuestros seres queridos
[413.18-415.04] siempre velan por nosotros.
[415.76-419.32] Las sesiones a mí me muestran que están cerca, que están al lado,
[419.44-422.56] que nos cogen de la mano y en muchas ocasiones también,
[422.56-428.34] que nos ven mientras dormimos no es como si estuviesen a nuestro lado protegiéndonos
[428.34-434.70] mientras dormimos velando cuidando de nosotros en los sueños y por qué sucede esto en el mundo
[434.70-447.34] de los sueños es donde nuestro esta consciencia o nuestro alma viaja y se abre a mundos muy sin
[447.34-453.00] explorar no hay un poco de todo o depende de la vibración que tengamos podemos movernos por unos
[453.00-458.66] lugares o por otros y ellos cuidan de nosotros tenemos que saber en el mundo las energías están
[458.66-465.20] las energías de luz y están las energías son lo contrario de la luz entonces un poco nuestro alma
[465.20-476.24] puede viajar os puede ser conducido un poco por ciertos lugares o ciertos digamos dimensiones
[476.24-479.42] que pueden ser de una vibración muy alta o una no tan alta.
[480.36-481.36] Ellos velan por nosotros.
[481.96-484.68] Yo las experiencias que he tenido con mi ángel de la guarda más cercano,
[484.80-488.82] que en este caso es mi abuela, siempre han sido en sueños.
[489.08-490.92] Pero son unos sueños muy especiales.
[491.38-495.24] No todo lo que soñamos quiere decir, o no siempre que soñemos con ellos,
[495.28-499.78] quiere decir que son ellos realmente, que es ese momento.
[500.34-502.78] Porque también hay que distinguir un poco en el mundo de los sueños
[502.78-510.18] que a veces es nuestra conciencia, nuestro duelo, nuestros miedos, nuestras inquietudes,
[510.88-517.28] lo que nos preocupa y también la mente de alguna forma se libera.
[517.28-521.12] Y tenemos esos sueños tan extraños que no entendemos, donde les vemos sufriendo
[521.12-522.86] o que están enfadados con nosotros.
[523.24-529.06] Eso tiene que ver más con nuestras preocupaciones y nuestros miedos, más con nuestro duelo.
[529.06-556.96] Pero cuando hay sueños que sabemos que es más real que un sueño, donde hablamos con ellos y donde podemos recordar exactamente todo con exactitud, todas las palabras, todo lo que se ve, todo lo que se siente en el sueño, incluso la temperatura, el olor, la textura, bueno, pues eso nos indica que realmente no es un sueño como nosotros lo conocemos.
[556.96-565.50] no es un sueño como tal sino que es una experiencia de encuentro donde ellos se acercan y nos hablan o
[565.50-571.92] nos ayudan yo recuerdo que yo en un momento de mi vida en el que ya he contado en otro vídeo
[571.92-578.28] que tengo por aquí en youtube pues un poco mi experiencia con la vida donde yo creía en un
[578.28-583.16] mundo mejor y yo entendía la energía de las personas que intentaba ayudar a todo el mundo
[583.16-591.14] por donde fuese, empezando por mi propia familia y allá donde fuese y a base de muchas puertas
[591.14-596.40] cerradas me di cuenta que yo no podía cambiar a los demás. En un momento en el que me rendí,
[596.44-603.90] en un momento en el que tiré la toalla completamente y dije pues lo que sea que haya pues haz lo
[603.90-608.14] que quieras, yo me rindo, no puedo más. En ese momento soñé con ella, llegó en un
[608.14-615.34] un sueño y es curioso porque me trajo a otro de mis ancestros que necesitaba el perdón para
[615.34-624.54] continuar su alma y vino yo les yo le perdoné y nos abrazamos no recuerdo el abrazo como una
[624.54-631.52] realidad más real que esta no sé que es un poco extraño pero era tan real que sé que no es un
[631.52-640.18] sueño ahí no me hablo exactamente porque ellos no hablan hay que saber que ellos no hablan ellos es
[640.18-647.82] como sentir es como si podemos sentir y ver sus recuerdos no sus pensamientos es todo muy mental
[647.82-653.14] y muy telepático como en las sesiones medios al final el canal y la comunicación es la misma
[655.52-662.52] pero me ayudó a encontrar un propósito de vida que es mi propósito a día de hoy y que estoy aquí como
[662.52-671.28] medium ayudando a contactar las almas y también a llevar luz y esperanza a personas de alguna
[671.28-676.22] manera el ser humano como ser humanos que somos queremos controlar las cosas y queremos que el
[676.22-680.78] mundo espiritual se comporte de la forma en la que nosotros necesitamos y esto es un grave error
[680.78-687.48] porque el mundo material y el mundo espiritual son dos mundos completamente diferentes donde en
[688.22-694.06] uno el tiempo existe pero en el otro no y el tiempo en el espacio y tampoco existe el lenguaje
[694.06-700.34] como existe en el terrenal entonces es muy difícil la comunicación no podemos controlar eso y yo
[700.34-704.94] intento explicárselo a las personas pero es muy difícil no uno cuando está con el duelo uno cuando
[704.94-707.40] cuando está comunicándose con el otro lado,
[707.50-710.42] pero entendiéndolo desde una parte del mundo terrenal
[710.42-711.34] pues es muy complicado.
[711.48-714.40] Y parte de mi trabajo también es un poco enseñaros
[714.40-717.58] en las sesiones a comunicaros
[717.58-718.98] o a entender de alguna forma
[718.98-720.98] que hay posibilidad de comunicarse con ellos,
[721.02-723.00] que no es una comunicación verbal ni hablada
[723.00-726.88] con contestación rápida como nosotros en una conversación,
[726.98-730.10] sino que es más de sensaciones,
[730.12-733.90] de sentimientos, de emociones, de caricias,
[733.90-743.52] pero con el alma con el alma y no físicamente bueno deciros que hay otros tipos de guías
[743.52-751.82] espirituales donde muchas veces y la gran mayoría no sabemos quiénes son no se muestran porque a
[751.82-758.80] veces son energías simplemente no fueron humanos o no tuvieron forma buena entonces de alguna forma
[758.80-765.76] es muy difícil saber quiénes son a veces podemos jugar un poquito con ellos a pedir pistas pero
[765.76-772.10] hay muchos casos la gran mayoría en las que nunca dicen quiénes son o no revelan su nombre
[773.28-780.92] también creo que hay guías temporales algunos están para un ciclo de nuestra vida y otros están
[780.92-788.66] un poco como para todos por ejemplo podría ser el arcángel miguel esa figura yo trabajo con él
[788.66-805.64] Muchas veces yo le pido asistencia y de alguna forma he aprendido a leer y a entender cuándo está su presencia y cuándo está él al mando, o cuándo está ayudando o ofreciendo esa protección.
[806.94-829.40] Un poco el trabajo lo tenemos que hacer nosotros. Ellos tienen su forma de comunicarse y nosotros tenemos que aprender. Si queremos comunicarnos o si queremos contestar un poco a esas preguntas que tenemos, lo primero que tenemos que hacer es olvidarnos de que puedan o que queremos que se comporten como si fueran humanos.
[829.40-849.48] Eso es lo primero que nos hace frustrarnos porque nunca nos van a contestar cuando queremos que nos contesten. Pero sí podemos facilitarles el trabajo. ¿Cómo? Pues podemos darles gracias, podemos pedirles señales, pero creer en ellos, no cuestionar sus señales, creer en ellos y darle fuerza.
[849.48-857.66] números sensaciones canciones colores personas intuiciones sueños algo que no sabemos lo que
[857.66-862.88] es que no es una voz pero por lo que sea ese día en vez de ir por aquí vamos por allí o en vez de
[862.88-868.74] hablar con esta persona ese día no lo hacemos etcétera etcétera etcétera tenemos que dejar
[868.74-876.56] que nos guíen porque realmente ellos son guías entonces su trabajo su misión es un poco llevarnos
[876.56-882.62] a donde tenemos que ir y nosotros no podemos luchar o podemos evitar no podemos evitar que
[883.22-888.68] vayamos por donde tenemos que ir o el camino que está destinado para nosotros hay esa lucha y esa
[888.68-896.10] resistencia yo siempre digo y en mi caso funcionó así que lo mejor es dejarse guiar dejarse llevar
[896.10-903.52] y confiar es que confiar es la clave de todo esto cuando nos rendimos a la resistencia y
[903.52-907.48] y dejamos que sean ellos quienes nos guíen, sean quienes sean, da igual,
[908.46-909.68] sucede la magia, ¿no?
[909.68-914.00] De alguna manera vivimos más tranquilos y más libres,
[914.04-918.06] porque tenéis que entender que al final lo que tenga que sucedernos
[918.06-919.40] igualmente nos va a suceder.
[920.10-922.20] Es así, no podemos evitar las cosas, ¿no?
[922.28-925.40] Vivimos intentando controlar lo que viene, lo que no, cuándo, cómo.
[926.00-927.48] Tenemos que olvidarnos de todo eso.
[927.60-932.10] Ellos nos llevan siempre y cuando nosotros soltemos el control.
[932.62-955.52] Así que es importante que entendáis que para comunicarnos con ellos solo tenemos que dejar que nos hablen a través de colores, números, sensaciones, situaciones, etcétera, etcétera, personas incluso, porque a mí hay veces que hay personas a las que le echo una sesión o alguien con quien hablo y me han dado un mensaje que me dicen, no sé por qué, pero te tengo que decir esto.
[955.52-973.68] Y a lo mejor me dicen una frase o me dicen alguna palabra que yo entiendo muy bien el significado y a veces cuando yo no los escucho o estoy a otras cosas, incluso me hablan a través de personas. Pero hay que creer, porque en este mundo espiritual hay que creer para poder ver, no ver para creer. Es completamente al revés.
[973.68-992.28] Así que amigos, espero que os ayude un poquito todo esto. Quería expresarlo, quería compartirlo con todos vosotros porque sé que esto es muy importante y porque hay mucha duda y mucha... pues el no saber qué hay, cómo es, cómo hacerlo.
[992.28-1018.16] Dejarlo, dejaros llevar, hablarles, darles las gracias y sobre todo confiar en ellos y cuando les dais ese permiso ellos os van a guiar de una manera en la que de repente vais a empezar pues a ver esas señales que vosotros también entendéis, que son números o son personas que nos llamaban y que tal o donde os lleve la vida, fijaros este es un lugar que siempre me ha encantado y ahora resulta que me han dicho que vaya o no sé.
[1018.16-1029.80] No sé, dejaros llevar porque esa es la magia de vuestros guías espirituales, ¿no? Esa es la magia del mundo espiritual y además es que no podemos olvidar que somos espíritus, que se nos olvida.
[1031.86-1034.78] Entonces, también, por ejemplo, a mí me funciona mucho,
[1035.50-1037.02] tengo un cuaderno solo para ellos
[1037.44-1039.36] y yo cuando me quiero comunicar con ellos,
[1039.44-1042.34] pongo la fecha y les digo, bueno, de alguna forma,
[1042.70-1045.60] medito, me relajo, me tranquilizo, siempre que pueda,
[1045.70-1047.96] no tiene que ser algo forzado, tiene que ser algo natural,
[1048.62-1050.26] y les digo que si hay algo que me quieran decir.
[1050.44-1052.86] Y lo primero que me llegue, aunque sea una canción,
[1053.26-1056.52] yo lo escribo, pues cuando leo ese mensaje,
[1056.52-1058.78] siempre y os puedo decir siempre
[1059.42-1060.80] siempre hay un mensaje
[1060.80-1062.64] profundo que me da
[1062.64-1064.96] una respuesta a algo que yo necesitaba
[1064.96-1066.52] ese día y ahí está
[1066.52-1068.62] amigos, ahí está la forma en la que yo sé
[1068.62-1069.86] comunicar, así que
[1071.02-1073.06] creer en vuestros guías espirituales
[1073.66-1074.84] si os dicen los nombres
[1074.84-1076.22] bien, si no os lo dicen bien
[1076.22-1078.46] dejar que os lleven donde os tengan que llevar
[1079.32-1080.52] acordaros que tenéis a esos
[1081.20-1082.08] guías espirituales
[1083.00-1084.42] ángeles de la guarda que son nuestros
[1084.42-1092.64] ancestros que están ahí para que les pidamos ayuda y pues nada es un mundo fascinante donde
[1092.64-1096.94] hay que aprender a comunicarnos con un idioma que no existe pero que podemos inventar cada
[1096.94-1102.16] uno el nuestro y que es posible comunicarnos con ellos espero que os ayude todo esto y si
[1102.16-1106.72] os ha gustado el vídeo pues dejarme en los comentarios si esto os ayuda y si
[1106.72-1110.30] tenéis esas experiencias con vuestros guías espirituales gracias a todos

Palabras dudosas (probabilidad < 0,6): los@30.68, varios@36.46, según@48.80, el@55.66, los@57.20, o@74.48, que@76.04, forma@79.48, un@81.04, no@85.12, siempre@103.78, porque@116.56, cada@119.96, Una@156.34, Pues@179.52, Se@196.76, ellos@223.72, nos@226.64, de@246.14, y@280.58, no@282.14, en@297.86, medium@300.32, el@321.22, Tenemos@370.64, si@394.64, y@420.60, que@422.56, no@425.30, en@433.80, esta@437.32, o@438.98, no@447.90, las@457.82, por@469.50, no@478.88, en@488.44, que@502.78, Y@517.28, esos@517.84, Pero@529.06, sino@557.82, que@581.78, y@585.86, pues@601.06, pues@602.42, yo@618.34, les@618.96, yo@619.16, esta@626.42, ahí@631.82, medios@650.24, pero@655.52, que@658.76, medium@662.52, y@690.62, pues@710.42, con@734.94, buena@755.88, es@758.80, a@761.12, de@791.74, o@801.30, Eso@829.40, números@849.48, a@876.56, no@880.94, hay@886.62, porque@947.10, echo@949.66, Y@955.52, pues@986.90, Dejarlo,@992.28, y@997.78, No@1018.16, y@1056.96, yo@1068.32, y@1088.24

2815 palabras -> trabajo\guias\transcripcion.json
Texto para corregir -> trabajo\guias\guion.txt
Corrige nombres y cifras en ese archivo (una frase por línea) y ejecuta: anim.py alinear
Si Whisper escribió mal nombres propios, repite con --nombres "Nombre 1, Nombre 2" (no pisa un guion ya corregido).
