--- frase 1
  [  0]    0.06    0.18  0.83  Hoy
  [  1]    0.22    0.34  0.95  voy
  [  2]    0.34    0.40  0.74  a
  [  3]    0.42    0.70  0.99  contaros
  [  4]    0.74    0.82  0.98  una
  [  5]    0.82    1.14  0.98  historia
  [  6]    1.26    1.34  0.85  muy
  [  7]    1.36    1.92  0.95  interesante
  [  8]    4.64    4.90  0.99  sobre
  [  9]    5.58    5.82  0.66  los
  [ 10]    5.90    6.40  1.00  familiares
  [ 11]    6.44    6.48  0.98  o
  [ 12]    6.50    6.60  1.00  las
  [ 13]    6.64    6.99  0.98  personas
  [ 14]    7.00    7.07  1.00  que
  [ 15]    7.11    7.17  0.99  se
--- frase 2
  [ 16]    7.21    7.38  1.00  ponen
  [ 17]    7.41    7.46  1.00  en
  [ 18]    7.50    7.91  1.00  contacto
  [ 19]    7.95    8.32  1.00  conmigo
  [ 20]    8.45    8.71  0.99  algunas
  [ 21]    8.73    9.07  1.00  veces
  [ 22]    9.73    9.87  1.00  para
  [ 23]    9.93    9.99  0.98  que
  [ 24]   10.03   10.51  1.00  encuentre
  [ 25]   10.81   10.83  0.99  a
  [ 26]   11.11   11.29  0.98  sus
  [ 27]   11.33   11.59  0.94  seres
  [ 28]   11.61   12.03  1.00  queridos
  [ 29]   12.17   12.23  1.00  que
  [ 30]   12.29   12.35  1.00  no
--- frase 3
  [ 31]   12.45   12.77  1.00  saben
  [ 32]   13.03   13.23  1.00  dónde
  [ 33]   13.27   13.59  0.99  están
  [ 34]   13.79   13.81  0.99  o
  [ 35]   13.87   13.93  0.83  si
  [ 36]   13.97   14.17  0.97  están
  [ 37]   14.23   14.83  0.98  fallecidos
  [ 38]   15.27   15.29  0.99  o
  [ 39]   15.31   15.39  0.98  que
  [ 40]   15.41   15.47  1.00  no
  [ 41]   15.51   15.71  0.99  saben
  [ 42]   15.75   15.95  1.00  nada
  [ 43]   15.97   16.03  0.93  de
  [ 44]   16.05   16.17  0.97  hace
  [ 45]   16.23   16.43  0.98  mucho
  [ 46]   16.47   16.75  0.97  tiempo
--- frase 4
  [ 47]   17.35   17.47  0.98  Así
  [ 48]   17.49   17.55  0.47  que
  [ 49]   17.57   17.87  0.97  quédate
  [ 50]   18.57   18.63  0.99  que
  [ 51]   18.65   18.71  0.97  te
  [ 52]   18.73   18.79  0.99  lo
  [ 53]   18.81   18.91  0.98  voy
  [ 54]   18.91   18.95  0.85  a
  [ 55]   18.97   19.25  1.00  contar
--- frase 5
  [ 56]   19.43   19.71  1.00  Algunas
  [ 57]   19.73   20.09  1.00  veces
  [ 58]   20.47   20.63  0.99  como
  [ 59]   20.67   20.95  0.84  médium
  [ 60]   20.99   21.03  0.99  ya
  [ 61]   21.09   21.43  1.00  sabéis
  [ 62]   21.55   21.61  0.85  que
  [ 63]   22.21   22.25  0.99  no
  [ 64]   22.32   22.54  0.97  siempre
  [ 65]   22.59   22.84  1.00  son
  [ 66]   23.16   24.68  1.00  solamente
  [ 67]   25.16   25.74  0.98  sesiones
  [ 68]   25.84   26.62  1.00  despedidas
--- frase 6
  [ 69]   26.98   27.58  0.99  mensajes
  [ 70]   27.68   27.98  0.30  etcétera
  [ 71]   28.02   28.36  0.15  etcétera ?
  [ 72]   28.94   29.00  0.96  que
  [ 73]   29.04   29.20  0.93  suele
  [ 74]   29.24   29.38  0.96  ser
  [ 75]   29.98   30.16  0.98  gran
  [ 76]   30.30   30.60  1.00  parte
  [ 77]   30.80   31.08  0.93  del
  [ 78]   31.16   31.58  0.97  trabajo
  [ 79]   32.10   32.16  0.84  de
  [ 80]   32.20   32.26  0.87  un
  [ 81]   32.30   32.64  0.87  medium
  [ 82]   33.24   33.34  0.94  pero
  [ 83]   33.36   33.60  0.98  también
  [ 84]   33.62   33.70  0.98  hay
--- frase 7
  [ 85]   33.74   33.98  0.98  otras
  [ 86]   34.04   34.50  1.00  cosas
  [ 87]   35.02   35.38  0.99  aparte
  [ 88]   35.90   36.00  0.90  de
  [ 89]   36.38   36.56  0.98  esas
  [ 90]   36.60   37.16  0.99  sesiones
  [ 91]   37.26   37.83  0.99  privadas
  [ 92]   38.15   38.16  0.13  o ?
  [ 93]   38.20   38.47  0.97  esas
  [ 94]   39.23   39.89  0.99  despedidas
  [ 95]   39.95   40.23  0.32  etcétera
  [ 96]   40.27   40.57  0.04  etcétera ?
  [ 97]   41.55   41.63  0.96  que
  [ 98]   41.65   42.05  0.95  también
--- frase 8
  [ 99]   42.57   42.75  0.99  pues
  [100]   42.83   42.97  0.95  son
  [101]   43.03   43.13  0.94  muy
  [102]   43.15   43.75  1.00  interesantes
  [103]   44.03   44.05  0.97  y
  [104]   44.15   44.29  0.96  muy
  [105]   44.31   44.91  0.99  valiosas
  [106]   46.09   46.27  0.98  porque
  [107]   46.31   46.35  0.91  el
  [108]   46.39   46.63  0.99  medium
  [109]   46.67   46.81  0.99  puede
  [110]   46.83   47.03  0.99  hacer
  [111]   47.07   47.13  1.00  un
  [112]   47.19   47.37  1.00  gran
  [113]   47.43   47.83  0.96  trabajo
  [114]   47.99   48.09  0.99  una
  [115]   48.13   48.29  1.00  gran
--- frase 9
  [116]   48.35   48.59  0.88  labor
  [117]   48.97   49.01  0.78  y
  [118]   49.05   49.13  1.00  una
  [119]   49.15   49.33  0.96  gran
  [120]   49.37   49.65  1.00  ayuda
  [121]   49.89   49.91  0.98  a
  [122]   49.95   50.19  1.00  muchas
  [123]   50.21   50.67  1.00  familias
  [124]   51.13   51.31  0.65  porque
  [125]   51.33   51.41  0.92  por
  [126]   51.43   51.73  0.98  ejemplo
  [127]   51.79   52.01  0.99  como
  [128]   52.25   52.33  0.99  en
  [129]   52.37   52.57  0.99  este
  [130]   52.75   52.95  1.00  caso
  [131]   52.98   53.03  0.93  que
  [132]   53.05   53.09  0.54  os
  [133]   53.12   53.20  0.89  voy
  [134]   53.22   53.23  0.98  a
  [135]   53.26   53.58  1.00  contar
--- frase 10
  [136]   54.96   55.24  0.97  acuden
  [137]   55.26   55.28  1.00  a
  [138]   55.32   55.40  0.99  mí
  [139]   56.68   56.82  0.93  pues
  [140]   56.88   57.02  0.92  para
  [141]   57.12   57.38  0.11  saber ?
  [142]   57.46   57.54  0.34  no
  [143]   57.98   58.20  0.99  saber
  [144]   58.26   58.48  0.99  sobre
  [145]   58.60   58.70  0.95  su
  [146]   59.34   59.48  0.98  ser
  [147]   59.54   59.84  0.99  querido
  [148]   60.26   60.44  0.99  dónde
  [149]   60.50   60.68  0.98  está
  [150]   60.98   61.00  0.99  o
  [151]   61.08   61.14  0.89  si
  [152]   61.16   61.32  0.88  puede
  [153]   61.34   61.58  0.99  estar
  [154]   61.72   61.78  0.99  en
  [155]   61.80   61.94  0.99  este
  [156]   61.98   62.20  0.99  plano
--- frase 11
  [157]   62.34   62.36  0.95  o
  [158]   62.38   62.42  0.83  en
  [159]   62.44   62.52  0.97  el
  [160]   62.54   62.66  0.99  otro
  [161]   62.70   62.92  0.98  plano
  [162]   64.06   64.48  0.99  fijaros
  [163]   65.78   65.86  0.99  os
  [164]   65.88   65.96  0.98  voy
  [165]   65.98   66.00  0.88  a
  [166]   66.02   66.24  0.99  contar
  [167]   66.26   66.34  0.99  un
  [168]   66.38   66.64  1.00  caso
  [169]   68.77   68.86  0.95  muy
  [170]   68.91   69.42  1.00  peculiar
  [171]   69.58   69.67  0.96  que
  [172]   69.70   69.75  0.98  me
  [173]   69.79   70.11  0.94  ocurrió
  [174]   70.15   70.31  0.88  hace
  [175]   70.37   70.69  0.99  tiempo
--- frase 12
  [176]   72.33   72.57  0.97  donde
  [177]   72.65   72.73  0.97  yo
  [178]   73.07   73.63  0.93  empezaba
  [179]   73.91   73.99  0.56  en
  [180]   74.03   74.15  0.03  mis ?
  [181]   74.21   74.85  0.01  comienzos ?
  [182]   74.87   74.97  0.94  mis
  [183]   75.01   75.45  0.99  comienzos
  [184]   75.49   75.65  0.98  como
  [185]   75.71   76.01  0.86  medium
  [186]   76.47   76.63  0.58  donde
  [187]   76.71   76.79  0.39  yo
  [188]   79.05   79.19  0.95  pues
  [189]   79.23   79.53  0.99  empezaba
  [190]   79.55   79.57  0.07  a ?
  [191]   79.57   79.71  0.58  hacer
  [192]   79.75   79.89  0.99  mis
--- frase 13
  [193]   79.95   80.41  0.99  cosas
  [194]   80.45   80.47  0.99  a
  [195]   80.51   81.23  1.00  descubrir
  [196]   82.05   82.33  1.00  cosas
  [197]   82.39   82.89  0.99  impresionantes
  [198]   82.93   82.99  0.99  que
  [199]   83.03   83.07  0.95  me
  [200]   83.13   83.59  0.94  ocurrían
  [201]   83.66   83.73  0.82  no
  [202]   83.81   83.95  0.65  iba
  [203]   85.34   85.52  0.66  bueno
  [204]   85.62   85.76  0.81  pues
  [205]   85.80   85.92  0.91  por
  [206]   85.94   86.04  0.89  el
  [207]   86.14   86.50  0.93  mundo
  [208]   87.38   87.92  0.96  intentando
--- frase 14
  [209]   88.02   88.58  0.98  saber
  [210]   88.96   89.66  0.98  comprobar
  [211]   89.72   90.62  0.98  experimentar
  [212]   90.90   91.12  0.84  coger
  [213]   91.16   91.90  0.99  información
  [214]   92.10   92.38  0.84  coger
  [215]   92.82   93.32  0.93  experiencia
  [216]   94.12   94.14  0.97  y
  [217]   95.14   95.22  0.98  en
  [218]   95.26   95.36  0.98  un
  [219]   95.48   95.90  1.00  lugar
  [220]   96.92   97.20  0.99  donde
  [221]   97.30   97.48  0.99  bueno
  [222]   98.28   98.50  0.77  hubo
--- frase 15
  [223]   99.27   99.34  0.99  un
  [224]   99.39   99.84  0.99  encuentro
  [225]   99.89   99.97  0.66  con
  [226]   99.98  100.12  0.98  más
  [227]  100.19  100.73  0.99  personas
  [228]  101.59  101.67  0.95  en
  [229]  101.69  101.77  0.97  un
  [230]  101.85  102.19  0.99  retiro
  [231]  104.39  104.67  0.96  conocí
  [232]  104.71  104.73  0.89  a
  [233]  104.77  104.85  0.85  una
  [234]  104.89  105.29  0.98  persona
  [235]  106.01  106.13  0.96  que
  [236]  107.17  107.27  0.98  me
  [237]  107.37  107.83  0.97  eligió
  [238]  108.33  108.47  0.99  para
  [239]  108.51  108.59  0.99  que
  [240]  108.63  108.73  0.99  yo
  [241]  109.13  109.33  1.00  pues
  [242]  109.35  109.39  0.00  en ?
--- frase 16
  [243]  109.39  109.47  0.96  en
  [244]  109.49  109.65  0.99  una
  [245]  109.81  109.87  0.97  de
  [246]  109.91  110.05  1.00  las
  [247]  110.11  110.65  0.99  prácticas
  [248]  110.67  110.71  0.02  en ?
  [249]  110.71  110.77  0.66  uno
  [250]  110.77  110.81  0.31  de
  [251]  110.83  110.91  0.89  los
  [252]  110.95  111.47  1.00  ejercicios
  [253]  111.49  111.55  0.99  que
  [254]  111.55  111.97  0.97  hacíamos
  [255]  112.45  112.53  0.99  al
  [256]  112.55  112.69  0.90  aire
  [257]  112.73  112.97  0.97  libre
--- frase 17
  [258]  113.47  113.57  0.97  pues
  [259]  113.61  113.65  0.81  le
  [260]  113.67  113.99  0.88  hiciese
  [261]  114.19  114.31  0.99  una
  [262]  114.36  114.72  0.99  lectura
--- frase 18
  [263]  118.82  118.90  0.78  Era
  [264]  118.94  119.04  0.75  una
  [265]  119.08  119.46  0.90  persona
  [266]  119.56  119.66  0.91  que
  [267]  120.16  120.24  0.94  no
  [268]  120.30  120.38  0.93  se
  [269]  120.44  120.72  0.97  sabía
  [270]  120.78  121.00  0.88  nada
  [271]  121.06  121.14  0.93  que
  [272]  121.16  121.66  0.98  desapareció
  [273]  121.70  121.82  0.97  hace
  [274]  121.88  122.08  0.96  mucho
  [275]  122.12  122.46  0.85  tiempo
--- frase 19
  [276]  123.88  123.92  0.69  y
  [277]  124.74  124.92  0.76  bueno
  [278]  125.14  125.40  1.00  resulta
  [279]  125.44  125.52  0.97  que
  [280]  125.56  125.62  0.98  yo
  [281]  125.70  126.04  0.99  empecé
  [282]  126.16  126.18  0.93  a
  [283]  127.22  127.42  0.33  cerrar
  [284]  127.42  127.56  0.35  mis
  [285]  127.64  127.94  0.99  ojos
  [286]  127.98  128.22  0.97  empecé
  [287]  128.28  128.30  0.98  a
  [288]  128.32  128.88  0.99  percibir
--- frase 20
  [289]  129.48  129.69  0.78  hice
  [290]  129.76  129.81  0.97  mi
  [291]  129.87  130.37  0.99  apertura
  [292]  130.49  130.78  0.25  etcétera ?
  [293]  130.81  131.11  0.06  etcétera ?
  [294]  132.35  132.37  0.98  y
  [295]  132.43  132.73  0.94  ocurrió
  [296]  132.75  132.89  0.98  algo
  [297]  132.99  133.11  0.85  muy
  [298]  133.15  133.57  1.00  curioso
--- frase 21
  [299]  133.75  133.77  0.99  Y
  [300]  133.83  133.93  0.98  es
  [301]  133.99  134.07  0.96  que
  [302]  134.13  134.21  0.92  vi
  [303]  135.55  135.57  0.97  a
  [304]  135.61  135.73  1.00  una
  [305]  135.77  136.25  1.00  persona
  [306]  137.33  137.47  0.99  con
  [307]  137.53  137.83  0.68  un
  [308]  138.11  138.61  1.00  uniforme
  [309]  140.83  140.89  0.98  de
  [310]  140.91  140.97  0.98  la
  [311]  140.99  141.15  0.99  Guerra
  [312]  141.19  141.57  1.00  Mundial
  [313]  142.11  142.43  0.99  digamos
  [314]  143.41  143.93  0.23  como ?
  [315]  143.99  144.03  0.48  si
  [316]  144.05  144.21  0.93  fuera
  [317]  144.23  144.29  0.97  de
  [318]  144.33  144.51  0.98  los
  [319]  144.67  145.09  0.99  alemanes
--- frase 22
  [320]  147.84  147.86  0.80  Y
  [321]  147.90  148.02  0.81  eso
  [322]  148.04  148.08  0.58  me
  [323]  148.12  148.44  0.84  impactó
  [324]  148.48  148.74  0.83  mucho
--- frase 23
  [325]  149.94  150.12  0.66  Entonces
  [326]  150.14  150.18  0.18  se ?
  [327]  150.22  150.26  0.98  lo
  [328]  150.30  150.54  0.99  dije
  [329]  151.78  151.80  0.97  y
  [330]  151.88  152.20  0.99  resulta
  [331]  152.28  152.38  0.95  que
  [332]  155.12  155.26  0.97  esta
  [333]  155.30  155.62  1.00  persona
  [334]  155.70  155.82  0.99  era
  [335]  156.22  156.34  1.00  su
  [336]  156.42  156.84  0.00  abuelo ?
--- frase 24
  [337]  156.86  157.22  1.00  abuelo
  [338]  158.88  158.96  0.94  que
  [339]  159.02  159.30  0.99  había
  [340]  161.12  161.81  0.98  desaparecido
  [341]  163.59  163.67  0.95  en
  [342]  163.71  164.07  0.97  Uruguay
  [343]  165.27  165.29  0.98  y
  [344]  165.33  165.41  0.98  que
  [345]  165.41  165.47  0.88  le
  [346]  165.47  165.83  0.98  llamaban
  [347]  165.85  165.93  0.99  el
  [348]  165.97  166.29  1.00  alemán
  [349]  167.27  167.55  1.00  Resulta
  [350]  167.61  167.71  0.97  que
  [351]  168.07  168.29  0.99  este
--- frase 25
  [352]  168.33  168.55  1.00  hombre
  [353]  168.61  168.77  1.00  tuvo
  [354]  168.85  168.93  0.98  que
  [355]  168.95  169.21  0.82  huir
  [356]  169.29  169.39  0.98  de
  [357]  169.73  170.15  1.00  Alemania
  [358]  170.79  171.01  0.99  porque
  [359]  171.05  171.33  1.00  tenía
  [360]  171.51  171.61  0.99  un
  [361]  171.81  172.23  0.77  apellido
  [362]  172.37  172.69  1.00  judío
  [363]  174.09  174.11  0.54  y
  [364]  175.45  175.56  0.51  por
  [365]  175.59  175.97  0.87  desgracia
  [366]  176.06  176.38  0.06  tuvieron ?
--- frase 26
  [367]  176.46  176.56  0.20  que ?
  [368]  177.44  177.76  0.90  tuvieron
  [369]  177.82  177.90  0.37  que
  [370]  179.14  179.28  0.89  pues
  [371]  179.32  179.40  0.96  que
  [372]  179.44  179.70  0.80  huir
  [373]  179.76  179.84  0.92  no
  [374]  180.28  180.62  0.97  entonces
  [375]  180.72  180.80  0.76  en
  [376]  181.36  181.64  0.73  huyó
  [377]  182.00  182.02  0.91  a
  [378]  182.06  182.42  0.59  Uruguay
  [379]  183.74  184.06  1.00  conoció
  [380]  184.22  184.24  0.92  a
  [381]  184.64  184.76  0.99  una
  [382]  184.80  185.16  1.00  mujer
  [383]  186.24  186.46  0.81  tenían
  [384]  186.50  186.60  0.99  una
--- frase 27
  [385]  186.68  187.12  1.00  relación
  [386]  187.72  187.78  0.99  en
  [387]  187.82  187.88  1.00  la
  [388]  187.94  188.02  0.96  que
  [389]  188.06  188.14  0.99  él
  [390]  188.44  188.94  1.00  trabajaba
  [391]  189.00  189.06  0.97  en
  [392]  189.08  189.20  1.00  una
  [393]  189.28  189.64  1.00  parte
  [394]  189.86  190.02  0.94  ella
  [395]  190.06  190.14  0.99  en
  [396]  190.20  190.44  1.00  otra
  [397]  191.81  191.99  0.80  muy
  [398]  192.04  192.49  1.00  lejos
  [399]  192.61  192.63  0.98  y
  [400]  192.67  193.05  0.99  entonces
  [401]  193.85  194.05  0.95  bueno
  [402]  194.09  194.25  0.95  pues
--- frase 28
  [403]  194.31  194.41  0.98  él
  [404]  194.49  194.95  1.00  mandaba
  [405]  195.01  195.45  1.00  dinero
  [406]  196.75  196.93  1.00  para
  [407]  197.05  197.27  0.97  ella
  [408]  197.69  197.71  0.98  y
  [409]  198.29  198.37  0.94  te
  [410]  198.41  198.55  0.73  con
  [411]  198.57  198.87  0.99  planes
  [412]  198.91  199.01  0.92  pues
  [413]  199.03  199.07  0.81  de
  [414]  199.09  199.25  0.99  algún
  [415]  199.27  199.35  0.98  día
  [416]  199.41  199.43  0.95  a
  [417]  199.43  199.49  0.84  lo
  [418]  199.49  199.67  1.00  mejor
  [419]  199.71  200.13  1.00  casarse
  [420]  200.19  200.41  0.94  formar
--- frase 29
  [421]  200.43  200.51  0.91  una
  [422]  200.55  200.83  0.98  familia
  [423]  200.83  201.35  0.30  etcétera
  [424]  201.39  201.45  0.47  no
  [425]  202.07  202.33  0.99  resulta
  [426]  202.41  202.49  0.96  que
  [427]  204.09  204.27  0.96  bueno
  [428]  204.31  204.43  0.97  pues
  [429]  204.49  204.65  0.98  esta
  [430]  204.71  204.99  1.00  mujer
  [431]  205.09  205.23  1.00  quedó
  [432]  205.29  205.81  1.00  embarazada
  [433]  206.88  206.90  0.99  y
  [434]  207.84  207.98  0.99  él
  [435]  208.10  208.18  0.99  no
  [436]  208.44  208.52  0.99  lo
  [437]  208.56  208.80  1.00  sabía
--- frase 30
  [438]  208.86  209.20  0.99  todavía
  [439]  209.48  209.50  1.00  y
  [440]  209.56  209.80  1.00  dejó
  [441]  210.22  210.30  0.29  de ?
  [442]  210.34  210.90  0.29  mandar ?
  [443]  211.04  211.48  0.34  correos
  [444]  211.54  212.00  0.20  cartas ?
  [445]  212.76  213.08  0.02  etcétera ?
  [446]  213.12  213.42  0.01  etcétera ?
  [447]  217.60  217.66  0.71  la
  [448]  217.70  218.08  0.72  familia
  [449]  218.34  218.42  0.98  se
  [450]  218.46  218.88  0.98  preocupó
  [451]  219.54  220.20  0.99  evidentemente
--- frase 31
  [452]  220.32  220.46  0.99  pero
  [453]  220.50  220.54  0.95  en
  [454]  220.58  220.88  0.99  aquellos
  [455]  220.94  221.34  0.99  tiempos
  [456]  221.40  221.59  0.96  pues
  [457]  222.41  222.47  0.99  no
  [458]  222.53  222.59  0.99  se
  [459]  222.62  222.87  0.99  podía
  [460]  222.93  223.35  0.99  buscar
  [461]  223.97  224.03  0.98  de
  [462]  224.09  224.15  0.98  la
  [463]  224.23  224.45  1.00  forma
  [464]  224.49  224.53  0.00  en ?
  [465]  224.53  224.59  0.99  la
  [466]  224.63  224.71  0.99  que
  [467]  224.77  225.15  0.98  podríamos
  [468]  225.21  225.49  1.00  buscar
  [469]  225.53  225.69  0.88  hoy
  [470]  227.23  227.25  0.96  y
  [471]  227.31  227.51  0.96  nunca
--- frase 32
  [472]  227.55  227.65  0.86  más
  [473]  227.69  228.09  0.90  supieron
  [474]  228.29  228.61  0.95  supieron
  [475]  228.65  228.73  0.79  de
  [476]  228.77  228.81  0.09  él ?
  [477]  228.87  228.93  0.89  ni
  [478]  229.01  229.61  0.95  cartas
  [479]  229.85  229.93  0.73  ni
  [480]  229.99  230.23  0.74  nada
  [481]  231.79  231.81  0.96  y
  [482]  231.87  232.03  0.99  quedó
  [483]  232.09  232.15  0.92  la
  [484]  232.19  232.37  0.96  cosa
  [485]  232.45  232.47  0.62  y
  [486]  232.53  232.67  0.83  eran
  [487]  232.69  232.79  0.88  muy
  [488]  232.85  233.27  0.90  jóvenes
  [489]  233.69  233.81  0.99  pero
  [490]  233.81  233.91  0.25  ella ?
--- frase 33
  [491]  233.95  234.11  0.65  estaba
  [492]  234.11  234.63  0.94  embarazada
  [493]  235.43  235.63  0.44  bueno
  [494]  235.63  235.75  0.89  pues
  [495]  235.79  236.19  0.98  entonces
  [496]  237.47  237.53  0.99  la
  [497]  237.59  237.96  1.00  persona
  [498]  238.00  238.07  1.00  que
  [499]  238.09  238.16  0.99  me
  [500]  238.22  238.46  0.99  pidió
  [501]  239.06  239.22  0.99  esta
  [502]  239.28  239.62  0.99  sesión
  [503]  239.86  240.00  0.98  es
  [504]  240.18  240.24  0.07  la ?
  [505]  240.34  240.64  0.06  nieta ?
  [506]  240.96  241.02  0.23  que ?
  [507]  241.10  241.18  0.12  ya ?
  [508]  241.22  241.30  0.20  es ?
--- frase 34
  [509]  241.36  241.46  0.11  una ?
  [510]  241.50  241.70  0.14  mujer ?
  [511]  241.74  241.98  0.40  mayor
  [512]  244.00  244.36  0.98  fijaros
  [513]  245.14  245.44  1.00  resulta
  [514]  245.50  245.60  0.93  que
  [515]  247.14  247.26  0.11  me ?
  [516]  249.36  249.42  0.98  me
  [517]  249.46  249.80  1.00  impactó
  [518]  249.86  250.12  1.00  mucho
  [519]  250.18  250.24  0.99  no
  [520]  250.28  250.34  0.99  la
  [521]  250.40  250.66  1.00  forma
  [522]  250.88  250.94  0.99  en
  [523]  250.98  251.04  0.99  la
  [524]  251.12  251.20  1.00  que
  [525]  251.24  251.32  0.99  me
  [526]  251.54  251.92  0.98  empezaron
  [527]  251.94  251.96  0.99  a
--- frase 35
  [528]  252.00  252.47  1.00  comunicar
  [529]  252.50  252.56  0.99  no
  [530]  252.66  252.72  0.99  se
  [531]  252.75  252.81  0.97  me
  [532]  252.82  253.06  1.00  empezó
  [533]  253.10  253.12  0.99  a
  [534]  253.16  253.59  1.00  comunicar
  [535]  253.62  253.81  0.99  este
  [536]  253.87  254.09  1.00  alma
  [537]  254.75  254.87  1.00  pero
  [538]  254.89  255.01  0.92  hubo
  [539]  255.27  255.57  1.00  muchas
  [540]  255.61  255.71  0.99  más
  [541]  255.73  256.29  1.00  sorpresas
  [542]  257.41  257.57  0.93  este
  [543]  257.63  257.83  0.99  alma
  [544]  258.49  258.55  0.99  de
--- frase 36
  [545]  258.61  258.97  0.96  repente
  [546]  259.05  259.25  0.95  veo
  [547]  259.85  259.99  0.94  pues
  [548]  260.03  260.11  0.86  que
  [549]  260.15  260.19  0.84  es
  [550]  260.27  260.51  0.83  mira
  [551]  260.77  261.09  0.76  nos
  [552]  261.23  261.39  0.97  mira
  [553]  261.43  261.47  0.99  de
  [554]  261.53  261.85  0.99  frente
  [555]  261.89  261.95  0.98  se
  [556]  261.99  262.05  0.99  me
  [557]  262.09  262.31  1.00  coloca
  [558]  262.35  262.39  0.99  de
  [559]  262.43  262.75  0.99  frente
  [560]  263.37  263.39  0.93  y
  [561]  263.53  263.65  0.59  se
  [562]  265.05  265.33  0.92  digamos
  [563]  265.39  265.45  0.98  que
  [564]  265.49  265.63  0.98  veo
  [565]  265.69  265.77  0.98  la
--- frase 37
  [566]  265.85  266.01  1.00  cara
  [567]  266.05  266.09  0.99  de
  [568]  266.13  266.19  0.99  la
  [569]  266.23  266.51  1.00  mujer
  [570]  266.67  266.69  0.99  y
  [571]  266.75  266.85  0.99  él
  [572]  266.93  267.01  0.99  se
  [573]  267.07  267.35  0.99  coloca
  [574]  267.41  267.51  0.98  por
  [575]  267.56  267.83  0.99  detrás
  [576]  267.92  267.94  0.94  y
  [577]  267.98  268.33  0.95  encaja
  [578]  268.42  268.51  0.99  su
  [579]  268.57  268.77  1.00  cara
  [580]  269.54  270.38  0.96  exactamente
  [581]  271.04  271.10  0.96  en
  [582]  271.14  271.20  0.98  la
  [583]  271.24  271.42  0.99  cara
  [584]  271.46  271.52  0.94  de
  [585]  271.58  271.76  0.95  ella
--- frase 38
  [586]  272.98  273.04  0.99  me
  [587]  273.08  273.14  0.80  dio
  [588]  273.14  273.20  0.73  un
  [589]  273.22  273.42  0.97  vuelco
  [590]  273.44  273.48  0.66  el
  [591]  273.50  273.80  0.97  corazón
  [592]  273.84  273.86  0.99  y
  [593]  273.90  274.02  1.00  eso
  [594]  274.06  274.10  1.00  me
  [595]  274.14  274.34  1.00  quería
  [596]  274.40  274.68  1.00  decir
  [597]  275.02  275.50  1.00  evidentemente
  [598]  275.54  275.66  0.62  pues
  [599]  275.70  275.78  0.95  que
  [600]  275.84  275.92  0.99  se
  [601]  275.96  276.42  1.00  parecían
  [602]  276.46  276.80  0.96  mucho
  [603]  276.90  276.92  0.00  o ?
  [604]  277.06  277.18  0.00  que ?
--- frase 39
  [605]  277.18  277.24  0.96  que
  [606]  277.26  277.40  0.98  eran
  [607]  277.46  277.56  0.97  muy
  [608]  277.60  277.92  0.91  parecidos
  [609]  278.02  278.04  1.00  y
  [610]  278.12  278.20  0.99  es
  [611]  278.24  278.30  0.99  que
  [612]  278.34  278.48  0.99  eran
  [613]  278.52  279.04  1.00  exactos
  [614]  279.56  279.68  0.97  ella
  [615]  279.72  279.76  0.98  me
  [616]  279.86  280.26  1.00  confirmó
  [617]  280.42  280.56  0.80  pues
  [618]  280.62  280.70  0.80  que
  [619]  281.38  281.74  0.98  decían
  [620]  281.78  281.86  0.99  que
  [621]  281.92  282.00  1.00  su
  [622]  282.04  282.34  0.83  abuelo
  [623]  282.42  282.56  0.97  era
  [624]  283.08  283.19  0.99  era
--- frase 40
  [625]  283.29  283.43  0.99  una
  [626]  283.49  283.69  0.98  viva
  [627]  283.79  284.06  1.00  copia
  [628]  284.19  284.43  0.90  suya
  [629]  285.13  285.23  0.73  que
  [630]  286.97  287.15  0.43  bueno
  [631]  287.21  287.35  0.48  pues
  [632]  287.43  287.53  0.77  que
  [633]  288.77  289.01  0.97  nunca
  [634]  289.09  289.15  0.99  lo
  [635]  289.23  289.49  0.98  supo
  [636]  289.61  289.79  0.98  pero
  [637]  289.91  290.01  0.91  que
  [638]  290.19  290.25  0.99  su
  [639]  290.31  290.59  0.83  abuela
  [640]  291.71  291.85  0.97  pues
  [641]  291.89  292.11  1.00  dijo
  [642]  292.19  292.25  0.99  que
  [643]  292.29  292.41  0.97  ella
  [644]  292.47  292.55  0.99  se
--- frase 41
  [645]  292.61  292.95  1.00  parecía
  [646]  293.01  293.25  0.98  mucho
  [647]  295.35  295.73  0.96  fijaros
  [648]  295.83  298.15  0.05  como ?
  [649]  298.27  298.44  0.71  como
  [650]  298.54  298.71  0.91  como
  [651]  298.77  299.10  0.96  comenzó
  [652]  299.18  299.31  0.96  todo
  [653]  299.36  299.42  0.44  lo
  [654]  299.48  299.56  0.91  que
  [655]  299.62  300.04  0.92  curioso
  [656]  300.26  300.34  0.71  que
  [657]  300.36  300.42  0.61  de
  [658]  300.48  301.20  0.29  coincidencias ?
  [659]  301.22  301.28  0.10  no ?
--- frase 42
  [660]  301.88  302.00  0.52  esa
  [661]  302.04  302.34  0.46  magia
  [662]  302.34  302.50  0.64  esas
  [663]  302.52  303.06  0.87  coincidencias
  [664]  304.46  304.62  0.92  esas
  [665]  304.66  305.12  0.88  casualidades
  [666]  305.14  305.20  0.98  que
  [667]  305.22  305.26  0.99  no
  [668]  305.30  305.66  0.98  existen
  [669]  306.30  306.44  0.62  ahí
  [670]  308.22  309.22  0.84  conseguimos
  [671]  309.30  309.62  0.99  seguimos
  [672]  309.66  309.82  0.95  con
  [673]  309.86  309.92  0.99  la
--- frase 43
  [674]  309.98  310.40  0.98  sesión
  [675]  310.50  310.84  0.97  seguimos
  [676]  310.90  311.32  0.96  hablando
  [677]  312.36  312.70  1.00  resulta
  [678]  312.80  312.88  0.99  que
  [679]  313.02  313.14  0.98  él
  [680]  313.18  313.26  0.99  me
  [681]  313.32  313.69  1.00  mostró
  [682]  314.87  315.03  0.96  pues
  [683]  315.07  315.15  0.94  que
  [684]  315.19  315.25  0.99  lo
  [685]  315.29  315.93  0.98  metieron
  [686]  316.69  316.87  0.74  hubo
  [687]  316.97  317.21  0.80  como
  [688]  317.73  317.79  0.67  me
  [689]  317.81  318.13  0.95  explicó
  [690]  318.21  318.29  0.98  que
  [691]  318.31  318.43  0.74  hubo
--- frase 44
  [692]  318.53  318.71  0.95  como
  [693]  318.79  318.91  0.87  una
  [694]  319.03  319.63  0.93  cacería
  [695]  320.03  320.11  0.96  una
  [696]  320.15  320.45  0.98  especie
  [697]  320.47  320.53  0.98  de
  [698]  320.57  320.93  0.98  cacería
  [699]  321.49  321.67  0.94  donde
  [700]  321.71  321.87  0.90  todas
  [701]  321.87  321.97  0.90  las
  [702]  322.01  322.53  1.00  personas
  [703]  323.43  323.61  0.98  con
  [704]  324.13  324.43  0.99  origen
  [705]  324.51  324.93  1.00  alemán
  [706]  325.31  325.47  0.99  eran
--- frase 45
  [707]  325.57  326.27  0.99  perseguidas
  [708]  326.95  327.03  0.95  no
  [709]  327.13  327.23  0.94  sé
  [710]  327.31  327.41  0.98  qué
  [711]  327.53  327.91  1.00  ocurrió
  [712]  328.01  328.15  0.99  como
  [713]  328.19  328.27  0.99  una
  [714]  328.35  328.75  0.97  revuelta
  [715]  328.83  329.00  0.99  algo
  [716]  329.06  329.12  0.99  que
  [717]  329.18  329.56  1.00  sucedió
  [718]  331.12  331.26  0.98  pero
  [719]  331.30  331.36  0.98  lo
  [720]  331.40  331.94  0.98  cogieron
  [721]  332.42  332.44  0.99  y
  [722]  332.50  332.58  0.99  él
  [723]  332.62  332.68  0.99  me
  [724]  332.74  333.06  1.00  mostró
--- frase 46
  [725]  334.12  334.18  1.00  que
  [726]  334.20  334.26  1.00  le
  [727]  334.28  334.52  0.87  pusieron
  [728]  334.52  334.62  0.95  una
  [729]  334.66  335.04  1.00  pistola
  [730]  335.52  335.64  0.79  en
  [731]  335.70  335.78  0.97  un
  [732]  335.84  336.06  0.99  lado
  [733]  336.48  336.60  0.96  del
  [734]  336.62  336.92  0.94  vientre
  [735]  336.96  337.04  0.98  no
  [736]  337.34  337.36  0.99  y
  [737]  337.46  337.52  0.99  lo
  [738]  337.56  337.84  0.96  metieron
  [739]  337.88  337.94  0.97  en
  [740]  337.96  338.04  0.99  un
  [741]  338.08  338.40  0.99  coche
  [742]  339.40  339.42  1.00  y
  [743]  339.46  339.96  0.98  conducieron
  [744]  340.00  340.12  0.99  por
  [745]  340.16  340.22  0.99  la
--- frase 47
  [746]  340.28  340.58  1.00  noche
  [747]  340.82  340.84  0.99  y
  [748]  340.88  340.94  0.99  lo
  [749]  340.96  341.26  0.99  llevaron
  [750]  341.34  341.68  1.00  lejos
  [751]  341.76  341.82  0.99  la
  [752]  341.86  342.10  0.85  verdad
  [753]  342.14  342.24  0.98  que
  [754]  342.52  342.66  0.99  fue
  [755]  342.72  343.06  1.00  lejos
  [756]  344.19  344.38  0.97  había
  [757]  344.44  344.56  0.99  más
  [758]  344.64  345.25  1.00  personas
  [759]  345.29  345.35  0.99  en
  [760]  345.37  345.52  0.99  ese
  [761]  345.58  345.87  0.99  coche
  [762]  346.13  346.15  0.99  y
  [763]  346.47  346.65  0.74  hubo
  [764]  346.71  346.87  1.00  más
  [765]  346.93  347.39  1.00  viajes
--- frase 48
  [766]  347.77  347.95  0.98  en
  [767]  348.09  348.35  0.98  aquella
  [768]  348.41  348.71  0.99  noche
  [769]  349.75  349.97  0.91  hacia
  [770]  349.99  350.11  0.70  ese
  [771]  350.17  350.41  1.00  lugar
  [772]  350.85  350.87  1.00  a
  [773]  350.93  350.99  1.00  mí
  [774]  351.07  351.17  0.99  me
  [775]  351.55  351.95  0.97  mostraba
  [776]  352.01  352.15  0.97  pues
  [777]  352.21  352.67  0.98  un
  [778]  352.73  353.01  1.00  final
  [779]  353.59  353.75  0.73  muy
  [780]  354.61  355.01  0.98  trágico
  [781]  355.09  355.17  0.98  no
  [782]  355.25  355.49  0.99  donde
  [783]  356.41  356.71  0.98  había
  [784]  357.29  357.61  0.99  más
--- frase 49
  [785]  357.97  358.55  0.99  cuerpos
  [786]  358.67  359.05  0.57  mapean
  [787]  359.13  359.45  0.89  más
  [788]  361.14  361.26  0.39  las
  [789]  361.32  361.90  0.57  personas
  [790]  362.38  362.54  0.51  allí
  [791]  363.02  363.08  0.68  de
  [792]  363.08  363.28  0.74  alguna
  [793]  363.32  363.54  0.61  forma
  [794]  364.54  364.56  0.90  y
  [795]  365.88  365.96  0.98  él
  [796]  366.04  366.14  0.98  fue
  [797]  366.20  366.32  0.98  uno
  [798]  366.36  366.60  0.99  más
  [799]  367.48  367.98  1.00  incluso
  [800]  368.72  368.94  0.96  semi
  [801]  369.02  369.46  1.00  enterrados
--- frase 50
  [802]  369.50  369.56  0.91  ni
  [803]  369.60  369.92  0.97  siquiera
  [804]  369.92  370.22  0.96  llegaron
  [805]  370.24  370.26  0.52  a
  [806]  370.26  370.48  0.75  hacer
  [807]  370.94  371.10  0.81  unos
  [808]  371.14  371.40  0.83  buenos
  [809]  372.96  373.38  0.92  enterrarlo
  [810]  373.50  373.54  0.41  de
  [811]  373.54  373.64  0.96  una
  [812]  373.70  373.92  0.98  forma
  [813]  374.82  375.05  0.98  mucho
  [814]  375.08  375.35  0.98  más
  [815]  376.59  377.21  0.99  respetuosa
--- frase 51
  [816]  378.91  378.99  0.99  sí
  [817]  379.05  379.13  0.99  que
  [818]  379.15  379.21  0.99  me
  [819]  379.25  379.69  1.00  mostraba
  [820]  380.69  380.79  0.98  que
  [821]  381.09  381.41  0.99  fíjate
  [822]  381.45  381.53  0.96  que
  [823]  381.65  381.99  0.99  sabía
  [824]  382.11  382.33  0.99  cuando
  [825]  382.37  382.49  0.81  iba
  [826]  382.51  382.55  0.53  en
  [827]  382.57  382.73  0.98  ese
  [828]  382.79  383.05  0.99  coche
  [829]  383.69  383.77  0.98  que
  [830]  383.87  383.95  0.92  no
  [831]  384.59  384.73  0.68  iba
  [832]  384.75  384.77  0.01  a ?
  [833]  384.77  385.05  0.92  volver
  [834]  385.73  385.75  0.95  a
  [835]  385.79  385.93  0.71  ver
  [836]  386.59  386.61  0.87  a
  [837]  386.67  386.75  0.89  su
--- frase 52
  [838]  386.81  387.09  0.89  amada
  [839]  387.37  387.45  0.76  él
  [840]  387.55  387.85  0.77  sabía
  [841]  388.53  388.59  0.92  que
  [842]  388.63  388.79  0.91  nunca
  [843]  388.83  388.97  0.92  más
  [844]  389.01  389.11  0.69  iba
  [845]  389.15  389.17  0.01  a ?
  [846]  389.17  389.39  0.95  volver
  [847]  389.41  389.43  0.83  a
  [848]  389.45  389.69  0.81  verla
  [849]  392.08  392.18  0.99  él
  [850]  392.22  392.28  0.99  me
  [851]  392.34  392.80  1.00  mostraba
  [852]  392.88  392.94  0.99  yo
  [853]  393.00  393.06  0.99  le
  [854]  393.08  393.62  0.99  preguntaba
  [855]  393.94  393.96  0.99  y
  [856]  394.04  394.12  0.99  yo
  [857]  394.16  394.42  0.98  veía
  [858]  394.62  394.74  1.00  una
--- frase 53
  [859]  394.78  395.14  0.99  especie
  [860]  395.18  395.26  0.99  de
  [861]  395.36  395.70  0.76  llano
  [862]  395.82  395.88  1.00  de
  [863]  395.98  396.26  1.00  claro
  [864]  396.38  396.68  0.98  muy
  [865]  396.76  397.18  1.00  grande
  [866]  397.74  397.86  1.00  con
  [867]  397.88  398.04  1.00  unas
  [868]  398.08  398.54  1.00  montañas
  [869]  398.58  398.66  0.99  en
  [870]  398.68  398.76  0.99  el
  [871]  398.84  399.12  1.00  fondo
  [872]  399.18  399.34  0.99  pero
  [873]  400.40  400.48  0.99  yo
  [874]  400.56  400.62  1.00  no
  [875]  400.72  401.36  1.00  entendía
  [876]  401.44  401.50  0.99  de
--- frase 54
  [877]  401.54  401.96  1.00  lugares
  [878]  402.00  402.24  0.95  nunca
  [879]  402.28  402.48  1.00  pude
  [880]  402.52  402.90  1.00  saberlo
  [881]  402.96  403.02  1.00  no
  [882]  403.22  403.24  1.00  y
  [883]  403.36  403.56  1.00  esta
  [884]  403.60  404.04  1.00  persona
  [885]  404.52  404.66  0.99  esta
  [886]  404.70  405.02  1.00  mujer
  [887]  405.08  405.30  1.00  pues
  [888]  405.50  406.05  0.98  tampoco
  [889]  406.26  406.37  1.00  se
  [890]  406.40  406.62  1.00  podía
  [891]  406.69  407.23  0.93  imaginar
  [892]  407.29  407.35  1.00  la
--- frase 55
  [893]  407.43  407.67  1.00  zona
  [894]  407.71  407.85  1.00  más
  [895]  407.91  407.93  0.99  o
  [896]  407.97  408.23  1.00  menos
  [897]  408.29  408.45  1.00  pero
  [898]  408.49  408.61  0.65  era
  [899]  408.67  408.77  0.77  muy
  [900]  408.79  409.25  1.00  difícil
  [901]  409.87  410.01  0.99  pero
  [902]  410.03  410.11  1.00  al
  [903]  410.13  410.41  1.00  menos
  [904]  411.91  412.61  0.99  conseguimos
  [905]  412.81  412.95  0.96  en
  [906]  413.49  413.65  0.44  bueno
  [907]  413.69  413.95  0.97  darle
  [908]  414.77  414.87  0.99  un
  [909]  414.99  415.43  0.98  cierre
  [910]  416.05  416.07  0.99  a
--- frase 56
  [911]  416.15  416.25  1.00  una
  [912]  416.27  416.69  0.99  historia
  [913]  417.25  417.33  1.00  que
  [914]  417.37  417.65  1.00  tenía
  [915]  417.85  418.11  1.00  más
  [916]  418.35  418.45  0.98  de
  [917]  419.05  419.11  0.99  no
  [918]  419.19  419.29  0.98  sé
  [919]  419.49  419.63  0.90  era
  [920]  419.67  419.79  0.96  del
  [921]  419.83  421.54  0.00  1940 ?
  [922]  421.54  421.56  0.83  y
  [923]  421.62  421.80  0.97  algo
  [924]  421.94  422.36  0.97  fijaros
  [925]  422.42  422.50  0.99  la
  [926]  422.56  423.10  0.89  cantidad
  [927]  423.14  423.20  0.99  de
  [928]  423.26  423.52  0.99  años
  [929]  423.56  423.62  0.99  que
  [930]  423.64  423.88  0.97  hacía
  [931]  423.92  423.98  0.84  de
  [932]  424.02  424.22  0.98  eso
--- frase 57
  [933]  425.96  426.26  0.99  aquella
  [934]  426.36  426.64  1.00  época
  [935]  426.68  427.02  0.99  aquellos
  [936]  427.16  427.58  1.00  coches
  [937]  427.62  427.74  1.00  con
  [938]  427.76  427.96  0.99  esas
  [939]  428.02  428.30  1.00  ruedas
  [940]  428.34  428.50  0.99  tan
  [941]  428.64  429.06  1.00  finas
  [942]  429.44  429.86  1.00  incluso
  [943]  430.32  430.46  1.00  como
  [944]  430.52  430.60  1.00  si
  [945]  430.64  431.02  1.00  tuviesen
  [946]  431.16  431.54  0.97  radios
  [947]  432.16  432.28  0.99  era
--- frase 58
  [948]  432.56  433.22  0.99  increíble
  [949]  433.68  433.92  0.97  todo
  [950]  434.18  434.38  0.98  todo
  [951]  434.44  434.52  0.98  lo
  [952]  434.56  434.64  0.98  que
  [953]  434.66  434.74  0.94  me
  [954]  434.80  435.12  1.00  mostró
  [955]  435.38  435.56  0.98  como
  [956]  435.64  435.70  0.86  me
  [957]  435.74  435.82  0.96  lo
  [958]  435.86  436.17  1.00  mostró
  [959]  436.35  436.50  0.90  como
  [960]  436.56  436.61  0.70  me
  [961]  436.67  437.11  0.81  enseñó
  [962]  438.45  438.51  0.99  me
  [963]  438.55  438.71  0.90  hizo
  [964]  438.79  439.17  0.99  sentir
  [965]  439.27  439.37  0.89  que
--- frase 59
  [966]  441.51  441.61  0.93  yo
  [967]  441.73  441.89  0.77  iba
  [968]  443.59  443.71  0.66  ahí
  [969]  443.79  443.85  0.97  en
  [970]  443.87  444.01  0.99  ese
  [971]  444.05  444.35  0.98  coche
  [972]  444.79  444.81  0.97  y
  [973]  444.87  444.95  0.97  que
  [974]  445.01  445.11  0.94  yo
  [975]  445.99  446.07  0.98  yo
  [976]  446.19  446.41  1.00  pude
  [977]  446.51  446.85  1.00  sentir
  [978]  446.89  446.91  1.00  a
  [979]  446.95  447.19  1.00  través
  [980]  447.27  447.33  0.93  de
  [981]  447.43  447.53  0.98  él
  [982]  447.73  447.75  0.99  y
  [983]  447.87  447.95  0.99  de
  [984]  448.15  448.27  1.00  su
  [985]  448.59  449.03  1.00  cuerpo
  [986]  449.47  449.81  1.00  podemos
  [987]  449.85  450.17  0.98  decirlo
--- frase 60
  [988]  450.21  450.27  0.77  de
  [989]  450.29  450.39  0.81  ese
  [990]  450.45  450.83  0.99  recuerdo
  [991]  452.12  452.19  0.98  que
  [992]  452.25  452.33  0.97  no
  [993]  452.50  452.62  0.81  iba
  [994]  452.65  452.68  0.01  a ?
  [995]  452.68  452.81  0.18  volver ?
  [996]  452.83  452.86  0.00  a ?
  [997]  452.88  453.14  0.99  salir
  [998]  453.16  453.22  0.97  de
  [999]  453.24  453.36  0.66  ahí
  [1000]  453.80  453.88  0.98  él
  [1001]  453.90  453.96  0.98  lo
  [1002]  454.02  454.34  0.95  sabía
  [1003]  454.50  454.58  0.98  él
  [1004]  454.62  454.72  0.35  iba
  [1005]  454.74  454.78  0.48  en
  [1006]  454.84  455.32  1.00  silencio
  [1007]  455.94  456.28  0.98  sabiendo
  [1008]  456.36  456.42  0.99  que
  [1009]  456.46  456.52  0.99  no
  [1010]  456.58  456.70  0.78  iba
  [1011]  456.72  456.74  0.05  a ?
  [1012]  456.76  456.98  1.00  volver
  [1013]  457.02  457.04  0.99  a
  [1014]  457.06  457.18  0.95  ver
  [1015]  457.20  457.22  0.99  a
  [1016]  457.26  457.36  0.99  los
  [1017]  457.40  457.68  1.00  suyos
--- frase 61
  [1018]  459.16  459.28  0.94  Fue
  [1019]  459.40  459.60  0.69  muy
  [1020]  460.00  460.46  0.98  fuerte
  [1021]  460.68  460.84  0.67  muy
  [1022]  460.86  461.66  0.99  impactante
  [1023]  462.18  462.20  0.99  y
  [1024]  462.68  462.78  0.99  me
  [1025]  462.84  463.12  0.93  hizo
  [1026]  463.18  463.28  0.93  de
  [1027]  465.16  465.24  0.97  al
  [1028]  465.28  465.52  0.98  menos
  [1029]  466.22  466.32  0.75  de
  [1030]  467.56  468.00  0.99  pensar
  [1031]  468.97  469.07  0.98  que
  [1032]  469.19  469.47  1.00  dentro
  [1033]  469.51  469.55  0.99  de
  [1034]  469.59  469.63  0.99  lo
  [1035]  469.65  469.71  0.65  que
  [1036]  469.73  469.79  0.96  es
  [1037]  469.81  469.87  0.99  la
  [1038]  469.91  470.51  0.85  mediunidad
  [1039]  470.77  470.91  0.98  las
  [1040]  470.95  471.97  0.98  despedidas
--- frase 62
  [1041]  472.05  472.33  0.75  las
  [1042]  472.79  472.99  0.53  bueno
  [1043]  473.07  473.23  0.62  los
  [1044]  473.39  473.61  0.84  todas
  [1045]  473.67  473.81  0.94  son
  [1046]  474.31  474.43  0.99  con
  [1047]  474.49  474.59  0.99  su
  [1048]  474.65  474.95  1.00  dolor
  [1049]  475.03  475.21  0.99  pero
  [1050]  475.65  475.67  0.99  a
  [1051]  475.71  475.95  0.98  veces
  [1052]  475.99  476.17  0.93  son
  [1053]  476.97  477.13  0.94  bueno
  [1054]  477.17  477.97  0.95  despedidas
  [1055]  478.79  478.81  0.67  o
  [1056]  479.23  479.47  0.99  cosas
  [1057]  479.51  479.57  0.98  que
  [1058]  479.59  479.65  0.96  no
  [1059]  479.69  479.75  0.96  se
  [1060]  479.75  479.85  0.98  han
  [1061]  479.87  480.07  1.00  dicho
--- frase 63
  [1062]  480.15  480.27  0.94  pero
  [1063]  480.31  480.47  0.99  este
  [1064]  480.51  480.77  1.00  caso
  [1065]  480.81  480.89  0.98  era
  [1066]  480.95  481.01  0.99  un
  [1067]  481.03  481.27  1.00  caso
  [1068]  481.73  482.15  1.00  brutal
  [1069]  482.24  482.30  0.96  no
  [1070]  483.94  484.04  0.99  era
  [1071]  484.12  484.24  0.92  muy
  [1072]  484.30  484.68  0.97  fuerte
  [1073]  485.90  485.92  0.96  y
  [1074]  485.96  486.16  0.86  bueno
  [1075]  486.52  486.62  1.00  al
  [1076]  486.68  486.92  1.00  menos
  [1077]  486.98  487.20  1.00  pude
  [1078]  487.26  487.40  1.00  dar
  [1079]  487.44  487.46  0.96  a
  [1080]  487.50  487.68  0.99  esa
  [1081]  487.76  488.16  0.99  familia
--- frase 64
  [1082]  488.30  488.48  0.96  ese
  [1083]  488.54  488.88  0.95  cierre
  [1084]  490.20  490.26  0.99  que
  [1085]  490.30  490.58  0.99  tantos
  [1086]  490.64  490.86  1.00  años
  [1087]  490.90  491.28  0.98  hacían
  [1088]  492.60  492.68  1.00  que
  [1089]  492.72  492.78  1.00  no
  [1090]  492.86  493.30  1.00  sabían
  [1091]  493.36  493.44  0.92  de
  [1092]  493.50  493.62  0.88  él
  [1093]  493.94  494.24  1.00  nunca
  [1094]  494.32  494.72  1.00  supieron
  [1095]  494.76  494.82  0.88  de
  [1096]  494.86  494.96  0.91  él
  [1097]  495.54  495.62  0.99  ni
  [1098]  495.66  496.00  0.99  tampoco
  [1099]  496.04  496.30  0.95  sabían
  [1100]  496.32  496.50  0.99  dónde
--- frase 65
  [1101]  496.54  496.80  0.99  estaba
  [1102]  497.85  498.02  0.98  así
  [1103]  498.11  498.20  0.99  que
  [1104]  498.76  498.93  1.00  fue
  [1105]  498.99  499.09  0.99  una
  [1106]  499.13  499.61  0.95  experiencia
  [1107]  499.93  500.17  0.97  tan
  [1108]  500.37  500.61  0.97  tan
  [1109]  501.45  502.11  1.00  especial
  [1110]  502.53  502.61  0.99  que
  [1111]  502.65  502.81  0.99  esta
  [1112]  502.87  503.19  1.00  persona
  [1113]  503.25  503.43  1.00  cuando
  [1114]  503.45  503.65  1.00  llegó
  [1115]  503.77  503.79  0.98  a
  [1116]  504.09  504.45  0.63  uruguay
--- frase 66
  [1117]  506.35  506.43  0.51  me
  [1118]  506.47  506.71  1.00  mandó
  [1119]  506.81  506.89  0.99  un
  [1120]  506.97  507.35  1.00  audio
  [1121]  507.85  508.01  0.94  pues
  [1122]  508.07  508.35  1.00  dándome
  [1123]  508.39  508.51  0.99  las
  [1124]  508.55  509.09  1.00  gracias
  [1125]  509.23  509.25  0.97  y
  [1126]  509.29  509.67  0.96  diciendo
  [1127]  509.73  509.81  0.99  que
  [1128]  509.87  510.29  0.97  iba
  [1129]  510.31  510.33  0.00  a ?
  [1130]  510.33  510.57  0.99  hablar
  [1131]  510.59  510.69  1.00  con
  [1132]  510.71  510.77  1.00  su
  [1133]  510.81  511.13  0.98  familia
--- frase 67
  [1134]  511.19  511.71  1.00  mostrarle
  [1135]  512.55  512.71  0.94  pues
  [1136]  512.75  512.79  0.99  lo
  [1137]  512.84  512.89  0.99  que
  [1138]  512.91  513.05  1.00  había
  [1139]  513.12  513.55  1.00  sucedido
  [1140]  513.75  513.84  0.99  ya
  [1141]  513.89  513.98  0.98  que
  [1142]  514.05  514.13  0.89  lo
  [1143]  514.30  514.54  0.06  grabó ?
  [1144]  515.10  515.28  0.80  grabó
  [1145]  515.30  515.38  0.64  el
  [1146]  515.40  515.62  1.00  audio
  [1147]  516.40  516.42  0.99  y
  [1148]  516.54  517.04  1.00  pudimos
  [1149]  517.84  517.98  0.94  pues
  [1150]  518.04  518.10  0.98  de
  [1151]  518.14  518.38  1.00  alguna
--- frase 68
  [1152]  518.46  518.72  1.00  forma
  [1153]  518.78  519.06  0.99  darle
  [1154]  519.22  519.44  0.34  esa
  [1155]  520.40  520.52  0.98  esa
  [1156]  520.56  521.04  0.98  despedida
  [1157]  521.08  521.16  0.95  no
  [1158]  523.64  523.72  0.86  es
  [1159]  523.76  524.06  0.75  verdad
  [1160]  525.76  525.82  0.76  que
  [1161]  525.84  525.90  0.96  es
  [1162]  525.92  525.98  1.00  un
  [1163]  526.02  526.22  1.00  caso
  [1164]  526.26  526.32  0.99  de
  [1165]  526.36  526.50  0.99  hace
  [1166]  526.56  526.80  1.00  muchos
  [1167]  526.86  527.18  0.90  años
  [1168]  527.74  527.94  0.99  pero
  [1169]  528.45  528.85  1.00  fijaros
  [1170]  528.90  529.12  0.99  como
--- frase 69
  [1171]  530.31  530.33  0.99  a
  [1172]  530.39  530.75  0.99  veces
  [1173]  531.39  531.47  0.06  en ?
  [1174]  531.51  532.19  0.05  estos ?
  [1175]  532.71  532.79  0.96  en
  [1176]  532.83  533.03  0.99  este
  [1177]  533.07  533.33  1.00  plano
  [1178]  534.03  534.23  0.97  como
  [1179]  534.61  534.69  0.99  no
  [1180]  534.75  535.25  1.00  importa
  [1181]  536.55  536.61  0.87  el
  [1182]  536.69  537.01  0.99  tiempo
  [1183]  537.07  537.15  0.81  no
  [1184]  537.57  537.67  0.98  no
  [1185]  537.75  537.89  0.99  hay
  [1186]  538.01  538.33  1.00  tiempo
  [1187]  538.39  538.41  0.97  y
  [1188]  538.45  538.91  1.00  espacio
  [1189]  539.29  539.35  0.98  que
  [1190]  539.37  539.43  0.95  es
  [1191]  539.47  539.61  1.00  algo
  [1192]  539.65  539.73  0.97  que
--- frase 70
  [1193]  539.75  539.81  0.99  yo
  [1194]  539.87  540.15  1.00  siempre
  [1195]  540.23  540.57  1.00  repito
  [1196]  540.73  540.75  0.95  y
  [1197]  540.81  540.89  0.64  que
  [1198]  541.71  541.89  0.68  pues
  [1199]  542.59  542.95  0.94  siempre
  [1200]  544.15  544.27  0.83  es
  [1201]  544.43  544.60  0.99  algo
  [1202]  545.36  545.48  0.96  muy
  [1203]  545.50  545.82  0.97  difícil
  [1204]  545.82  545.86  0.81  de
  [1205]  545.88  546.30  0.99  explicar
  [1206]  546.40  546.56  1.00  pero
  [1207]  546.72  546.82  1.00  sé
  [1208]  546.92  547.00  1.00  lo
  [1209]  547.04  547.12  0.97  que
  [1210]  547.18  547.28  0.97  es
  [1211]  547.78  547.82  1.00  no
  [1212]  547.86  548.12  0.99  existe
--- frase 71
  [1213]  548.14  548.20  0.92  el
  [1214]  548.20  548.38  0.97  tiempo
  [1215]  548.42  548.44  0.97  y
  [1216]  548.48  548.54  0.99  el
  [1217]  548.56  548.94  1.00  espacio
  [1218]  549.06  549.16  0.99  allí
  [1219]  549.20  549.24  0.99  no
  [1220]  549.26  549.48  0.96  existe
  [1221]  549.50  549.56  0.82  el
  [1222]  549.56  549.74  0.96  tiempo
  [1223]  549.78  549.80  0.94  y
  [1224]  549.84  549.90  0.97  el
  [1225]  549.94  550.26  1.00  espacio
  [1226]  550.30  550.32  0.97  y
  [1227]  550.38  550.52  0.95  allí
  [1228]  551.18  551.30  0.79  no
  [1229]  552.04  552.12  0.00  no ?
  [1230]  552.48  552.56  0.51  no
  [1231]  553.34  553.42  0.98  no
  [1232]  553.46  553.88  1.00  importa
  [1233]  553.96  554.00  0.99  la
  [1234]  554.04  554.38  0.93  cantidad
--- frase 72
  [1235]  554.40  554.44  0.72  de
  [1236]  554.46  554.62  0.71  años
  [1237]  554.66  554.72  0.66  que
  [1238]  554.72  554.92  0.88  hayan
  [1239]  554.96  555.30  0.24  sucedido ?
  [1240]  555.42  555.74  1.00  pasado
  [1241]  556.68  556.70  0.99  y
  [1242]  556.92  557.26  1.00  fijaros
  [1243]  557.34  557.52  1.00  como
  [1244]  557.64  557.82  1.00  este
  [1245]  557.88  558.10  1.00  alma
  [1246]  558.97  559.47  0.97  contaba
  [1247]  559.50  559.64  0.99  esa
  [1248]  559.66  560.09  0.97  historia
  [1249]  560.14  560.23  0.97  no
  [1250]  561.37  561.43  1.00  la
  [1251]  561.49  561.89  1.00  sensación
  [1252]  561.95  562.03  0.98  que
--- frase 73
  [1253]  562.11  562.31  1.00  tuve
  [1254]  562.43  562.55  0.99  fue
  [1255]  562.63  562.71  0.95  de
  [1256]  562.73  562.85  1.00  una
  [1257]  562.93  563.09  1.00  paz
  [1258]  563.21  563.69  1.00  tremenda
  [1259]  564.21  564.29  0.99  de
  [1260]  564.41  564.49  0.99  un
  [1261]  564.63  564.99  0.99  cierre
  [1262]  565.85  565.87  0.99  y
  [1263]  567.33  567.41  1.00  me
  [1264]  567.47  567.59  0.99  quedé
  [1265]  567.63  568.29  0.99  impresionado
  [1266]  568.33  568.43  1.00  con
  [1267]  568.47  568.65  1.00  este
  [1268]  568.69  568.97  1.00  caso
  [1269]  569.33  569.39  0.99  la
  [1270]  569.41  569.61  0.89  verdad
  [1271]  569.65  569.73  0.99  que
--- frase 74
  [1272]  569.75  569.81  0.99  me
  [1273]  569.89  570.21  0.63  marcó
  [1274]  571.29  571.47  0.95  porque
  [1275]  571.51  571.75  0.99  encima
  [1276]  571.81  571.95  0.99  eran
  [1277]  572.01  572.17  1.00  mis
  [1278]  572.23  572.89  1.00  comienzos
  [1279]  573.41  573.43  1.00  y
  [1280]  573.53  573.61  0.99  yo
  [1281]  573.73  574.01  0.93  pues
  [1282]  574.05  574.46  0.99  fijaros
  [1283]  576.02  576.44  0.98  todavía
  [1284]  576.74  576.82  1.00  me
  [1285]  576.88  577.12  1.00  quedaba
  [1286]  577.22  577.48  1.00  mucho
  [1287]  577.52  577.62  0.75  para
  [1288]  577.64  577.92  0.95  aprender
--- frase 75
  [1289]  578.02  578.04  0.99  y
  [1290]  578.10  578.24  1.00  aún
  [1291]  578.28  578.34  1.00  me
  [1292]  578.38  578.52  1.00  queda
  [1293]  578.58  578.86  0.99  mucho
  [1294]  579.54  579.68  1.00  pero
  [1295]  579.72  579.94  1.00  tenía
  [1296]  579.98  580.36  0.98  mucho
  [1297]  580.40  580.50  0.98  por
  [1298]  580.52  580.98  1.00  descubrir
  [1299]  581.04  581.10  0.99  no
  [1300]  581.88  582.00  0.99  fue
  [1301]  582.04  582.16  1.00  algo
  [1302]  582.16  582.24  0.97  que
  [1303]  582.26  582.30  0.99  me
  [1304]  582.34  582.66  1.00  impactó
  [1305]  582.74  583.04  1.00  tanto
--- frase 76
  [1306]  583.10  583.16  1.00  que
  [1307]  583.20  583.24  1.00  lo
  [1308]  583.28  583.68  1.00  escribí
  [1309]  584.16  584.24  0.99  en
  [1310]  584.30  584.40  1.00  un
  [1311]  584.48  584.82  1.00  diario
  [1312]  584.86  584.94  1.00  que
  [1313]  584.98  585.20  1.00  tengo
  [1314]  585.26  585.34  1.00  de
  [1315]  585.40  586.08  0.99  sesiones
  [1316]  586.14  586.24  0.99  de
  [1317]  586.64  586.94  1.00  momentos
  [1318]  587.00  587.58  1.00  especiales
  [1319]  588.26  588.32  0.97  que
  [1320]  588.34  588.52  0.99  algún
  [1321]  588.56  588.70  0.99  día
  [1322]  589.85  590.38  1.00  publicaré
  [1323]  590.49  590.50  0.98  o
--- frase 77
  [1324]  590.59  590.88  0.99  sacaré
  [1325]  590.95  591.09  0.99  para
  [1326]  591.15  591.23  1.00  que
  [1327]  591.25  591.31  1.00  lo
  [1328]  591.35  591.71  0.95  veáis
  [1329]  593.45  593.49  0.84  y
  [1330]  593.53  593.59  0.99  la
  [1331]  593.61  593.79  0.85  verdad
  [1332]  593.81  593.85  0.99  es
  [1333]  593.87  593.95  0.94  que
  [1334]  594.01  594.15  0.99  fue
  [1335]  594.37  595.01  0.99  impresionante
  [1336]  595.61  596.09  0.94  entonces
  [1337]  597.25  597.33  0.98  en
  [1338]  597.35  597.53  0.95  este
  [1339]  597.59  597.85  1.00  caso
  [1340]  598.23  598.39  0.98  fue
  [1341]  599.47  599.55  0.97  un
  [1342]  599.65  600.01  0.79  final
--- frase 78
  [1343]  600.23  600.43  0.46  bueno
  [1344]  600.91  600.99  0.94  que
  [1345]  601.07  601.17  0.88  ya
  [1346]  602.05  602.13  0.29  se ?
  [1347]  602.15  602.39  0.24  estaba ?
  [1348]  602.55  602.65  0.86  era
  [1349]  602.69  602.79  0.98  muy
  [1350]  602.83  603.25  1.00  superado
  [1351]  603.31  603.41  0.99  por
  [1352]  603.43  603.49  1.00  la
  [1353]  603.53  603.85  1.00  familia
  [1354]  603.89  604.07  1.00  porque
  [1355]  604.09  604.31  0.97  hacía
  [1356]  604.35  604.65  1.00  muchos
  [1357]  604.74  605.03  0.97  años
  [1358]  605.10  605.22  0.99  era
  [1359]  605.24  605.29  0.62  el
  [1360]  605.34  605.67  0.90  abuelo
--- frase 79
  [1361]  606.17  606.24  0.93  de
  [1362]  606.25  606.40  0.81  esta
  [1363]  606.54  606.82  1.00  señora
  [1364]  606.86  607.12  1.00  mayor
  [1365]  607.60  607.72  1.00  pero
  [1366]  607.76  607.84  1.00  al
  [1367]  607.86  608.06  1.00  menos
  [1368]  608.10  608.16  0.98  se
  [1369]  608.20  608.26  0.99  le
  [1370]  608.30  608.42  1.00  dio
  [1371]  608.68  608.88  0.99  una
  [1372]  609.00  609.20  1.00  paz
  [1373]  609.32  609.40  0.99  un
  [1374]  609.52  609.92  0.99  cierre
  [1375]  610.10  610.12  1.00  y
  [1376]  610.22  610.38  1.00  toda
  [1377]  610.44  610.50  1.00  la
  [1378]  610.54  610.90  1.00  familia
  [1379]  610.96  611.02  0.99  me
  [1380]  611.06  611.10  1.00  lo
  [1381]  611.12  611.52  0.97  agradeció
--- frase 80
  [1382]  612.20  612.32  0.35  Fue
  [1383]  612.36  612.46  0.06  muy ?
  [1384]  612.50  612.82  0.09  bonito ?
  [1385]  613.04  613.16  0.46  fue
  [1386]  613.18  613.28  0.59  muy
  [1387]  613.32  613.60  0.98  bonito
  [1388]  614.98  615.00  0.98  y
  [1389]  615.06  615.10  0.99  la
  [1390]  615.12  615.28  0.81  verdad
  [1391]  615.32  615.40  0.99  que
  [1392]  615.42  615.48  0.99  me
  [1393]  615.54  615.80  0.98  marcó
  [1394]  615.84  616.30  1.00  bastante
--- frase 81
  [1395]  617.64  617.74  0.96  Por
  [1396]  617.76  617.88  0.99  eso
  [1397]  617.94  618.00  0.99  os
  [1398]  618.04  618.18  1.00  digo
  [1399]  618.26  618.34  0.98  que
  [1400]  618.38  618.42  0.89  la
  [1401]  618.48  618.92  0.95  importancia
  [1402]  619.62  619.74  0.97  del
  [1403]  619.78  620.04  0.97  trabajo
  [1404]  620.07  620.11  0.80  de
  [1405]  620.11  620.16  0.94  un
  [1406]  620.21  620.49  0.84  medium
  [1407]  621.77  621.87  0.98  hay
  [1408]  621.93  622.03  0.99  que
  [1409]  622.09  622.45  1.00  abrir
  [1410]  622.57  622.69  0.99  esa
  [1411]  622.73  623.29  0.89  expectativa
--- frase 82
  [1412]  623.39  623.47  0.94  de
  [1413]  623.51  623.59  0.95  que
  [1414]  623.65  623.73  0.95  el
  [1415]  623.77  624.01  0.83  medium
  [1416]  624.09  624.15  0.98  no
  [1417]  624.21  624.27  0.98  es
  [1418]  624.31  624.53  0.99  solo
  [1419]  624.71  624.85  0.97  un
  [1420]  625.95  626.15  1.00  bueno
  [1421]  626.25  626.35  1.00  sí
  [1422]  626.63  626.93  1.00  estamos
  [1423]  626.95  627.01  0.95  en
  [1424]  627.05  627.21  1.00  aquel
  [1425]  627.25  627.51  1.00  plano
  [1426]  627.91  628.05  1.00  pero
  [1427]  628.07  628.13  0.94  no
  [1428]  628.19  628.25  0.98  es
  [1429]  628.29  628.53  1.00  solo
  [1430]  629.45  630.11  0.98  despedirse
  [1431]  630.99  631.01  0.98  o
  [1432]  631.05  631.19  0.99  dar
  [1433]  631.23  631.73  1.00  mensajes
--- frase 83
  [1434]  631.83  631.85  0.99  A
  [1435]  631.89  632.09  1.00  veces
  [1436]  632.13  632.43  0.98  también
  [1437]  632.47  632.55  0.98  hay
  [1438]  632.65  632.75  0.92  que
  [1439]  632.83  633.33  1.00  buscar
  [1440]  633.45  633.79  1.00  cerrar
  [1441]  633.91  634.35  1.00  ciclos
  [1442]  634.43  634.71  1.00  cerrar
  [1443]  634.75  635.37  0.99  historias
  [1444]  635.46  636.03  0.89  encontrar
  [1445]  641.30  641.44  0.98  esa
  [1446]  641.56  641.90  1.00  parte
  [1447]  641.96  642.04  1.00  que
  [1448]  642.10  642.26  1.00  queda
  [1449]  642.36  642.92  1.00  pendiente
  [1450]  643.12  643.32  0.98  esos
  [1451]  643.38  643.90  0.99  pendientes
  [1452]  643.94  644.00  1.00  que
  [1453]  644.04  644.10  1.00  yo
  [1454]  644.16  644.38  0.99  siempre
  [1455]  644.42  644.58  1.00  digo
  [1456]  644.68  644.76  0.95  que
  [1457]  644.78  644.84  0.69  el
  [1458]  644.86  645.06  1.00  alma
  [1459]  645.50  645.74  1.00  puede
  [1460]  645.76  646.14  1.00  arrastrar
  [1461]  646.18  646.44  0.99  durante
  [1462]  646.48  646.62  0.72  toda
  [1463]  646.62  646.72  0.74  una
  [1464]  646.76  647.26  0.48  tardeñada
--- frase 84
  [1465]  647.74  647.82  0.90  Qué
  [1466]  647.84  648.32  1.00  importante
  [1467]  648.38  648.56  1.00  porque
  [1468]  648.60  648.68  0.66  ese
  [1469]  648.72  648.90  1.00  alma
  [1470]  649.18  649.66  1.00  encontró
  [1471]  650.34  650.46  1.00  una
  [1472]  650.54  650.75  1.00  paz
  [1473]  650.88  651.33  1.00  tremenda
  [1474]  651.61  651.62  0.99  y
  [1475]  651.71  652.00  0.98  entiendo
  [1476]  652.04  652.12  0.97  que
  [1477]  652.27  652.41  0.98  esa
  [1478]  652.45  652.77  1.00  familia
  [1479]  652.81  653.11  0.99  también
  [1480]  653.49  653.57  0.63  Fue
  [1481]  653.63  653.73  0.95  muy
  [1482]  653.77  654.05  0.99  bonito
--- frase 85
  [1483]  655.57  655.71  0.92  Otra
  [1484]  655.75  655.91  0.99  vez
  [1485]  656.59  656.65  0.58  he
  [1486]  656.69  656.91  0.98  tenido
  [1487]  656.93  656.99  0.99  un
  [1488]  657.03  657.27  1.00  caso
  [1489]  657.41  657.53  0.99  más
  [1490]  657.57  658.07  0.99  reciente
  [1491]  658.65  658.73  0.98  en
  [1492]  658.77  658.93  0.98  una
  [1493]  659.19  659.25  0.99  de
  [1494]  659.29  659.41  0.99  las
  [1495]  659.45  659.95  0.99  sesiones
  [1496]  660.19  660.83  0.99  normales
  [1497]  660.89  661.05  0.97  como
  [1498]  661.11  661.35  0.95  todos
  [1499]  661.39  661.51  0.98  los
  [1500]  661.55  662.13  0.99  días
  [1501]  662.17  662.29  0.48  hago
  [1502]  662.33  662.43  0.92  mis
  [1503]  662.47  663.29  0.97  oraciones
  [1504]  665.19  665.27  0.98  me
  [1505]  665.31  665.99  0.98  concentro
  [1506]  667.03  667.20  0.97  doy
  [1507]  667.24  667.66  0.98  permiso
  [1508]  667.70  667.78  0.99  al
  [1509]  667.82  667.98  1.00  alma
  [1510]  668.02  668.10  0.98  que
  [1511]  668.12  668.20  0.99  se
  [1512]  668.22  668.56  0.97  comunique
  [1513]  668.62  669.06  0.99  conmigo
  [1514]  669.40  669.60  0.95  abro
  [1515]  669.70  670.34  0.98  sesión
  [1516]  671.32  671.56  0.83  abro
  [1517]  672.58  672.68  0.86  el
  [1518]  672.74  672.98  0.46  Zoom
  [1519]  673.16  673.18  0.97  y
  [1520]  673.24  673.64  0.96  empezamos
  [1521]  673.64  673.68  0.71  a
  [1522]  673.68  673.92  0.97  hablar
--- frase 86
  [1523]  674.50  674.52  0.95  Y
  [1524]  674.56  674.64  0.86  era
  [1525]  674.64  674.76  0.68  una
  [1526]  674.78  675.10  0.96  mujer
  [1527]  675.92  676.22  0.97  joven
  [1528]  680.48  680.56  0.89  que
  [1529]  681.18  681.22  0.87  me
  [1530]  681.26  681.49  0.98  enseñó
  [1531]  681.50  681.61  0.91  una
  [1532]  681.66  681.90  0.96  foto
  [1533]  682.71  682.75  0.86  de
  [1534]  682.78  682.85  0.98  un
  [1535]  682.88  683.21  0.99  hermano
  [1536]  683.91  684.31  0.95  Empezamos
  [1537]  684.33  684.39  0.94  la
  [1538]  684.45  684.97  0.99  sesión
  [1539]  685.87  685.91  0.91  yo
  [1540]  685.95  686.13  0.96  empecé
  [1541]  686.17  686.19  0.98  a
  [1542]  686.21  686.89  0.95  percibir
  [1543]  686.93  686.99  0.90  le
  [1544]  687.01  687.25  0.97  empecé
  [1545]  687.31  687.33  0.97  a
  [1546]  687.35  687.65  0.98  contar
  [1547]  687.69  687.75  0.98  la
  [1548]  687.85  687.93  0.98  fe
  [1549]  687.97  688.05  0.97  de
  [1550]  688.09  688.35  0.94  vida
  [1551]  689.39  689.47  0.87  le
  [1552]  689.49  689.73  0.80  dije
  [1553]  690.87  690.95  0.97  que
  [1554]  691.03  691.31  1.00  tenía
  [1555]  691.41  691.93  1.00  problemas
  [1556]  692.07  692.09  0.99  o
  [1557]  692.15  692.25  0.99  que
  [1558]  692.29  692.31  0.00  a ?
  [1559]  692.35  692.73  0.99  alguien
  [1560]  692.81  692.89  0.97  le
  [1561]  692.99  693.57  0.99  estorbaba
  [1562]  694.59  694.61  0.98  y
  [1563]  694.71  694.81  0.95  que
  [1564]  696.75  696.82  0.43  lo
  [1565]  696.86  697.17  0.85  habían
  [1566]  697.41  697.74  0.99  quitado
  [1567]  697.77  697.91  0.98  del
  [1568]  697.98  698.28  1.00  medio
  [1569]  698.74  698.94  0.99  por
  [1570]  699.02  699.18  0.99  las
  [1571]  699.22  699.52  1.00  cosas
  [1572]  699.58  699.66  0.86  que
  [1573]  699.70  699.76  0.97  él
  [1574]  699.80  700.18  0.99  decía
--- frase 87
  [1575]  701.06  701.08  0.70  o
  [1576]  701.42  701.50  0.98  no
  [1577]  701.54  701.62  0.97  sé
  [1578]  701.68  701.76  0.96  si
  [1579]  701.78  701.88  0.67  era
  [1580]  702.10  702.46  0.99  religión
  [1581]  702.50  702.52  0.98  o
  [1582]  702.56  703.02  1.00  política
  [1583]  703.56  703.70  0.98  pero
  [1584]  703.72  703.78  0.49  él
  [1585]  703.80  704.26  0.87  hablaba
  [1586]  705.30  705.92  1.00  influenciaba
  [1587]  705.94  705.96  0.01  a ?
  [1588]  705.96  706.20  0.99  muchas
  [1589]  706.24  706.78  1.00  personas
  [1590]  707.02  707.04  0.99  y
  [1591]  707.48  708.00  1.00  molestaba
  [1592]  708.14  708.16  0.99  a
  [1593]  708.24  708.56  1.00  otros
--- frase 88
  [1594]  709.08  709.50  0.98  Entonces
  [1595]  710.62  710.68  0.98  se
  [1596]  710.72  710.78  0.99  lo
  [1597]  710.80  711.06  1.00  quitaron
  [1598]  711.08  711.14  0.99  de
  [1599]  711.16  711.20  0.00  en ?
  [1600]  711.20  711.40  1.00  medio
--- frase 89
  [1601]  711.46  711.48  0.98  A
  [1602]  711.50  711.56  0.99  mí
  [1603]  711.60  711.68  0.99  me
  [1604]  711.80  712.28  0.99  enseñaron
  [1605]  712.33  712.68  0.97  también
  [1606]  712.75  712.88  0.99  cómo
  [1607]  712.90  712.97  0.99  lo
  [1608]  713.00  713.37  0.99  sacaron
  [1609]  713.61  713.73  0.99  con
  [1610]  713.75  713.83  0.99  un
  [1611]  713.87  714.13  0.95  coche
  [1612]  714.25  714.33  0.99  de
  [1613]  714.37  714.45  0.99  la
  [1614]  714.55  715.05  0.99  ciudad
  [1615]  715.11  715.37  1.00  varias
  [1616]  715.41  716.01  1.00  personas
  [1617]  716.79  716.81  0.99  y
  [1618]  717.47  717.67  0.95  bueno
  [1619]  717.73  718.09  0.99  acabaron
  [1620]  718.15  718.27  0.99  con
  [1621]  718.31  718.39  0.94  él
--- frase 90
  [1622]  719.85  720.23  0.60  Fijaros
  [1623]  720.35  720.47  0.99  que
  [1624]  721.09  721.33  0.97  esta
  [1625]  722.01  722.43  1.00  mujer
  [1626]  722.85  723.09  0.99  cuando
  [1627]  723.25  723.37  0.96  voy
  [1628]  723.39  723.79  0.95  contándole
  [1629]  723.83  723.89  0.76  la
  [1630]  723.93  724.01  0.64  fe
  [1631]  724.09  724.15  0.99  de
  [1632]  724.19  724.37  0.99  vida
  [1633]  724.53  724.61  0.99  yo
  [1634]  724.67  724.95  0.96  notaba
  [1635]  725.01  725.07  0.99  un
  [1636]  725.15  725.67  1.00  silencio
  [1637]  725.91  726.15  1.00  algo
  [1638]  727.23  727.29  0.98  no
  [1639]  727.38  727.46  0.96  sé
  [1640]  727.51  727.58  0.91  no
  [1641]  727.62  727.70  0.98  era
  [1642]  727.74  728.08  0.98  normal
--- frase 91
  [1643]  728.41  729.12  0.00  mal ?
  [1644]  729.14  729.16  0.93  y
  [1645]  729.18  729.28  0.92  hay
  [1646]  729.28  729.32  0.88  un
  [1647]  729.34  729.58  1.00  momento
  [1648]  729.62  729.68  0.99  que
  [1649]  729.72  729.78  0.99  me
  [1650]  729.86  730.10  1.00  paro
  [1651]  730.26  730.28  0.98  y
  [1652]  730.32  730.38  0.97  le
  [1653]  730.46  730.64  1.00  digo
  [1654]  731.24  731.30  0.94  te
  [1655]  731.34  731.46  0.99  está
  [1656]  731.54  731.90  1.00  resonando
  [1657]  731.94  731.98  0.99  lo
  [1658]  732.00  732.06  0.99  que
  [1659]  732.10  732.14  0.91  te
  [1660]  732.18  732.32  0.97  estoy
  [1661]  732.34  732.66  1.00  diciendo
--- frase 92
  [1662]  734.44  734.46  0.99  y
  [1663]  734.50  734.56  0.99  me
  [1664]  734.60  734.76  0.99  dijo
  [1665]  734.80  734.96  0.91  mira
  [1666]  735.60  736.08  1.00  realmente
  [1667]  736.18  736.24  0.99  yo
  [1668]  736.28  736.34  0.82  he
  [1669]  736.38  736.62  0.98  cogido
  [1670]  736.66  736.72  1.00  la
  [1671]  736.78  737.12  1.00  sesión
  [1672]  737.38  737.62  0.97  porque
  [1673]  738.16  738.22  1.00  mi
  [1674]  738.26  738.48  0.98  hermano
  [1675]  738.52  738.94  0.91  desaparecido
  [1676]  738.98  739.10  0.75  hace
  [1677]  739.16  739.28  0.99  más
  [1678]  739.30  739.36  0.99  de
  [1679]  739.40  739.50  0.97  dos
--- frase 93
  [1680]  739.56  739.86  1.00  años
  [1681]  741.30  741.40  0.90  fue
  [1682]  741.44  742.08  0.98  secuestrado
  [1683]  742.64  742.66  1.00  y
  [1684]  742.73  742.76  0.99  no
  [1685]  742.83  743.12  1.00  sabemos
  [1686]  743.16  743.35  0.94  nada
  [1687]  743.40  743.47  0.92  de
  [1688]  743.49  743.52  0.24  él ?
  [1689]  746.77  746.85  0.93  yo
  [1690]  746.99  747.31  0.99  tenía
  [1691]  747.57  747.67  0.95  la
  [1692]  747.93  748.11  0.99  claro
  [1693]  748.17  748.23  0.98  yo
  [1694]  748.27  748.33  0.99  me
  [1695]  748.39  748.55  0.99  quedé
  [1696]  748.57  748.63  0.78  un
  [1697]  748.65  748.87  0.99  poco
  [1698]  749.63  750.33  0.60  impresionado
--- frase 94
  [1699]  750.93  751.13  0.61  porque
  [1700]  751.17  751.23  0.81  le
  [1701]  751.25  751.43  0.91  dije
  [1702]  751.49  751.65  0.80  bueno
  [1703]  751.69  751.91  0.92  pues
  [1704]  752.01  752.23  0.98  creo
  [1705]  752.29  752.39  0.94  que
  [1706]  753.11  753.39  1.00  acabo
  [1707]  753.45  753.53  0.99  de
  [1708]  753.59  754.03  0.99  contaros
  [1709]  754.13  754.19  0.43  un
  [1710]  754.23  754.45  0.93  poco
  [1711]  754.63  754.91  0.82  pues
  [1712]  755.31  755.49  0.96  cómo
  [1713]  755.51  755.57  0.88  ha
  [1714]  755.61  755.99  0.99  terminado
  [1715]  756.01  756.07  0.82  la
--- frase 95
  [1716]  756.11  756.51  1.00  situación
  [1717]  757.25  757.35  0.93  ella
  [1718]  757.39  757.45  0.99  me
  [1719]  757.47  757.55  0.98  dio
  [1720]  757.59  757.71  0.99  las
  [1721]  757.75  758.24  0.98  gracias
  [1722]  758.29  758.36  0.98  yo
  [1723]  758.38  758.41  0.87  le
  [1724]  758.43  758.55  0.88  pedí
  [1725]  758.60  759.10  0.97  disculpas
  [1726]  759.60  759.76  0.31  por
  [1727]  759.84  760.02  0.32  por
  [1728]  760.16  760.32  0.68  bueno
  [1729]  760.36  760.50  0.80  pues
  [1730]  760.56  760.68  0.98  por
  [1731]  760.70  761.08  0.97  hablar
  [1732]  761.18  761.36  1.00  sin
--- frase 96
  [1733]  761.40  761.64  0.90  haber
  [1734]  761.74  761.78  0.81  a
  [1735]  761.80  761.84  0.46  lo
  [1736]  761.84  762.18  0.97  mejor
  [1737]  762.68  763.12  0.99  entendido
  [1738]  763.20  763.36  0.99  ese
  [1739]  763.44  763.90  1.00  concepto
  [1740]  763.94  764.00  0.99  al
  [1741]  764.04  764.50  1.00  principio
  [1742]  765.06  765.20  0.99  pero
  [1743]  765.24  765.30  0.99  ya
  [1744]  765.34  765.40  0.99  me
  [1745]  765.42  765.54  0.98  daba
  [1746]  765.58  765.68  0.99  las
  [1747]  765.72  766.02  0.99  gracias
  [1748]  766.06  766.32  0.92  porque
--- frase 97
  [1749]  767.04  767.18  0.99  para
  [1750]  767.22  767.30  1.00  su
  [1751]  767.34  767.52  1.00  padre
  [1752]  767.56  767.64  0.99  era
  [1753]  767.66  767.74  0.98  muy
  [1754]  767.76  768.32  1.00  importante
  [1755]  768.64  768.74  0.99  ya
  [1756]  768.84  768.92  0.99  que
  [1757]  769.40  769.64  1.00  todos
  [1758]  769.68  769.78  1.00  los
  [1759]  769.82  770.00  1.00  días
  [1760]  770.02  770.22  0.97  tenía
  [1761]  770.24  770.28  0.99  la
  [1762]  770.34  770.88  1.00  esperanza
  [1763]  770.92  770.96  0.98  de
  [1764]  771.00  771.64  0.99  encontrarle
  [1765]  771.74  771.76  1.00  y
  [1766]  771.82  772.14  1.00  decía
  [1767]  772.60  772.68  1.00  que
--- frase 98
  [1768]  772.72  772.78  0.99  no
  [1769]  772.84  772.94  0.89  iba
  [1770]  772.96  772.98  0.03  a ?
  [1771]  773.02  773.32  0.99  morirse
  [1772]  773.32  773.50  0.92  hasta
  [1773]  773.57  773.62  0.95  no
  [1774]  773.66  774.18  0.99  encontrarlo
  [1775]  774.61  774.62  0.98  y
  [1776]  774.68  775.01  0.99  fijaros
  [1777]  775.07  775.23  0.98  como
  [1778]  775.29  775.45  0.89  ella
  [1779]  775.61  775.93  0.98  pues
  [1780]  776.63  776.71  0.98  me
  [1781]  776.75  776.97  0.99  dijo
  [1782]  777.03  777.35  0.97  también
  [1783]  778.39  778.47  0.76  que
  [1784]  778.49  778.63  0.43  ella
  [1785]  779.33  779.91  0.91  mentía
--- frase 99
  [1786]  780.35  780.49  0.97  una
  [1787]  780.53  780.89  0.99  mentira
  [1788]  780.95  781.01  0.94  de
  [1789]  781.07  781.51  0.85  piadosa
  [1790]  782.45  782.47  0.98  a
  [1791]  782.53  782.59  1.00  su
  [1792]  782.63  782.89  0.99  padre
  [1793]  783.03  783.43  1.00  diciéndole
  [1794]  783.49  783.55  1.00  que
  [1795]  783.59  783.81  0.95  había
  [1796]  783.91  784.27  1.00  pistas
  [1797]  784.29  784.37  0.98  que
  [1798]  784.37  784.41  0.99  lo
  [1799]  784.43  784.61  1.00  habían
  [1800]  784.61  784.81  1.00  visto
  [1801]  784.85  785.27  0.84  nublado
  [1802]  785.29  785.45  0.00  que ?
--- frase 100
  [1803]  785.47  785.53  1.00  que
  [1804]  785.59  785.87  1.00  creían
  [1805]  785.91  785.99  0.98  que
  [1806]  786.01  786.31  0.96  estaban
  [1807]  786.39  786.51  0.99  por
  [1808]  786.55  786.69  0.99  otro
  [1809]  786.75  786.97  1.00  lado
  [1810]  787.69  787.81  0.99  para
  [1811]  787.83  788.98  0.99  mantenerlo
  [1812]  789.03  789.15  1.00  con
  [1813]  789.20  789.34  1.00  esa
  [1814]  789.39  789.89  0.98  ilusión
  [1815]  789.98  790.03  0.99  de
  [1816]  790.05  790.28  1.00  algún
  [1817]  790.30  790.44  1.00  día
  [1818]  791.50  791.70  1.00  poder
  [1819]  791.74  792.12  1.00  encontrar
  [1820]  792.12  792.14  0.03  a ?
  [1821]  792.18  792.26  1.00  su
  [1822]  792.30  792.50  1.00  hijo
--- frase 101
  [1823]  793.22  793.36  0.99  Pero
  [1824]  793.40  793.48  0.99  que
  [1825]  793.50  793.62  0.26  ella ?
  [1826]  794.22  794.30  1.00  me
  [1827]  794.34  794.74  1.00  aseguró
  [1828]  794.86  794.94  0.99  que
  [1829]  794.96  795.08  0.27  ella ?
  [1830]  795.18  795.90  1.00  sospechaba
  [1831]  796.04  796.28  1.00  porque
  [1832]  796.30  796.44  0.25  ella ?
  [1833]  796.46  796.66  0.97  había
  [1834]  796.74  797.10  1.00  soñado
  [1835]  797.16  797.28  1.00  con
  [1836]  797.34  797.44  1.00  él
  [1837]  798.02  798.30  1.00  varias
  [1838]  798.36  798.72  1.00  veces
--- frase 102
  [1839]  799.84  799.92  0.99  que
  [1840]  799.96  800.04  0.99  él
  [1841]  800.08  800.14  0.98  no
  [1842]  800.18  800.48  1.00  estaba
  [1843]  800.52  800.70  0.98  entre
  [1844]  800.88  801.32  0.94  nosotros
  [1845]  801.58  801.64  0.95  que
  [1846]  801.68  801.88  0.99  estaba
  [1847]  801.92  801.96  0.67  en
  [1848]  801.96  802.02  0.99  el
  [1849]  802.06  802.18  0.93  otro
  [1850]  802.22  802.44  1.00  plano
--- frase 103
  [1851]  804.07  804.09  0.99  Y
  [1852]  804.18  804.30  0.69  ahí
  [1853]  804.68  804.76  0.94  fue
  [1854]  804.78  804.88  0.99  una
  [1855]  804.92  805.71  1.00  confirmación
  [1856]  806.17  806.35  1.00  sin
  [1857]  806.43  806.87  1.00  saberlo
  [1858]  807.09  807.25  1.00  pero
  [1859]  807.39  807.73  0.98  fijaros
  [1860]  807.79  807.85  0.98  qué
  [1861]  807.89  808.53  0.98  importancia
--- frase 104
  [1862]  808.65  808.97  0.95  Quizás
  [1863]  808.99  809.03  0.15  si ?
  [1864]  809.05  809.09  0.73  lo
  [1865]  809.09  809.27  0.87  hubiera
  [1866]  809.31  809.57  0.99  sabido
  [1867]  809.63  809.99  0.79  antes
  [1868]  810.49  810.51  0.88  o
  [1869]  810.53  810.63  0.64  me
  [1870]  810.69  810.73  0.85  lo
  [1871]  810.73  811.01  0.84  hubieran
  [1872]  811.07  811.35  1.00  dicho
  [1873]  811.49  811.57  0.99  ya
  [1874]  811.63  811.95  0.99  estaría
  [1875]  811.99  812.55  1.00  condicionado
  [1876]  812.69  812.75  0.99  ya
  [1877]  812.85  813.11  1.00  sería
  [1878]  813.33  813.49  1.00  otra
  [1879]  813.55  813.77  1.00  cosa
--- frase 105
  [1880]  814.17  814.29  0.97  Pero
  [1881]  814.31  814.45  1.00  esta
  [1882]  814.59  814.97  1.00  persona
  [1883]  815.07  815.15  1.00  no
  [1884]  815.19  815.41  1.00  dijo
  [1885]  815.49  815.71  1.00  nada
  [1886]  816.27  816.29  0.97  y
  [1887]  816.55  816.61  0.99  lo
  [1888]  816.65  817.05  1.00  agradezco
  [1889]  817.09  817.35  0.98  mucho
  [1890]  817.83  818.07  0.92  porque
  [1891]  819.07  819.27  0.93  hice
  [1892]  819.33  819.38  0.99  mi
  [1893]  819.43  819.79  1.00  trabajo
  [1894]  819.86  820.01  1.00  como
  [1895]  820.05  820.24  0.98  tenía
  [1896]  820.25  820.32  1.00  que
  [1897]  820.32  820.62  0.99  hacerlo
  [1898]  821.16  821.18  1.00  y
  [1899]  821.24  821.42  0.99  todo
  [1900]  821.68  822.00  1.00  ocurrió
  [1901]  822.06  822.20  0.99  como
  [1902]  822.24  822.44  0.92  tenía
  [1903]  822.48  822.56  0.93  que
  [1904]  822.60  822.74  0.98  ser
  [1905]  822.80  822.94  0.80  Este
  [1906]  822.98  823.16  0.97  alma
  [1907]  823.20  823.62  0.78  expresó
  [1908]  824.22  824.36  0.97  dio
  [1909]  824.38  824.62  0.96  además
  [1910]  824.96  825.52  1.00  detalles
  [1911]  825.58  825.66  0.92  de
  [1912]  826.30  826.48  0.82  cómo
  [1913]  826.56  826.72  0.79  fue
  [1914]  827.38  827.60  0.96  dónde
  [1915]  827.64  827.68  0.92  lo
  [1916]  827.70  828.24  0.77  llevaron
  [1917]  829.30  829.48  0.91  cómo
  [1918]  829.52  829.82  0.98  acabaron
  [1919]  829.86  829.98  0.98  con
  [1920]  830.02  830.12  0.91  él
  [1921]  830.24  830.54  0.23  etcétera ?
  [1922]  830.58  830.90  0.15  etcétera ?
--- frase 106
  [1923]  833.00  833.38  0.97  entonces
  [1924]  834.75  834.83  0.88  es
  [1925]  834.88  834.97  0.99  una
  [1926]  834.97  835.26  1.00  historia
  [1927]  835.68  835.78  0.88  muy
  [1928]  835.80  836.12  1.00  diferente
  [1929]  836.16  836.18  0.81  a
  [1930]  836.21  836.25  0.98  la
  [1931]  836.31  836.47  0.99  otra
  [1932]  836.55  836.71  0.99  pero
  [1933]  836.77  836.85  0.97  al
  [1934]  836.91  837.23  0.96  final
  [1935]  838.39  838.47  0.97  lo
  [1936]  838.51  838.59  0.99  que
  [1937]  838.63  838.85  0.95  quiero
  [1938]  839.11  839.47  0.97  hablaros
  [1939]  839.53  839.61  0.96  es
  [1940]  839.69  839.75  0.90  de
  [1941]  839.79  839.87  0.83  la
--- frase 107
  [1942]  839.91  840.27  0.75  búsqueda
  [1943]  840.51  840.57  0.82  de
  [1944]  840.61  840.67  0.92  la
  [1945]  840.71  841.09  0.99  búsqueda
  [1946]  841.15  841.19  0.68  de
  [1947]  841.23  841.41  0.96  esas
  [1948]  841.53  841.95  1.00  familias
  [1949]  842.01  842.09  1.00  que
  [1950]  842.15  842.47  1.00  buscan
  [1951]  842.51  842.53  0.96  a
  [1952]  842.55  842.65  0.83  sus
  [1953]  842.69  842.89  0.98  seres
  [1954]  842.93  843.31  0.99  queridos
  [1955]  843.63  843.65  1.00  y
  [1956]  843.69  843.75  0.99  que
  [1957]  843.77  844.01  0.99  acuden
  [1958]  844.03  844.05  0.98  a
  [1959]  844.09  844.21  0.99  los
--- frase 108
  [1960]  844.25  844.61  0.82  medios
  [1961]  844.69  844.93  1.00  cuando
  [1962]  844.99  845.05  0.99  no
  [1963]  845.13  845.39  0.99  tienen
  [1964]  845.77  846.05  0.98  otra
  [1965]  846.55  846.57  0.95  o
  [1966]  846.61  846.71  0.99  han
  [1967]  846.73  847.09  0.98  agotado
  [1968]  847.19  847.47  0.60  todas
  [1969]  848.85  848.97  0.90  las
  [1970]  848.99  849.63  0.95  posibilidades
  [1971]  849.67  849.81  0.73  todos
  [1972]  849.81  849.91  0.98  los
  [1973]  849.95  850.38  0.99  cartuchos
  [1974]  850.41  850.53  0.98  todo
  [1975]  850.58  850.63  0.98  lo
  [1976]  850.70  850.75  0.99  que
--- frase 109
  [1977]  850.86  851.34  0.99  pudieran
  [1978]  851.46  851.78  1.00  quemar
  [1979]  852.22  852.24  0.89  o
  [1980]  852.62  853.08  0.94  averiguar
  [1981]  853.40  853.44  0.81  de
  [1982]  853.46  853.68  0.99  alguna
  [1983]  853.72  853.96  1.00  manera
  [1984]  854.30  854.32  0.96  y
  [1985]  854.40  854.70  0.96  acuden
  [1986]  854.74  854.82  0.97  al
  [1987]  854.86  855.08  0.81  medio
  [1988]  855.44  855.90  0.88  entonces
  [1989]  856.68  856.76  0.76  es
  [1990]  856.80  856.88  0.71  muy
  [1991]  856.92  857.42  0.95  importante
  [1992]  857.46  857.52  0.96  el
--- frase 110
  [1993]  857.54  857.82  1.00  trabajo
  [1994]  857.84  857.88  0.92  de
  [1995]  857.90  857.96  0.99  un
  [1996]  858.00  858.22  0.96  medio
  [1997]  858.80  858.88  0.91  es
  [1998]  858.96  859.06  0.81  muy
  [1999]  859.16  859.46  0.99  serio
  [2000]  860.02  860.04  0.99  y
  [2001]  860.08  860.14  0.97  no
  [2002]  860.18  860.24  0.96  es
  [2003]  860.28  860.52  0.99  sólo
  [2004]  861.58  862.40  0.99  adivinar
  [2005]  862.56  862.58  0.98  o
  [2006]  862.68  863.56  1.00  acertar
  [2007]  863.94  863.96  0.97  o
  [2008]  864.04  864.14  0.66  ver
  [2009]  864.18  864.26  0.97  si
  [2010]  864.30  864.42  0.90  digo
  [2011]  864.48  864.54  0.95  un
  [2012]  864.60  864.96  1.00  nombre
  [2013]  865.02  865.04  0.00  o ?
--- frase 111
  [2014]  865.12  865.18  0.93  si
  [2015]  865.20  865.26  0.74  no
  [2016]  865.30  865.37  0.89  lo
  [2017]  865.38  865.54  0.97  digo
  [2018]  865.62  865.71  0.98  yo
  [2019]  865.76  866.00  0.99  siempre
  [2020]  866.47  866.50  0.54  en
  [2021]  866.52  866.66  0.67  todos
  [2022]  866.66  866.76  0.65  mis
  [2023]  866.76  867.19  0.97  directos
  [2024]  867.29  867.61  0.67  además
  [2025]  867.71  867.79  0.21  no ?
  [2026]  868.49  868.55  0.65  lo
  [2027]  868.61  868.89  0.68  recalcó
  [2028]  868.95  869.15  0.67  mucho
  [2029]  869.19  869.45  0.51  porque
  [2030]  870.13  870.33  1.00  creo
  [2031]  870.39  870.47  0.95  que
  [2032]  870.51  870.79  0.92  está
--- frase 112
  [2033]  870.89  871.03  0.99  por
  [2034]  871.07  871.49  1.00  encima
  [2035]  871.55  871.61  0.99  de
  [2036]  871.67  871.83  1.00  todo
  [2037]  871.89  872.09  1.00  eso
  [2038]  872.31  872.33  0.99  y
  [2039]  872.39  872.45  0.97  que
  [2040]  872.49  872.55  0.98  es
  [2041]  872.63  872.73  0.98  muy
  [2042]  872.75  873.41  1.00  importante
  [2043]  873.45  874.17  0.99  concienciar
  [2044]  874.81  874.83  0.99  a
  [2045]  874.89  875.05  0.99  los
  [2046]  875.17  875.43  0.99  nuevos
  [2047]  875.49  875.97  0.83  medios
  [2048]  876.07  876.19  0.97  oa
  [2049]  876.23  876.39  0.98  las
  [2050]  876.87  877.29  1.00  personas
--- frase 113
  [2051]  877.33  877.39  0.99  que
  [2052]  877.43  877.51  1.00  se
  [2053]  877.53  877.87  0.99  dediquen
  [2054]  877.91  877.93  0.99  a
  [2055]  877.99  878.21  0.99  esto
  [2056]  879.65  879.73  0.99  que
  [2057]  879.77  879.85  0.99  no
  [2058]  879.87  879.95  0.99  hay
  [2059]  880.01  880.07  1.00  que
  [2060]  880.11  880.49  0.97  mezclar
  [2061]  880.55  880.84  1.00  muchas
  [2062]  880.89  881.29  1.00  cosas
  [2063]  881.43  881.46  1.00  y
  [2064]  881.53  881.60  1.00  que
  [2065]  881.62  881.70  0.93  hay
  [2066]  881.74  881.79  1.00  que
  [2067]  881.88  882.00  1.00  ser
  [2068]  882.05  882.17  0.93  muy
  [2069]  882.22  882.56  1.00  serios
  [2070]  882.66  882.68  1.00  y
  [2071]  882.72  882.82  0.98  muy
--- frase 114
  [2072]  882.86  883.36  0.98  conscientes
  [2073]  883.40  883.46  0.99  de
  [2074]  883.64  883.70  1.00  lo
  [2075]  883.74  883.82  1.00  que
  [2076]  883.92  884.40  1.00  significa
  [2077]  884.46  884.58  0.99  ser
  [2078]  884.64  884.70  0.99  un
  [2079]  884.74  885.08  0.83  médium
  [2080]  886.66  886.94  0.99  espero
  [2081]  887.04  887.16  0.97  con
  [2082]  887.20  887.42  0.04  esta ?
  [2083]  888.22  888.24  0.00  y ?
  [2084]  888.58  888.84  0.99  estas
  [2085]  888.88  889.40  0.99  historias
  [2086]  889.50  889.68  0.99  haber
  [2087]  889.72  890.22  0.97  ayudado
--- frase 115
  [2088]  892.14  892.28  0.99  pues
  [2089]  892.30  892.32  0.68  a
  [2090]  892.34  892.52  0.99  estas
  [2091]  892.56  893.00  0.99  personas
  [2092]  894.02  894.10  0.87  que
  [2093]  894.34  894.40  0.97  no
  [2094]  894.52  894.80  0.98  saben
  [2095]  894.84  894.98  0.90  muy
  [2096]  895.02  895.26  0.90  bien
  [2097]  896.80  896.99  0.70  pues
  [2098]  898.09  898.39  0.99  acudir
  [2099]  898.41  898.45  0.82  a
  [2100]  898.49  898.55  0.95  un
  [2101]  898.61  898.91  0.83  médium
  [2102]  899.59  899.61  0.84  y
  [2103]  899.85  900.09  0.92  saber
  [2104]  900.39  900.49  0.94  qué
  [2105]  900.99  901.27  0.96  puede
  [2106]  901.59  901.67  0.92  qué
--- frase 116
  [2107]  901.77  902.15  0.99  servicios
  [2108]  902.19  902.35  0.99  puede
  [2109]  902.41  902.69  0.99  prestar
  [2110]  902.71  902.77  0.99  un
  [2111]  902.81  903.01  0.91  medio
  [2112]  903.73  904.05  0.99  también
  [2113]  904.13  904.37  1.00  espero
  [2114]  904.39  904.51  0.99  haber
  [2115]  904.55  904.87  1.00  ayudado
  [2116]  904.95  905.13  0.99  pues
  [2117]  905.17  905.19  0.99  a
  [2118]  905.29  905.79  1.00  familias
  [2119]  905.91  905.99  0.99  que
  [2120]  906.07  906.31  1.00  tienen
  [2121]  906.53  906.87  1.00  personas
--- frase 117
  [2122]  906.91  907.65  0.98  desaparecidas
  [2123]  907.73  907.95  0.90  seres
  [2124]  907.97  908.21  0.83  queridos
  [2125]  908.23  908.73  0.99  desaparecidos
  [2126]  909.03  909.09  0.99  que
  [2127]  909.13  909.19  0.99  no
  [2128]  909.27  909.51  1.00  saben
  [2129]  909.53  909.69  0.99  dónde
  [2130]  909.73  909.95  0.99  están
  [2131]  911.25  911.27  0.98  a
  [2132]  911.32  911.50  0.94  veces
  [2133]  911.51  911.63  0.98  los
  [2134]  911.67  912.00  0.65  médiums
  [2135]  912.13  912.63  0.98  colaboran
--- frase 118
  [2136]  913.12  913.70  0.99  colaboramos
  [2137]  913.80  913.98  0.99  con
  [2138]  914.34  914.68  0.99  equipos
  [2139]  914.72  914.80  0.99  de
  [2140]  914.84  915.30  1.00  búsqueda
  [2141]  915.56  915.66  0.94  en
  [2142]  916.38  916.80  0.99  secreto
  [2143]  917.10  917.24  0.43  en
  [2144]  918.20  918.32  0.96  una
  [2145]  918.38  918.60  0.99  forma
  [2146]  919.14  919.28  0.83  muy
  [2147]  919.34  919.74  0.98  íntima
  [2148]  921.38  921.40  0.89  y
  [2149]  921.58  921.86  0.99  acuden
  [2150]  921.88  921.90  0.93  a
  [2151]  921.96  922.34  0.96  nosotros
  [2152]  922.38  922.88  0.31  familias
--- frase 119
  [2153]  923.88  923.92  0.46  he
  [2154]  923.96  924.42  0.84  participado
  [2155]  924.56  924.62  0.98  en
  [2156]  924.66  924.98  0.99  algunos
  [2157]  925.04  925.46  0.99  casos
  [2158]  926.34  927.23  0.95  importantes
  [2159]  928.35  928.55  0.85  bueno
  [2160]  928.87  928.91  0.31  ha
  [2161]  928.91  929.17  0.75  habido
  [2162]  929.31  929.65  0.99  algunos
  [2163]  929.67  929.75  0.94  que
  [2164]  929.75  929.83  0.99  han
  [2165]  929.87  930.33  0.98  terminado
  [2166]  930.39  930.69  0.96  bien
  [2167]  930.93  930.95  0.97  y
  [2168]  931.01  931.25  0.97  otros
--- frase 120
  [2169]  931.31  931.39  0.99  que
  [2170]  931.43  931.53  0.98  han
  [2171]  931.57  932.09  0.87  terminado
  [2172]  932.59  932.71  0.97  con
  [2173]  932.75  932.81  0.97  un
  [2174]  932.85  933.09  0.99  final
  [2175]  933.13  933.21  1.00  que
  [2176]  933.25  933.49  0.95  también
  [2177]  933.53  933.59  0.97  se
  [2178]  933.63  934.03  0.99  esperaba
  [2179]  935.11  935.31  0.99  pero
  [2180]  935.39  935.47  1.00  al
  [2181]  935.51  935.75  1.00  menos
  [2182]  935.79  936.03  0.96  hemos
  [2183]  937.19  937.61  0.99  ayudado
  [2184]  937.99  938.01  0.13  o ?
  [2185]  938.01  938.13  0.00  el ?
--- frase 121
  [2186]  938.13  938.19  0.92  El
  [2187]  938.25  938.53  0.94  medium
  [2188]  938.59  938.81  0.92  también
  [2189]  938.85  939.07  1.00  ayuda
  [2190]  939.59  939.61  0.99  a
  [2191]  939.65  939.77  1.00  las
  [2192]  939.81  940.23  1.00  familias
  [2193]  940.27  940.29  1.00  a
  [2194]  940.35  940.59  1.00  cerrar
  [2195]  940.63  940.85  0.99  esos
  [2196]  940.91  941.45  1.00  ciclos
  [2197]  941.75  941.95  0.96  esa
  [2198]  942.03  942.48  0.83  agonía
  [2199]  943.43  943.50  0.99  de
  [2200]  943.54  943.62  0.99  no
  [2201]  943.70  943.96  1.00  saber
  [2202]  943.98  944.04  1.00  de
  [2203]  944.08  944.20  0.99  sus
  [2204]  944.24  944.50  1.00  seres
  [2205]  944.54  944.96  0.99  queridos
--- frase 122
  [2206]  945.02  945.08  1.00  de
  [2207]  945.12  945.18  0.99  no
  [2208]  945.24  945.54  0.99  saber
  [2209]  946.24  946.32  0.99  si
  [2210]  946.38  946.70  1.00  están
  [2211]  946.76  947.12  1.00  vivos
  [2212]  947.18  947.24  0.91  si
  [2213]  947.28  947.32  1.00  no
  [2214]  947.36  947.56  0.99  están
  [2215]  947.60  947.86  1.00  vivos
  [2216]  947.90  948.08  1.00  dónde
  [2217]  948.14  948.40  1.00  están
--- frase 123
  [2218]  948.88  949.04  1.00  Creo
  [2219]  949.04  949.10  0.99  que
  [2220]  949.12  949.16  0.99  es
  [2221]  949.18  949.26  0.96  muy
  [2222]  949.30  949.88  1.00  importante
  [2223]  950.18  950.20  0.98  y
  [2224]  950.26  950.28  0.99  a
  [2225]  950.36  950.44  0.99  mí
  [2226]  952.72  953.04  0.96  también
  [2227]  954.24  954.32  0.99  me
  [2228]  954.38  954.74  1.00  gusta
  [2229]  956.06  956.78  0.99  compartir
  [2230]  957.12  957.18  0.91  de
  [2231]  957.20  957.38  0.76  alguna
  [2232]  957.47  957.73  0.99  forma
  [2233]  958.78  958.93  0.97  esta
  [2234]  958.97  959.63  0.96  reflexión
--- frase 124
  [2235]  960.11  960.25  0.79  para
  [2236]  960.29  960.39  0.85  que
  [2237]  961.25  961.37  0.77  los
  [2238]  961.41  961.87  0.80  médiums
  [2239]  962.03  962.17  0.76  los
  [2240]  962.21  962.29  0.72  no
  [2241]  962.33  962.71  0.80  médiums
  [2242]  963.63  963.81  0.80  pues
  [2243]  964.31  964.49  0.98  todo
  [2244]  964.53  964.57  0.70  el
  [2245]  964.59  964.79  0.99  mundo
  [2246]  964.85  965.09  0.99  pueda
  [2247]  966.17  966.79  0.99  entender
  [2248]  966.93  966.99  0.99  que
  [2249]  967.03  967.07  0.79  el
  [2250]  967.09  967.37  0.93  trabajo
  [2251]  967.41  967.45  0.63  de
  [2252]  967.45  967.53  0.95  un
  [2253]  967.55  967.83  0.94  médium
--- frase 125
  [2254]  967.89  967.99  0.99  es
  [2255]  968.07  968.21  1.00  más
  [2256]  968.25  968.33  0.99  que
  [2257]  968.37  968.79  0.86  mostrarse
  [2258]  968.83  968.87  0.73  en
  [2259]  968.93  969.11  1.00  redes
  [2260]  969.15  969.65  1.00  sociales
  [2261]  970.17  970.21  0.78  a
  [2262]  970.25  970.37  0.91  ver
  [2263]  970.43  970.53  0.96  si
  [2264]  970.83  971.17  1.00  contacta
  [2265]  971.21  971.27  0.77  con
  [2266]  971.29  971.45  0.97  nuestro
  [2267]  971.49  971.61  0.99  ser
  [2268]  971.65  971.95  0.98  querido
  [2269]  972.27  972.37  0.98  Hay
  [2270]  972.53  972.84  1.00  mucho
  [2271]  972.88  973.13  1.00  más
--- frase 126
  [2272]  974.18  974.34  0.99  muy
  [2273]  974.38  974.72  1.00  bonito
  [2274]  974.84  974.86  0.98  y
  [2275]  974.90  974.98  0.99  es
  [2276]  975.02  975.14  1.00  una
  [2277]  975.20  975.50  0.85  labor
  [2278]  975.82  975.96  1.00  muy
  [2279]  976.00  976.50  1.00  grandiosa
  [2280]  976.56  976.58  0.99  y
  [2281]  976.64  976.74  1.00  muy
  [2282]  976.78  977.30  1.00  completa
  [2283]  977.80  977.94  0.98  con
  [2284]  977.96  978.04  0.99  lo
  [2285]  978.08  978.38  1.00  cual
  [2286]  979.14  979.26  0.99  yo
  [2287]  979.46  980.04  0.86  reivindico
  [2288]  980.34  980.36  0.99  y
  [2289]  980.44  980.80  0.98  lucharé
--- frase 127
  [2290]  980.94  981.40  1.00  siempre
  [2291]  981.88  982.00  0.99  por
  [2292]  982.02  982.42  0.96  elevar
  [2293]  983.08  983.24  0.97  el
  [2294]  983.38  984.12  0.99  significado
  [2295]  984.18  984.24  0.98  de
  [2296]  984.28  984.34  0.98  la
  [2297]  984.38  984.66  0.98  palabra
  [2298]  984.72  985.08  0.94  médium
  [2299]  987.34  987.70  0.93  hasta
  [2300]  987.74  987.99  0.99  donde
  [2301]  988.04  988.28  0.99  tiene
  [2302]  988.33  988.38  0.99  que
  [2303]  988.38  988.71  0.96  llegar
  [2304]  988.78  988.97  0.98  porque
  [2305]  989.00  989.04  0.98  es
--- frase 128
  [2306]  989.11  989.16  0.99  un
  [2307]  989.23  989.71  1.00  significado
  [2308]  989.81  989.97  0.98  muy
  [2309]  989.99  990.25  0.85  grande
  [2310]  990.27  990.29  0.01  y ?
  [2311]  990.31  990.43  0.91  muy
  [2312]  990.49  990.81  0.97  amplio
  [2313]  991.61  991.75  0.99  con
  [2314]  991.83  992.11  1.00  muchos
  [2315]  992.17  992.89  0.98  conocimientos
  [2316]  992.99  993.01  1.00  y
  [2317]  993.07  993.27  1.00  mucha
  [2318]  993.31  993.93  0.97  experiencia
  [2319]  994.07  994.15  0.98  en
--- frase 129
  [2320]  994.21  994.49  0.99  muchos
  [2321]  994.55  994.85  1.00  campos
  [2322]  994.87  995.43  0.98  diferentes
  [2323]  996.09  996.27  0.26  así ?
  [2324]  996.37  996.45  0.37  que
  [2325]  998.09  998.15  0.72  ha
  [2326]  998.19  998.33  1.00  sido
  [2327]  998.35  998.47  0.99  para
  [2328]  998.49  998.53  1.00  mí
  [2329]  998.57  998.63  0.98  un
  [2330]  998.63  998.89  0.99  placer
  [2331]  998.93  999.35  1.00  explicaros
  [2332]  999.39  999.53  1.00  todo
  [2333]  999.57  999.73  1.00  esto
  [2334]  999.95 1000.21  1.00  espero
  [2335] 1000.29 1000.37  0.99  que
--- frase 130
  [2336] 1000.51 1000.57  1.00  os
  [2337] 1000.59 1000.75  0.96  haya
  [2338] 1000.79 1001.13  1.00  gustado
  [2339] 1001.21 1001.43  0.99  estas
  [2340] 1001.45 1001.91  0.99  historias
  [2341] 1003.25 1003.34  1.00  si
  [2342] 1003.38 1003.65  1.00  tenéis
  [2343] 1003.72 1004.03  1.00  alguna
  [2344] 1004.67 1005.10  1.00  persona
  [2345] 1005.60 1005.62  0.99  o
  [2346] 1005.66 1005.98  1.00  conocéis
  [2347] 1006.02 1006.04  0.90  a
  [2348] 1006.10 1006.42  0.97  alguien
  [2349] 1006.50 1006.58  0.96  que
  [2350] 1006.68 1006.82  0.99  haya
  [2351] 1006.88 1007.10  0.99  algún
  [2352] 1007.20 1007.34  1.00  ser
--- frase 131
  [2353] 1007.38 1007.68  0.91  querido
  [2354] 1007.76 1007.84  1.00  que
  [2355] 1007.90 1008.00  1.00  no
  [2356] 1008.34 1008.64  0.97  sepan
  [2357] 1008.70 1008.94  1.00  nada
  [2358] 1009.10 1009.12  0.99  o
  [2359] 1009.16 1009.22  1.00  que
  [2360] 1009.26 1009.30  1.00  no
  [2361] 1009.36 1009.52  0.83  saben
  [2362] 1009.52 1009.68  1.00  dónde
  [2363] 1009.70 1009.86  0.99  está
  [2364] 1010.26 1010.46  0.36  bueno
  [2365] 1010.80 1011.00  0.99  podéis
  [2366] 1011.04 1011.44  1.00  compartir
  [2367] 1011.48 1011.70  0.86  también
  [2368] 1011.72 1012.06  0.98  vosotros
--- frase 132
  [2369] 1012.20 1012.44  0.86  vuestras
  [2370] 1012.46 1012.74  1.00  propias
  [2371] 1012.78 1013.20  0.99  historias
  [2372] 1014.02 1014.22  0.99  podéis
  [2373] 1014.26 1014.70  1.00  compartirlo
  [2374] 1014.72 1014.88  0.97  aquí
  [2375] 1015.00 1015.20  0.99  podéis
  [2376] 1015.24 1015.66  0.99  escribirme
  [2377] 1015.70 1015.78  1.00  lo
  [2378] 1016.20 1016.22  0.99  y
  [2379] 1016.28 1016.34  1.00  yo
  [2380] 1016.36 1016.54  0.82  estaré
  [2381] 1016.58 1017.02  0.99  encantado
--- frase 133
  [2382] 1017.06 1017.12  0.99  de
  [2383] 1017.18 1017.56  0.97  leeros
  [2384] 1018.00 1018.16  1.00  Así
  [2385] 1018.20 1018.28  0.99  que
  [2386] 1018.46 1018.52  1.00  un
  [2387] 1018.54 1018.75  0.93  abrazo
  [2388] 1018.78 1018.87  0.99  muy
  [2389] 1018.88 1019.12  1.00  grande
  [2390] 1019.28 1019.30  0.99  y
  [2391] 1019.35 1019.64  0.97  cuidaros
  [2392] 1019.68 1019.90  1.00  mucho

2393 palabras -> trabajo/desaparecidos/tiempos.json  (dispositivo: cuda)
'?' = puntuación baja: normal en cifras y nombres en inglés; si una palabra normal sale con '?', revisa el guion.
Whisper frente a la alineación: mediana -0.15 s (adelantado) en 2393 palabras comunes.
