[  0.00-  7.10] Hoy voy a contaros una historia muy interesante sobre los familiares o las personas que se
[  7.10- 12.32] ponen en contacto conmigo algunas veces para que encuentre a sus seres queridos que no
[ 12.32- 16.64] saben dónde están o si están fallecidos o que no saben nada de hace mucho tiempo.
[ 16.90- 19.10] Así que quédate que te lo voy a contar.
[ 19.28- 26.38] Algunas veces, como médium, ya sabéis que no siempre son solamente sesiones, despedidas,
[ 26.38- 33.66] mensajes etcétera etcétera que suele ser gran parte del trabajo de un medium pero también hay
[ 33.66- 41.82] otras cosas aparte de esas sesiones privadas o esas despedidas etcétera etcétera que también
[ 41.82- 48.20] pues son muy interesantes y muy valiosas porque el medium puede hacer un gran trabajo una gran
[ 48.20- 53.42] labor y una gran ayuda a muchas familias porque por ejemplo como en este caso que os voy a contar
[ 54.58- 62.10] acuden a mí pues para saber no saber sobre su ser querido dónde está o si puede estar en este plano
[ 62.10- 70.48] o en el otro plano fijaros os voy a contar un caso muy peculiar que me ocurrió hace tiempo
[ 71.84- 79.78] donde yo empezaba en mis comienzos mis comienzos como medium donde yo pues empezaba a hacer mis
[ 79.78- 87.84] cosas a descubrir cosas impresionantes que me ocurrían no iba bueno pues por el mundo intentando
[ 87.84- 98.46] saber comprobar experimentar coger información coger experiencia y en un lugar donde bueno hubo
[ 98.46-109.40] un encuentro con más personas en un retiro conocí a una persona que me eligió para que yo pues en
[109.40-112.86] en una de las prácticas, en uno de los ejercicios que hacíamos al aire libre,
[113.30-114.62] pues le hiciese una lectura.
[118.22-122.38] Era una persona que no se sabía nada, que desapareció hace mucho tiempo,
[123.82-128.68] y bueno, resulta que yo empecé a cerrar mis ojos, empecé a percibir,
[129.52-133.58] hice mi apertura, etcétera, etcétera, y ocurrió algo muy curioso,
[133.58-145.04] Y es que vi a una persona con un uniforme de la Guerra Mundial, digamos, como si fuera de los alemanes.
[147.08-148.64] Y eso me impactó mucho.
[149.40-156.58] Entonces se lo dije y resulta que esta persona era su abuelo,
[156.58-168.18] abuelo que había desaparecido en Uruguay y que le llamaban el alemán. Resulta que este
[168.18-176.24] hombre tuvo que huir de Alemania porque tenía un apellido judío y por desgracia tuvieron
[176.24-186.54] que tuvieron que pues que huir no entonces en huyó a Uruguay conoció a una mujer tenían una
[186.54-194.10] relación en la que él trabajaba en una parte ella en otra muy lejos y entonces bueno pues
[194.10-200.36] él mandaba dinero para ella y te con planes pues de algún día a lo mejor casarse formar
[200.36-208.72] una familia etcétera no resulta que bueno pues esta mujer quedó embarazada y él no lo sabía
[208.72-220.08] todavía y dejó de mandar correos cartas etcétera etcétera la familia se preocupó evidentemente
[220.08-227.38] pero en aquellos tiempos pues no se podía buscar de la forma en la que podríamos buscar hoy y nunca
[227.38-233.86] más supieron supieron de él ni cartas ni nada y quedó la cosa y eran muy jóvenes pero ella
[233.86-241.22] estaba embarazada bueno pues entonces la persona que me pidió esta sesión es la nieta que ya es
[241.22-251.94] una mujer mayor fijaros resulta que me me impactó mucho no la forma en la que me empezaron a
[251.94-258.50] comunicar no se me empezó a comunicar este alma pero hubo muchas más sorpresas este alma de
[258.50-265.70] repente veo pues que es mira nos mira de frente se me coloca de frente y se digamos que veo la
[265.70-271.68] cara de la mujer y él se coloca por detrás y encaja su cara exactamente en la cara de ella
[272.56-277.16] me dio un vuelco el corazón y eso me quería decir evidentemente pues que se parecían mucho o que
[277.16-283.10] que eran muy parecidos y es que eran exactos ella me confirmó pues que decían que su abuelo era era
[283.10-292.46] una viva copia suya que bueno pues que nunca lo supo pero que su abuela pues dijo que ella se
[292.46-301.26] parecía mucho fijaros como como como comenzó todo lo que curioso que de coincidencias no
[301.26-309.86] esa magia esas coincidencias esas casualidades que no existen ahí conseguimos seguimos con la
[309.86-318.42] sesión seguimos hablando resulta que él me mostró pues que lo metieron hubo como me explicó que hubo
[318.42-325.36] como una cacería una especie de cacería donde todas las personas con origen alemán eran
[325.36-333.04] perseguidas no sé qué ocurrió como una revuelta algo que sucedió pero lo cogieron y él me mostró
[333.04-340.16] que le pusieron una pistola en un lado del vientre no y lo metieron en un coche y conducieron por la
[340.16-347.26] noche y lo llevaron lejos la verdad que fue lejos había más personas en ese coche y hubo más viajes
[347.26-357.32] en aquella noche hacia ese lugar a mí me mostraba pues un final muy trágico no donde había más
[357.32-369.36] cuerpos mapean más las personas allí de alguna forma y él fue uno más incluso semi enterrados
[369.36-377.10] ni siquiera llegaron a hacer unos buenos enterrarlo de una forma mucho más respetuosa
[378.00-386.12] sí que me mostraba que fíjate que sabía cuando iba en ese coche que no iba a volver a ver a su
[386.12-394.66] amada él sabía que nunca más iba a volver a verla él me mostraba yo le preguntaba y yo veía una
[394.66-401.46] especie de llano de claro muy grande con unas montañas en el fondo pero yo no entendía de
[401.46-407.30] lugares nunca pude saberlo no y esta persona esta mujer pues tampoco se podía imaginar la
[407.30-416.02] zona más o menos pero era muy difícil pero al menos conseguimos en bueno darle un cierre a
[416.02-424.14] una historia que tenía más de no sé era del 1940 y algo fijaros la cantidad de años que hacía de eso
[425.44-432.20] aquella época aquellos coches con esas ruedas tan finas incluso como si tuviesen radios era
[432.20-439.32] increíble todo todo lo que me mostró como me lo mostró como me enseñó me hizo sentir que
[440.74-450.16] yo iba ahí en ese coche y que yo yo pude sentir a través de él y de su cuerpo podemos decirlo
[450.16-457.66] de ese recuerdo, que no iba a volver a salir de ahí, él lo sabía, él iba en silencio sabiendo que no iba a volver a ver a los suyos.
[458.84-471.64] Fue muy fuerte, muy impactante y me hizo de, al menos de pensar, que dentro de lo que es la mediunidad, las despedidas,
[471.64-479.98] las bueno los todas son con su dolor pero a veces son bueno despedidas o cosas que no se han dicho
[479.98-487.96] pero este caso era un caso brutal no era muy fuerte y bueno al menos pude dar a esa familia
[487.96-496.40] ese cierre que tantos años hacían que no sabían de él nunca supieron de él ni tampoco sabían dónde
[496.40-504.40] estaba así que fue una experiencia tan tan especial que esta persona cuando llegó a uruguay
[505.64-511.04] me mandó un audio pues dándome las gracias y diciendo que iba a hablar con su familia
[511.04-518.24] mostrarle pues lo que había sucedido ya que lo grabó grabó el audio y pudimos pues de alguna
[518.24-529.02] forma darle esa esa despedida no es verdad que es un caso de hace muchos años pero fijaros como
[529.02-539.68] a veces en estos en este plano como no importa el tiempo no no hay tiempo y espacio que es algo que
[539.68-547.98] yo siempre repito y que pues siempre es algo muy difícil de explicar pero sé lo que es no existe
[547.98-554.20] el tiempo y el espacio allí no existe el tiempo y el espacio y allí no no no no importa la cantidad
[554.20-561.96] de años que hayan sucedido pasado y fijaros como este alma contaba esa historia no la sensación que
[561.96-569.64] tuve fue de una paz tremenda de un cierre y me quedé impresionado con este caso la verdad que
[569.64-577.78] me marcó porque encima eran mis comienzos y yo pues fijaros todavía me quedaba mucho para aprender
[577.78-582.90] y aún me queda mucho pero tenía mucho por descubrir no fue algo que me impactó tanto
[582.90-590.48] que lo escribí en un diario que tengo de sesiones de momentos especiales que algún día publicaré o
[590.48-599.84] sacaré para que lo veáis y la verdad es que fue impresionante entonces en este caso fue un final
[599.84-605.74] bueno que ya se estaba era muy superado por la familia porque hacía muchos años era el abuelo
[605.74-611.48] de esta señora mayor, pero al menos se le dio una paz, un cierre y toda la familia me lo agradeció.
[611.86-616.04] Fue muy bonito, fue muy bonito y la verdad que me marcó bastante.
[617.24-623.18] Por eso os digo que la importancia del trabajo de un medium, hay que abrir esa expectativa
[623.18-631.64] de que el medium no es solo un, bueno sí, estamos en aquel plano, pero no es solo despedirse o dar mensajes,
[631.64-647.08] A veces también hay que buscar, cerrar ciclos, cerrar historias, encontrar esa parte que queda pendiente, esos pendientes que yo siempre digo que el alma puede arrastrar durante toda una tardeñada.
[647.28-653.92] Qué importante porque ese alma encontró una paz tremenda y entiendo que esa familia también. Fue muy bonito.
[655.06-673.84] Otra vez he tenido un caso más reciente en una de las sesiones normales, como todos los días, hago mis oraciones, me concentro, doy permiso al alma que se comunique conmigo, abro sesión, abro el Zoom y empezamos a hablar.
[673.84-700.02] Y era una mujer joven que me enseñó una foto de un hermano. Empezamos la sesión, yo empecé a percibir, le empecé a contar la fe de vida, le dije que tenía problemas o que a alguien le estorbaba y que lo habían quitado del medio por las cosas que él decía.
[700.02-708.38] o no sé si era religión o política, pero él hablaba, influenciaba a muchas personas y molestaba a otros.
[708.74-711.32] Entonces se lo quitaron de en medio.
[711.42-718.34] A mí me enseñaron también cómo lo sacaron con un coche de la ciudad, varias personas, y bueno, acabaron con él.
[719.56-727.92] Fijaros que esta mujer, cuando voy contándole la fe de vida, yo notaba un silencio, algo, no sé, no era normal.
[727.92-732.52] mal y hay un momento que me paro y le digo te está resonando lo que te estoy diciendo
[733.76-739.42] y me dijo mira realmente yo he cogido la sesión porque mi hermano desaparecido hace más de dos
[739.42-750.28] años fue secuestrado y no sabemos nada de él yo tenía la claro yo me quedé un poco impresionado
[750.28-756.02] porque le dije bueno pues creo que acabo de contaros un poco pues cómo ha terminado la
[756.02-761.24] situación ella me dio las gracias yo le pedí disculpas por por bueno pues por hablar sin
[761.24-766.20] haber a lo mejor entendido ese concepto al principio pero ya me daba las gracias porque
[766.20-772.58] para su padre era muy importante ya que todos los días tenía la esperanza de encontrarle y decía que
[772.58-779.80] no iba a morirse hasta no encontrarlo y fijaros como ella pues me dijo también que ella mentía
[779.80-785.48] una mentira de piadosa a su padre diciéndole que había pistas que lo habían visto nublado que
[785.48-792.46] que creían que estaban por otro lado, para mantenerlo con esa ilusión de algún día poder encontrar a su hijo.
[792.82-798.50] Pero que ella me aseguró que ella sospechaba, porque ella había soñado con él varias veces,
[799.36-802.32] que él no estaba entre nosotros, que estaba en el otro plano.
[803.54-808.40] Y ahí fue una confirmación sin saberlo, pero fijaros qué importancia.
[808.44-813.72] Quizás si lo hubiera sabido antes, o me lo hubieran dicho, ya estaría condicionado, ya sería otra cosa.
[813.72-830.82] Pero esta persona no dijo nada y lo agradezco mucho porque hice mi trabajo como tenía que hacerlo y todo ocurrió como tenía que ser. Este alma expresó, dio además detalles de cómo fue, dónde lo llevaron, cómo acabaron con él, etcétera, etcétera.
[832.98-839.82] entonces es una historia muy diferente a la otra pero al final lo que quiero hablaros es de la
[839.82-844.12] búsqueda de la búsqueda de esas familias que buscan a sus seres queridos y que acuden a los
[844.12-850.74] medios cuando no tienen otra o han agotado todas las posibilidades todos los cartuchos todo lo que
[850.74-857.48] pudieran quemar o averiguar de alguna manera y acuden al medio entonces es muy importante el
[857.48-864.98] trabajo de un medio es muy serio y no es sólo adivinar o acertar o ver si digo un nombre o
[864.98-870.64] si no lo digo yo siempre en todos mis directos además no lo recalcó mucho porque creo que está
[870.64-877.10] por encima de todo eso y que es muy importante concienciar a los nuevos medios oa las personas
[877.10-882.76] que se dediquen a esto que no hay que mezclar muchas cosas y que hay que ser muy serios y muy
[882.76-890.16] conscientes de lo que significa ser un médium espero con esta y estas historias haber ayudado
[891.48-901.64] pues a estas personas que no saben muy bien pues acudir a un médium y saber qué puede qué
[901.64-906.70] servicios puede prestar un medio también espero haber ayudado pues a familias que tienen personas
[906.70-912.58] desaparecidas seres queridos desaparecidos que no saben dónde están a veces los médiums colaboran
[912.58-922.84] colaboramos con equipos de búsqueda en secreto en una forma muy íntima y acuden a nosotros familias
[922.84-931.12] he participado en algunos casos importantes bueno ha habido algunos que han terminado bien y otros
[931.12-938.14] que han terminado con un final que también se esperaba pero al menos hemos ayudado o el
[938.14-944.80] El medium también ayuda a las familias a cerrar esos ciclos, esa agonía de no saber de sus seres queridos,
[944.90-948.26] de no saber si están vivos, si no están vivos, dónde están.
[948.44-959.52] Creo que es muy importante y a mí también me gusta compartir de alguna forma esta reflexión
[959.52-967.76] para que los médiums, los no médiums, pues todo el mundo pueda entender que el trabajo de un médium
[967.76-972.98] es más que mostrarse en redes sociales a ver si contacta con nuestro ser querido. Hay mucho más,
[973.14-980.78] muy bonito y es una labor muy grandiosa y muy completa, con lo cual yo reivindico y lucharé
[980.78-988.98] siempre por elevar el significado de la palabra médium hasta donde tiene que llegar porque es
[988.98-994.12] un significado muy grande y muy amplio con muchos conocimientos y mucha experiencia en
[994.12-1000.28] muchos campos diferentes así que ha sido para mí un placer explicaros todo esto espero que
[1000.28-1007.24] os haya gustado estas historias si tenéis alguna persona o conocéis a alguien que haya algún ser
[1007.24-1011.98] querido que no sepan nada o que no saben dónde está bueno podéis compartir también vosotros
[1011.98-1016.98] vuestras propias historias podéis compartirlo aquí podéis escribirme lo y yo estaré encantado
[1016.98-1019.76] de leeros. Así que un abrazo muy grande y cuidaros mucho.

Palabras dudosas (probabilidad < 0,6): los@3.98, que@17.38, médium,@20.52, medium@32.20, o@37.60, y@48.48, porque@50.58, pues@55.38, no@57.32, o@62.10, mis@74.64, medium@75.56, pues@76.74, en@110.56, y@123.82, bueno,@124.32, Y@133.58, Guerra@140.94, que@176.24, entonces@179.78, tenían@184.98, te@197.72, no@201.04, más@227.38, ella@233.66, este@256.22, que@284.36, como@298.06, lo@299.20, no@301.10, esa@301.26, esas@302.26, no@326.10, no@336.90, a@350.26, no@354.94, de@362.44, semi@367.64, mucho@373.84, sí@378.00, no@402.88, era@408.36, bueno@412.88, aquella@425.44, aquellos@426.46, de,@463.04, las@471.64, bueno@472.08, los@472.88, así@496.66, forma@518.24, esa@519.36, estos@531.10, el@547.98, allí@548.74, importa@552.60, no@559.92, pero@578.70, no@580.90, y@613.48, medium,@620.14, Y@673.84, que@676.16, o@700.02, no@700.40, bueno,@716.76, mal@727.92, te@730.62, cómo@754.70, ella@756.26, por@759.66, a@761.48, ella@796.14, Pero@813.72, dio@823.68, entonces@832.98, ver@863.96, digo@864.20, o@864.86, en@865.92, no@867.42, espero@884.94, esta@887.08, y@887.30, qué@899.92, médiums@911.54, en@916.80, y@919.64, o@937.56, medium@938.18, pues@962.70, porque@988.56, si@1001.82

2393 palabras -> trabajo\desaparecidos\transcripcion.json
Texto para corregir -> trabajo\desaparecidos\guion.txt
Corrige nombres y cifras en ese archivo (una frase por línea) y ejecuta: anim.py alinear
Si Whisper escribió mal nombres propios, repite con --nombres "Nombre 1, Nombre 2" (no pisa un guion ya corregido).
