[  0.00-  4.74] Bueno, me encuentro en mi casa actual donde yo vivo y este vídeo va a ser un vídeo
[  6.20- 11.54] simplemente para documentar. Este canal, de hecho, lo voy a usar para documentar y
[ 11.54- 16.88] ¿por qué? Dirás, porque si no tiene ninguna utilidad a priori este canal, ¿por qué
[ 16.88- 20.66] subir vídeos? Porque siempre es importante documentar tu vida y más si
[ 20.66- 24.86] te quieres dedicar a las redes sociales o a crear un negocio que sea de forma
[ 24.86- 31.80] digital porque aparte de que te voy a explicar una anécdota que es importante que conozcas sobre mí
[ 31.80- 38.58] y que también quiero dejar plasmada aquí sobre los diferentes periodos o diferentes fases que
[ 38.58- 45.12] uno pasa por la vida. Yo donde estoy viviendo ahora es un piso de un amigo mío que yo se lo
[ 45.12- 50.50] alquilé porque sabía que yo estaba buscando piso porque al volver de Australia volví a casa de mis
[ 50.50- 56.22] padres y después de estar un año viajando por ahí viviendo solo pues al final te acostumbras a vivir
[ 56.22- 65.64] solo y lo único que quería era volver a tener mi espacio y en esta casa al estar completamente solo
[ 65.64- 71.64] porque en australia aunque viviese solo y tuviera mi habitación etcétera que lo tengo también y lo
[ 71.64- 77.30] voy a ir subiendo poco a poco por aquí al final convivías con gente sabes había cierto movimiento
[ 77.30- 95.74] Es decir, aunque en ciertos momentos yo sintiera que estaba solo, ¿sabes? Porque sentías esa soledad, no estaba solo al 100%, o sea, era un miedo, pero un miedo descafeinado, por así decirlo.
[ 95.74-115.80] Y durante una época cuando vine aquí me sentía muy incomprendido, me sentía muy raro, que nadie me entendía, incluso a veces ni yo mismo me entendía todo lo que yo pensaba de la realidad, todo lo que yo quería conseguir pero que la mayoría de mi entorno no entendía o tampoco compartía.
[115.80-117.92] entonces eso combinado
[117.92-119.82] a que había ido a Australia había cambiado
[119.82-121.24] muchísimo y haber vuelto
[121.24-123.22] y chocarme con la realidad de que
[123.76-125.70] parecía que nada había cambiado y que todo
[125.70-126.20] seguía igual
[127.78-129.76] al volver y vivir aquí en Lérida
[129.76-131.44] porque yo soy, o sea, yo vivo
[131.44-133.64] antes, mejor dicho, vivía en un pueblecito
[133.64-135.02] llamado Castelldans, pero ahora
[136.22-137.24] al vivir aquí
[138.16-139.80] en Lérida, en la ciudad
[139.80-141.62] que estoy solo completamente, encima
[141.62-143.44] no tengo coche porque lo vendí cuando fui a Lleida
[143.44-144.44] ahí a Australia
[144.44-154.68] Australia, antes de irme, hubo una época muy, muy jodida, muy, muy jodida. Mucho de introspección,
[154.80-163.36] por supuesto, pero de alguna manera me sirvió para ser todavía más auténtico y hablar más mi verdad.
[163.78-170.88] Yo recuerdo un día de sentirme con un vacío increíble, sentir muchísimo miedo a la soledad,
[172.52-175.36] Pero querer aislarme, necesitar aislarme
[175.36-180.38] Porque era como mi zona de confort, la zona donde yo me recargaba, etc
[180.38-188.00] Y sucedió que llegué a casa, llegué aquí, de hecho estaba puesto justo como estoy puesto ahora
[188.00-191.58] Y empecé a llorar y a llorar y a llorar y a llorar
[191.58-194.68] Igual estuve 15-20 minutos llorando sin parar
[195.46-197.10] Pensando que me había vuelto loco
[197.10-201.32] porque dije, joder, me he ido a Australia a 15.000 kilómetros de casa
[201.32-205.94] solo, sin nadie, con gente que no hablaba mi idioma
[206.58-209.88] y estoy aquí a 20 minutos de mi pueblo
[209.88-213.62] de hablar o estar con mi familia, con algunos de mis amigos
[214.50-219.38] y estar aquí y sentir esa soledad tan grande
[220.84-224.40] que no lo entendía, o sea, no lo entendía
[224.40-236.10] Y como hablo de los periodos y de la importancia de cuando pases por situaciones que son negativas, aparentemente, no es nunca nada negativo, todo te enseña, pero tienes que aprender a verlo.
[237.62-251.60] Me di cuenta de que cuando sacas esa emoción y ya permites que digas, vale, viene esa emoción, yo no comprendo ni por qué, pero llega un punto que dices, si está aquí es por algo, voy a dejar que se exprese y no poner barreras.
[252.52-259.36] vas sacando un montón de emoción que has ido reprimiendo durante toda tu vida en diferentes situaciones día a día
[259.36-267.76] y lo suplías con adicciones, con distracciones, sin tener tu voz propia diciendo que sí cuando querías decir que no y cosas así.
[268.90-274.54] Y aparte de eso yo también me di cuenta de una cosa y es que también me pasó en Australia
[274.54-282.24] realidad y es que las personas cuando están frustradas quiere decir que tú aquello que ha
[282.24-288.58] pasado no lo has acabado de digerir del todo por eso tú te frustras y la frustración es como que
[288.58-293.38] tú quieres lograr algo o quieres hacer algo pero eso no se da porque tú quieres hacerlo mediante
[293.38-302.44] el ego y eso no se da por tanto como es una lucha interna tuya no es muy difícil digerir esa
[302.44-308.74] aceptar que eso es así de que tú quieras ganar x dinero quieras estar en diferentes situaciones y
[308.74-314.20] tú estés en otra realidad completamente distinta y eso te genera como una emoción que es una rabia
[314.20-321.18] reprimida porque no puedes no eres capaz de digerirlo qué es lo que sucede luego que comemos
[321.18-331.08] por ansiedad y eso yo me daba cuenta cuando comía por ansiedad y también durante mi vida cuando
[331.08-337.86] Cuando enfrenté la adicción en aquella época pensaba que era adicción, pero realmente las adicciones como tal no existen.
[338.04-343.92] Una adicción es básicamente compensar unos aspectos emocionales que tú no puedes ver o que no eres consciente.
[344.14-349.50] Pero la adicción como tal no es mala, porque lo único que hace es compensar una cosa con otra.
[349.62-356.84] Si tú tienes mucho vacío y unas emociones muy densas que no eres consciente, pues vas a tener más probabilidades de tener más adicción.
[356.84-376.52] Para poder equilibrar eso y llegar a un punto de equilibrio para simplemente sobrevivir. Entonces, muchas personas cuando tienen ansiedad lo contrarrestan o lo compensan fumando, con contenido para adultos o en este caso, como a mí me pasó también, comiendo.
[376.52-392.30] Y obviamente cuando comes, como tú lo que necesitas es placer para sentirte en ese estado de equilibrio, sentir que estás en una especie de... pues sí, como estás equilibrado, estás sobreviviendo, siempre vas a comer cosas que te den más placer.
[392.40-401.16] Y eso quiere decir que vas a comer puta mierda. Puta mierda. Vas a comer comida basura cuando sabes realmente que eso no te hace bien, pero lo vas a hacer.
[401.16-403.40] Y a veces hablando con mi madre
[403.40-405.20] Que mi madre siempre ha tenido una lucha muy fuerte
[405.20-406.58] Contra el sobrepeso
[406.58-408.76] Y ella sabe que parte del sobrepeso es
[409.52-410.74] Mucha parte emocional
[411.80-413.44] Y me he dado cuenta de eso
[413.44-414.16] O sea
[415.26-416.80] Incluso de estar dos meses
[416.80-418.88] Yendo al gimnasio todos los días comiendo
[418.88-420.70] Bien saludable y no
[421.96-422.94] Adelgazarse ni un kilo
[422.94-424.82] Entonces como puede ser eso ¿no?
[426.34-427.26] Me estoy yendo un poco
[427.26-429.26] Por las ramas pero al final lo que quiero comentar
[429.26-437.26] es que da igual la situación en la que estés, que con los ojos correctos siempre vas a estar mejor,
[437.44-439.02] siempre vas a sacar un aprendizaje.
[439.22-445.30] Yo tenía ganas de documentar esto, de documentar esta experiencia que me pasó
[445.30-455.26] y grabar este mismo vídeo en el mismo sitio, después de haber pasado muchos días de estar bastante jodido,
[455.26-456.94] de quedarme
[456.94-458.82] simplemente tirado en el sofá
[458.82-460.94] viendo películas, comiendo mal
[460.94-462.74] porque estaba
[462.74-464.92] desconectado de mí, tenía como una especie
[464.92-467.20] de crisis existencial
[467.20-468.08] por así decirlo
[469.16-470.62] y me sentía mal
[471.38-472.92] y había una parte
[472.92-475.06] de mí que siempre, eso nos pasa a todos
[475.06-476.82] que siempre queremos
[476.82-478.70] avanzar, siempre es como que queremos
[478.70-481.02] estar bien y muy pocas veces nos permitimos
[481.02-482.88] estar mal o nos
[482.88-484.82] permitimos escuchar nuestras emociones porque
[484.82-495.24] Porque pensamos que el sentir eso nos hace débiles, nos hace que tengamos menos valor, nos hace que no seamos suficientes, que no seamos lo que para la sociedad tenemos que ser.
[495.50-498.26] Y es que todo eso es una puta mierda.
[498.62-508.00] Porque cuando está normalizado todo esto, en general las personas actúan de una forma automática llevadas por este tipo de creencias, por este tipo de pensamientos.
[508.00-523.98] Y al final llega un punto en tu vida, que esto por lo general pasa cuando ya te haces mayor y cuando llegas a la vejez, que te has dado cuenta de que durante toda tu vida nadie piensa en criticarte, todo el mundo está con su propio mundo, con su propia película.
[523.98-547.96] Y tú cuando tenías, con 20 años tenías miedo a que te criticasen, realmente no les importabas una puta mierda, a los 50 les importabas todavía menos y cuando eres mayor y ya eres casi viejo, te das cuenta de que nunca se fijaron o nunca les importaste o nunca, o sea, realmente no tiene validez, es siempre tu cabeza.
[547.96-556.06] cabeza y otra cosa que quiero puntuar aquí en este vídeo y que yo siempre he pensado y he
[556.06-562.16] experimentado y por supuesto que pienso y defiendo con capa y espada es que el tema del crecimiento
[562.16-569.84] del autoconocimiento se lleva al punto de aquí la mente de entender las cosas y te aseguro de que
[569.84-577.34] la gran mayoría de las cosas en esta realidad no las vas a poder entender que una niña sea atacada
[577.34-578.90] en una guerra y muera
[579.76-581.30] ¿cómo puedes decir luego
[581.30-583.00] decir, ok, quiero
[583.66-584.88] avanzar a nivel espiritual
[584.88-586.32] quiero crecer como persona
[586.32-588.90] todas estas cosas
[588.90-590.22] todas estas situaciones
[590.22-593.06] tú no las vas a poder entender mentalmente
[593.06-595.00] en la puta vida, porque no tienen una explicación
[595.00-596.98] lógica, ahí está el tema
[596.98-598.80] igual que cuando
[598.80-600.94] eres una persona que simplemente busca
[602.02-603.04] demostrar las cosas
[603.04-605.20] que tengan una lógica o poderlas
[605.20-606.28] demostrar como hace la ciencia
[606.28-613.66] grandes cosas las cosas de hecho más importantes de la realidad suceden sin forma lógica que tú
[613.66-620.18] encuentras a una persona indicada en el momento indicado que es perfecta para ti cuando tú por
[620.18-624.16] ejemplo habías pasado por diferentes relaciones que no te habían funcionado que estabas hasta la
[624.16-629.52] polla de las personas y llega un punto en que encuentras a esa persona en ese momento justo
[629.52-631.06] justo, indicado, cuando tú estás
[631.78-633.32] preparado, etcétera? ¿Eso
[633.32-635.46] tiene alguna lógica? Y dirás
[635.46-636.96] bueno, pero puede ser casualidad.
[637.30-639.40] Te aseguro que en la vida
[639.40-641.20] no existe ninguna, ninguna
[641.62-642.92] casualidad. Por eso
[642.92-645.40] quiero hacer este tipo de vídeos documentando
[645.40-647.22] mi vida, documentando alguna reflexión.
[647.26-649.30] Si un día tengo ganas de que estoy aquí tirado en el sofá
[649.30-651.38] y me viene este pensamiento, grabo el vídeo,
[651.56-653.36] lo subo y ya está. Que un día estoy dando
[653.36-654.82] una vuelta, me viene un pensamiento,
[654.96-655.98] lo subo y ya está.
[657.58-658.88] Porque de esta forma
[658.88-687.44] también vas a poder conocerme mucho mejor a mí también me va a ayudar a sacar todo este conocimiento y esta experiencia sobre todo porque el conocimiento de nuevo es de aquí pero como tú constatas ese conocimiento cuando tú lo vives desde aquí esto es lo más importante la voz de tu intuición las corazonadas el quizás para mucha gente cuando tienes un trabajo bien visto para la sociedad
[687.44-694.68] a nivel lógico lo lógico sería continuar por ahí verdad pero qué pasa si un día te levantas y no
[694.68-701.34] sientes esas ganas de seguir en ese trabajo y hay una voz que te dice no por aquí no por aquí no
[701.34-709.00] y por aquí no y dejas de trabajar allí claro si lo piensas lógicamente no tiene ninguna lógica
[709.00-712.46] todo el mundo de tu alrededor va a decir vas a decir que van a decir que estás completamente
[712.46-718.22] completamente loco pero si tú lo sientes no sabes el por qué lo sientes es decir tú no no le pones
[718.22-724.02] lógica a eso sin embargo lo sientes y qué es la verdad lo que tú sientes da igual lo que te digan
[724.02-729.72] los demás lo que siempre vale es lo que tú sientes porque eso es lo que luego crea tu propia vida y
[729.72-734.68] hay muchas personas que quieren cambiar su vida quieren manifestar pero no se fían ni una mierda
[734.68-740.66] de lo que sienten y de su intuición y de lo que le dice esa vocecilla que durante muchos años no
[740.66-745.86] no han escuchado y por eso han llegado donde han llegado, se la han metido, no han aprendido, se han
[745.86-750.90] topado con la misma persona o con el mismo tipo de relación, siempre van a trabajos donde su jefe
[750.90-755.86] abusa de ellos y todas esas cosas es porque tú has intentado vivir tu vida desde la parte lógica
[755.86-762.18] y no desde escuchar realmente lo que quieres, lo que necesitas y para lo que estás aquí, por tanto
[762.18-767.86] siempre una de las cosas que más he aprendido y que siempre recomiendo es olvida la mente por
[767.86-769.56] por completo, simplemente la mente
[769.56-771.60] sirve para funcionar
[771.60-773.46] en esta realidad, pero lo que es
[773.46-775.44] fundamental es que te centres en esto
[775.44-777.54] de aquí, en las emociones
[777.54-779.70] porque cuando tú trabajas en las emociones
[779.70-781.34] estás trabajando con tu niño interior
[781.34-783.30] y ahí la gran mayoría de las personas
[783.30-785.04] tienen traumas, tienen emociones
[785.04-787.46] de cuando eras pequeño o pequeña que no
[787.46-789.34] has trabajado y si quieres manifestar
[789.34-791.14] tu vida, si quieres crear tu futuro
[791.14-793.38] lo que tú quieras, en este caso yo
[793.38-795.34] manifesté libertad, por supuesto
[795.34-797.34] yo soy una persona libre, yo si quiero mañana me voy a la
[797.34-803.00] la otra punta del mundo y nadie me lo va a impedir porque trabajo por mí no tengo que dar explicaciones
[803.00-808.64] a nadie eso es abundancia hay muchas personas que siempre se centran en tener más dinero y más
[808.64-813.94] dinero y más dinero y más dinero y yo no te digo que esté mal pero más dinero por lo general trae
[813.94-819.56] más responsabilidades no con los demás sino contigo mismo de ser cierta persona de decir que
[819.56-825.02] no a ciertas cosas etcétera etcétera o sea siempre es como vale abundancia abundancia abundancia y
[825.02-826.70] está muy bien, o riqueza mejor dicho
[826.70-829.18] pero, ¿tú sabes quién tienes que ser
[829.18-830.78] para sostener esa riqueza?
[830.98-832.98] para que no te coma el ego cuando
[832.98-835.08] te valides únicamente por lo que
[835.08-837.14] tienes y no por lo que eres, eso es un arma
[837.14-839.02] de doble filo muy peligrosa que si no estás
[839.02-840.86] preparado te puede joder la vida, yo recuerdo
[841.44-843.06] cuando tenía 21 años
[843.66-844.54] cuando ganaba
[844.54-846.74] 15.000 euros aproximadamente con
[846.74-847.92] la automatización de YouTube
[848.64-850.48] y recuerdo cuando cayó
[850.48-852.86] cuando fue el mundial de Qatar 2022
[852.86-854.28] es que me acuerdo de toda la vida
[854.82-859.52] Ese canal llegó a facturar 17.000 euros al mes
[860.32-863.54] Me dieron la placa de los 100.000 suscriptores, etc
[863.54-867.32] Y viendo que yo ganaba mucho dinero al mes
[867.32-871.62] Dije, hostia, yo creo que igual es una buena idea vender este canal de YouTube
[871.62-873.14] Porque seguro que me van a dar mucho dinero
[873.14-876.84] Me ofrecieron 550.000 euros por ese canal
[876.84-883.28] Y no me digas por qué no lo hice, pero algo me dijo que no lo hiciera
[883.74-885.14] y con el paso del tiempo
[885.80-887.20] nunca pasa por casualidad
[887.20-889.12] como te he dicho antes, me di cuenta de que
[889.12-890.92] siendo la persona que era en ese pasado
[891.60-893.36] por lo que yo creía de la vida
[893.36-895.10] las creencias sobre mí, de la realidad
[895.10-897.10] de las personas y que yo
[897.10-899.30] obviamente no estaba preparado, generaba
[899.30-901.06] dinero, por supuesto que sí, pero había muchas
[901.06-902.78] otras cosas en mi vida que no estaban bien
[902.78-904.62] mis relaciones no eran buenas
[905.30-907.22] yo no estaba bien emocionalmente
[907.22-909.38] tenía mucha dependencia emocional, me validaba
[909.38-911.32] mucho con lo que yo era, con lo que yo tenía
[911.32-913.02] y yo, y no tanto con lo que era
[913.02-930.36] Y con el paso del tiempo dije, si hubiera vendido ese canal de YouTube, primero me hubiese jodido la vida porque no tenía la capacidad de sostenerlo, tampoco no hubiese tocado el fondo que toqué porque hubiese tocado fondo quizás, pero hubiese sido menos, ¿sabes?
[930.36-932.50] cuando lo dejé con la pareja en ese momento
[932.50-934.70] que se juntó también la ruina
[934.70-935.54] más adelante
[936.52-938.44] si hubiese tenido dinero pues seguramente
[938.44-940.20] me lo hubiese gastado y mal gastado
[940.20-942.16] por lo general, en salir de fiesta
[942.16-944.34] y en tener un descontrol absoluto
[944.34-946.30] no hubiese ido a Australia, no hubiese
[946.30-948.24] aprendido lo que he aprendido, no hubiese
[948.24-950.32] evolucionado todo lo que he evolucionado, no hubiese
[950.32-952.38] no me hubiese metido
[952.38-953.74] en tanta, en el tema
[953.74-955.70] del crecimiento y el autoconocimiento
[955.70-958.06] que ya me interesaba desde pequeño pero desde una
[958.06-959.64] perspectiva mucho más profunda
[959.64-961.38] Todo eso no hubiese pasado
[961.38-962.50] Por tanto
[962.50-965.60] La clave está en vivir la vida
[965.60-966.40] Con paz
[966.40-969.88] Sé que es muy fácil decirlo en un vídeo de Youtube
[970.70-971.74] Pero es así realmente
[972.46-972.98] Porque
[972.98-975.44] Nosotros siempre queremos controlarlo todo
[975.44-977.46] Entenderlo todo, cómo va a ser todo
[977.46-979.16] Si queremos llegar a este punto
[979.16-981.78] Queremos controlar y pactar
[981.78-983.34] Todo el camino en absoluto
[984.34-985.52] Pero no funciona así
[986.28-987.56] Si tú quieres generar
[987.56-989.64] muchísimo dinero, si tú quieres tener una vida
[989.64-991.36] de la hostia, nunca
[991.36-993.10] puedes pensar en el cómo
[993.10-995.26] porque nunca lo has hecho
[995.26-997.72] y si nunca lo has hecho, no sabes
[997.72-998.88] cómo coño llegar ahí
[999.34-1001.78] aquí está la clave de aprender a manifestar
[1001.78-1003.78] y bueno, habrá algunos vídeos
[1003.78-1005.82] que subiré explicando también experiencias
[1005.82-1007.72] de manifestar y demás, pero yo creo que
[1007.72-1009.54] hasta aquí el vídeo, me ha gustado
[1009.54-1011.20] mucho, si quieres ver más vídeos por aquí
[1011.20-1013.60] en el canal los vas a tener todos, nos vemos pronto
[1013.60-1014.34] chao chao

Palabras dudosas (probabilidad < 0,6): y@10.66, las@21.36, digital@24.86, padres@50.50, Es@77.30, todo@107.38, entonces@115.80, ahí@143.44, Australia,@144.44, Pero@172.52, Porque@175.36, Y@180.38, yo@270.00, realidad@274.54, de@303.78, Para@356.84, pues@386.04, Y@401.16, Que@403.40, Bien@418.88, ¿no?@424.66, que@475.06, Y@523.98, cuando@524.32, cabeza@547.96, y@548.10, en@577.34, quiero@584.88, todas@586.32, grandes@606.28, las@607.88, bueno,@635.46, también@658.88, a@661.10, a@687.44, lo@689.26, verdad@691.30, completamente@712.46, pero@712.96, no@717.52, la@743.70, porque@777.54, lo@791.14, la@797.34, no@800.86, sino@816.12, está@825.02, pero,@826.70, YouTube@847.78, acuerdo@853.54, Me@860.32, Y@863.54, y@883.74, nunca@885.80, Y@913.02, porque@925.80, Todo@959.64, Por@961.38, Con@965.60, porque@993.10

2848 palabras -> edicion\transcripcion.json
Texto para corregir -> edicion\guion.txt
Corrige nombres y cifras en ese archivo (una frase por línea) y ejecuta: anim.py alinear --toma
Si Whisper escribió mal nombres propios, repite con --nombres "Nombre 1, Nombre 2" (no pisa un guion ya corregido).
