[  0.00-  8.52] Dice que pasar tanto tiempo allí no te hace bien, como que salgas un poco afuera o como, no sé, como moverte un poco afuera, ¿vale?
[ 11.42- 17.76] Porque yo no quiero salir, no me dan ganas de salir, de nada, porque todo el día éramos los dos.
[ 18.00- 19.04] Muy bien, ¿cuál es tu nombre?
[ 19.86- 20.26] Ingrid.
[ 22.18- 23.72] Cuéntame, Ingrid, ¿de qué te resuena esto?
[ 24.28- 25.22] Es mi papá.
[ 25.22- 32.98] Yo antes de, cuando empecé, cuando me metí al live, le pedí que se presentara a él porque él falleció hace tres semanas.
[ 35.80- 40.78] A él le dio un infarto intestinal que terminó comprometiéndole todos sus órganos.
[ 41.28- 48.58] Se puso muy amarillo. Bueno, el infarto fue tan fulminante que le consumió y le perjudicó todos sus órganos.
[ 49.04- 50.82] Y estaba muy amarillo.
[ 51.06- 53.66] Todo, le dio un dolor, sí, sí, sí, sí, bárbaro.
[ 55.96- 57.00] Vale, venga.
[ 58.92- 61.08] Juan, vale, él es tu padre, ¿no?
[ 61.18- 63.14] ¿Cuántos años tenía cuando falleció?
[ 63.20- 64.52] Yo lo veía como...
[ 65.22- 68.62] Mi papá tenía 80, pero representaba mucho menos
[ 68.62- 72.10] y la partidura siempre fue como muy marcada aquí.
[ 72.16- 75.16] De hecho, todos nos reíamos porque él se lo hacía muy acá
[ 75.16- 76.14] y se lo hacía al lado.
[ 76.14- 77.56] Eso es, eso es, eso es.
[ 80.34- 81.38] Vale, venga.
[ 81.52- 84.46] Y él es como, se quedó muy delgado, muy consumido.
[ 84.46- 91.78] La enfermedad sí, pero en el momento de fallecer estuvo muy hinchado, muy hinchado.
[ 91.90- 98.36] Por el vientre, vale. Es como el páncreas y cosas así, me habla como de órganos al final le afectan.
[ 98.54-105.86] Sí, fue una falla multisistémica que terminó dándole al final por el infarto intestinal.
[105.86-131.10] Él está como preocupado, ¿vale? Él está preocupado. Y además es como si dentro de esa casa él está como... da vueltas, es que pasa de un lado a otro y se da la vuelta y vuelve. Y me habla y gesticula como que algo pasa con la casa, algo pasa con la casa y no quiere... es como si no quiere que os vayáis o que os quiten la casa o que se pierda la casa.
[131.10-138.28] algo sucede con la casa vale pero es preocupación porque hay como como si se la pudieras perder o
[138.28-147.50] alguna cosa así es que yo creo que tiene sentido porque él era amaba mucho su casa y últimamente
[147.50-155.26] dejó inconcluso algo porque él empezó a construir y no terminó se fue antes
[158.58-159.84] Puede ser, vale
[159.84-161.00] Eso es
[161.00-162.86] Él tenía como muchas preocupaciones
[162.86-164.24] Es como un hombre muy nervioso
[164.24-166.28] Pero como llevar el nervio por dentro
[166.28-168.76] Como decirte, a lo mejor por fuera
[168.76-170.02] Aparentemente no lo parecía
[170.02-171.90] Pero un hombre muy nervioso por dentro
[171.90-172.98] Es como mucha ansiedad
[174.56-175.52] Eso es
[176.68-177.78] Vale, él me habla de
[177.78-180.70] Como si todo esto se descubre muy tarde
[180.70-182.68] Es como si no da tiempo
[182.68-184.38] Él se lo lleva rápido
[184.38-188.56] Y no hay un tiempo de hacerse la idea, ¿vale?
[189.10-205.48] Sí, mi papá, esto fue muy rápido, él estaba muy bien un día miércoles, almorzó conmigo porque este es su casa y yo vivía con él, entonces siempre estábamos los dos solitos porque todos los demás trabajan, entonces siempre quedábamos los dos, fuimos muy panel con él.
[205.48-211.26] Y el día, en la noche, empezó con un dolor en su estómago muy fuerte.
[211.94-221.14] Lo llevaron a urgencias y le hicieron un escáner y tenía un infarto intestinal fulminante que se lo llevó.
[221.84-223.30] ¿Pero cuestión de horas?
[225.24-233.44] Bueno, en cuestión de horas quedó ya grave y duró tres semanas y se fue, fue muy rápido.
[233.44-235.98] Él estaba muy bien. Fue algo que nadie se esperaba.
[235.98-238.12] Muy rápido, ¿eh? Vale.
[239.86-240.34] Venga.
[244.02-248.06] Me dice cinco. No sé por qué cinco. No sé si sois...
[249.30-253.48] Éramos cinco. Mi mamá, mis tres hermanos y él.
[254.46-256.20] Eso es. Vale.
[256.80-260.82] Venga, él no se quería ir. Es como si no podía faltar.
[260.82-281.34] Dice, yo no podía faltar. Es como un pilar importante o alguien importante en la familia, ¿vale? Todo ha sido como un caos o ha cambiado muchísimo, ¿vale? Dice él, ni siquiera sé cómo lo vais a hacer. No sé por qué me dice eso. Ni siquiera, como si no sabéis cómo lo vais a hacer o cómo os vais ahora a desenvolver sin él.
[281.98-283.44] él quería estar
[284.40-285.96] es como si él necesitaba estar
[285.96-286.38] porque
[287.66-290.44] es como ayudar o no poder faltar
[290.44-291.36] no poder faltar
[291.36-294.32] me habla de
[294.32-296.20] trabajar mucho o haber trabajado mucho
[296.20-297.52] o incluso
[297.52-300.64] en varios lugares o como todo el día
[300.64-301.98] o sea, muchas cosas
[304.12-305.92] porque él tenía como una ilusión
[305.92-307.84] o como eso que se estaba construyendo
[307.84-308.80] en alguna manera
[310.84-312.76] Pues creo que trabajó demasiado
[312.76-314.98] Dice, creo que trabajé demasiado
[314.98-315.78] Sí
[316.74-318.92] Él era maestro carpintero
[319.56-320.32] Quiere que le
[321.28-322.66] Despidas de todos, dice
[322.66-323.78] Que le des muchos besos
[323.78-325.04] Yo me imagino que será
[326.22-328.64] Porque me ha dado una mujer que ha quedado
[328.64-329.84] Como una viuda
[329.84-331.50] Que ha quedado mal
[332.24-332.80] Vale
[336.82-337.92] Él me está hablando
[337.92-340.42] de que tú eres como un pilar muy importante
[340.42-342.38] y es como si tú hadas asumido
[342.38-344.48] un papel ahora de cuidar de todos
[344.48-346.42] o de estar tú
[346.42-348.40] de responsable
[348.40-350.44] de muchas cosas, ¿vale? Que estás ayudando mucho
[352.02-354.26] y estás ayudando a tu mamá también, ¿eh?
[354.36-354.84] Sí.
[354.84-355.84] El que te da las gracias.
[357.22-359.02] Y que no la dejes sola.
[359.20-359.88] No la dejéis sola.
[360.24-362.04] Ella no puede estar sola.
[363.36-363.84] Vale.
[364.54-365.02] Vale.
[371.06-372.46] Gracias.
[397.92-413.46] Él quiere como calma, él pide como calma, ¿vale? No sé por qué es como movimientos rápidos o decisiones rápidas y él pide como calma.
[414.54-415.20] Ya.
[420.32-420.86] vale
[421.98-422.52] venga
[422.52-424.16] él dice que no sabe
[424.16-424.88] cómo lo va a hacer
[424.88-425.64] pero que quiere
[425.64-426.94] seguir ayudando
[427.52-428.52] a la familia
[428.52-429.28] porque él me habla
[429.28-430.32] de que necesitáis ayuda
[431.46-432.54] veo como
[432.54-434.08] no sé si hay personas
[434.08-434.84] más pequeñas
[434.84-435.92] o alguien más joven
[435.92-436.60] ¿vale?
[436.86-438.20] pero me habla como
[438.20-439.30] de haber más jóvenes
[439.30-440.26] sí
[442.64-443.98] es una situación
[443.98-444.86] a lo mejor un poquito
[446.00-446.88] complicada económicamente
[446.88-449.08] porque él me habla como que su preocupación es esa
[449.08-451.02] que tengáis suficiente
[451.02-452.16] que no os falte de nada
[452.16-454.84] dice él que no sabe
[454.84-456.64] cómo lo vais a hacer, está preocupado
[460.48-462.12] está un poco nervioso todavía
[462.12-463.50] es todo muy reciente
[464.62-466.86] está un poquito así afectado, pero él está bien
[466.86-468.30] él ha trascendido
[469.12-470.36] y él descansa en paz
[470.36-471.34] él está bien
[472.30-474.32] hay otro hombre aquí en el plano espiritual
[474.32-484.48] Hay otro hombre. Como se han reunido, me habla como se han reunido, se han encontrado. Hay otro familiar que es un hombre también.
[484.98-485.70] Es mi hijo.
[486.88-487.28] Vale.
[488.34-488.74] Venga.
[491.36-491.76] Vale.
[493.64-500.28] Juan dice que todavía es muy pronto, ¿no? Pero que ayudará o hará lo que pueda de alguna forma, ¿vale?
[500.28-505.00] Hay como muchas cosas que arreglar, mucho papeleo o muchas cosas que arreglar, dice.
[505.30-506.20] Sí, mi mamá.
[510.58-513.12] Dice que cargas con mucho tú, que te cargas todo.
[513.76-516.74] Está un poco también preocupado porque dice que tú tampoco puedes todo.
[518.24-525.22] Lo que pasa es que cuando él falleció, mi mamá se fue de aquí, donde mi hermana,
[525.32-527.72] porque no quiere estar aquí con sus recuerdos.
[527.90-529.44] Ella llora y sufre mucho.
[530.28-532.28] Por eso yo creo que a él le preocupa mi mamá.
[533.38-539.08] Y yo quedé sola aquí, o sea, con mis dos hijos, una nieta y mi esposo.
[539.86-541.94] Pero mi esposo y mi hija trabajan.
[542.76-545.62] Los niños van al colegio, entonces yo quedo sola.
[547.28-551.78] Sola con la ausencia, con los recuerdos, y eso a mí no me tiene bien.
[562.00-564.26] él me habla de ponerle
[564.26-566.22] una vela. Hay una
[566.22-568.36] velita que se le enciende o se le pone
[568.36-569.64] algo, ¿vale? Para él.
[570.80-572.26] Y dice que tú como
[572.26-574.16] que le haces oraciones o le dices
[574.16-576.36] cosas y le haces como oraciones con el pedir.
[576.72-578.10] Y él te da las gracias
[578.10-580.10] porque le ayuda, dice que le ayuda mucho.
[581.16-582.24] Tú has pedido
[583.02-584.14] como pedirle a Dios
[584.14-586.16] que lo ayude a estar
[586.16-587.52] bien o que lo tenga bien.
[589.00-589.66] Eso es.
[590.28-594.80] Y él dice que quería, pues, un poco que te quedes tranquila, ¿no?
[594.84-596.06] Porque estás muy preocupada.
[596.30-598.72] Como darte ese mensaje para que tú te quedes tranquila.
[599.24-599.62] Vale.
[600.46-601.68] Le hablas por la noche.
[601.72-602.52] Dice que le hablas.
[602.52-603.42] Hablas como con él.
[603.50-604.04] Toda la noche.
[606.20-606.58] Vale.
[609.28-611.38] Y él quiere calmarte un poquito, ¿vale?
[611.42-612.92] Como que te estés más tranquila.
[614.42-614.80] Vale.
[614.82-616.80] Dice que todo va a salir bien, que no te preocupes.
[618.58-619.18] Eso es.
[621.16-621.76] Vale
[622.86-623.46] Venga
[623.46-625.86] Todo muy rápido, dice, ha sido todo muy rápido
[625.86-627.46] Todo demasiado rápido
[628.52-629.12] Sí
[629.12-631.36] Me habla de unas fotos que hay allí
[633.02-634.64] Hay algunas que salen
[634.64-636.40] Pero sale él con más personas
[636.40-638.66] Como si hay varios miembros de la familia
[638.66-640.68] Es que aquí en mi casa
[640.68-642.76] Él tiene las paredes
[642.76-643.66] Llenas de fotos
[644.78-645.72] Llenas de fotos
[645.72-648.64] Toda la casa tiene fotos donde sale él
[648.64-650.38] veo unas que están como muy en alto
[651.12-652.58] muestra unas como están muy altas
[652.58-654.60] no sé si se pueden mostrar
[654.60-655.82] si las puedo mostrar
[656.98-658.54] como quieras, pero sí
[658.54-660.38] él me habla de unas que están arriba
[661.22-661.66] ahí
[661.66-662.42] ahí
[665.96-666.40] esas
[667.10-670.32] sí, hay unas que son como
[670.32-671.44] más personas, eso es
[673.04-673.92] vale, venga
[675.14-676.26] vale, él dice que
[677.04-678.44] bueno, que aunque él no quería ir
[678.44-680.28] irse y que él no podía faltar, pero que quiere
[680.28-681.26] un poco como que
[682.12-684.26] os quedéis tranquilas y que
[685.64-686.30] aprenderéis o
[686.30-687.48] conseguiréis salir adelante.
[689.42-690.24] Hay mucho
[690.24-692.22] como quedarse eso a medias o quedarse
[692.22-694.36] todo así que él no lo termina,
[694.40-695.58] está como un poco, bueno,
[696.22-697.94] como su ilusión o su proyecto
[697.94-700.32] y al final no le da, dice, al final
[700.32-700.54] nada.
[701.92-704.44] Él sufrió, aunque fue rápido, sufrió
[705.00-706.14] como mucho dolor,
[706.32-706.54] ¿vale?
[709.10-710.62] pero bueno, al final
[710.62-712.50] él está descansando y él está bien
[712.50-714.26] ahora está muy tranquilo
[714.26-715.28] está más tranquilo
[718.00-720.44] me dice que hay cosas como que tú
[720.44-722.56] o como cosas que no se cuentan
[722.56-723.44] para no hacer daño
[724.08-725.08] no sé lo que es eso
[725.08-727.84] pero bueno
[727.84-730.00] cosas que quizá no se han dicho
[730.00-732.30] o no se han dicho del todo para no hacer daño
[732.98-733.70] eso es
[733.70-734.68] puede ser
[735.72-736.68] sí, vale
[736.68-739.06] y como que tú hay cosas que no se las dices
[739.06-741.34] a tu madre para que ella esté tranquila
[742.50-743.18] eso es
[743.18-745.06] él te agradece mucho
[745.06-747.02] dice que se comunica mucho
[747.02-748.20] contigo, como si te
[749.94-750.90] manda sensaciones
[750.90-752.24] son sensaciones todo el rato
[752.24-753.88] sí, yo lo he sentido mucho
[754.36-755.40] eres muy nervioso
[755.40-758.70] nunca estaba quieto, siempre estaba haciendo algo
[759.86-760.34] siempre
[761.06-762.72] a pesar de la edad que tenía
[762.72-764.26] que él no la representaba
[764.90-766.12] Fue muy activo
[766.12-767.84] Toda su vida muy activo
[775.40-776.96] Ya te digo que él dice
[776.96-778.04] Como que es muy pronto
[778.04-780.82] Y él me pide como calma
[780.82-782.24] Como que dice que calmar
[782.24-783.36] Que con el tiempo
[783.36-785.26] Que las cosas se irán poniendo en su sitio
[785.78-787.78] Esa era una palabra que usaba mucho
[787.78-788.90] Calma, calma
[789.88-792.46] Y lo que no quiere es que a los chicos
[792.46-793.34] A los jovencitos
[793.34-796.12] les falte de nada, es su preocupación
[796.12-797.10] no quiere que les falte
[798.16-800.26] dice que encontrarás la forma
[800.26-802.32] porque tú le preguntas cómo lo voy a hacer
[802.32-804.40] cómo lo voy a hacer, encontrarás la forma
[804.40-805.22] de hacerlo, dice
[805.76-806.16] sí
[809.86-810.26] encontrarás
[810.26-810.58] vale
[813.44-814.42] ¿tú quieres decirle
[814.42-814.82] algo a él?
[817.46-818.28] decirle que lo amo
[818.28-819.04] mucho y que
[820.92-822.16] me hace mucha falta
[823.12-824.04] mucha falta
[825.00-825.52] vale
[827.22-828.22] dice que pasar
[828.22-829.78] tanto tiempo allí no te hace bien
[829.78-832.18] como que salgas un poco afuera
[832.18-833.66] o como
[833.66-835.80] no sé, como moverte un poco afuera
[835.80-836.12] ¿vale?
[838.14-838.66] eso
[838.66-841.64] porque yo no quiero salir, no me dan ganas de salir
[841.64-842.52] de nada, porque
[843.28-845.32] todo el día éramos los dos
[845.32-846.98] todo el día los dos
[849.08-849.60] vale
[850.66-851.18] venga
[852.84-854.18] te da las gracias
[854.18-856.18] dice que
[856.18-858.58] como que le despidas de todos
[859.84-862.36] y que cuides de tu madre
[862.36-864.30] como hay que estar muy pendiente de ella
[864.30-866.86] la cuides
[866.86-868.18] eso es
[868.18-869.80] ella está mal
[869.80-872.50] sobre todo emocionalmente está muy mal
[876.52-878.24] ella también le habla
[878.24-880.20] le habla y le dice cosas
[880.20-885.32] cosas, incluso le ha dicho que se quiere ir con él.
[885.58-886.02] Sí.
[889.42-889.86] Vale.
[891.22-898.84] Venga, él dice que no, claro, que la vigiléis un poco porque va a hacer sola, etcétera, etcétera, ¿vale?
[900.48-904.02] Venga, te da muchos besos y te da las gracias por todo.
[904.42-908.42] Se te ha quedado todo en tus manos, dice, como si todo ahora está en tus manos.
[908.42-911.40] Es que toma muchas decisiones, mucha presión.
[911.72-914.02] Es que yo soy su hija mayor.
[915.02-915.58] Sí.
[916.60-919.66] Le manda toda su mejor energía para que puedas superar todo esto.
[919.92-920.36] ¿Vale?
[921.22-921.94] Eso es.
[923.04-923.60] Venga.
[924.36-925.56] ¿Quieres que le despidamos?
[926.34-926.90] Sí.
[927.00-928.40] ¿O te quieres despedir tú de él?
[933.98-935.80] Es difícil, pero...
[936.94-938.74] yo sé que tengo que dejarlo ir
[940.94-943.54] aunque te despidas
[943.54-945.42] puedes volver a conectar con él
[945.42-946.14] pero despedirse
[946.14-948.70] es importante para ti y para él
[948.70-949.44] porque marca
[949.44-951.92] cómo poner las cosas en su sitio
[951.92-953.58] siempre ayuda mucho
[956.56-957.86] pero él está muy pendiente
[957.86-959.62] no te creas que
[959.62-960.92] él está muy pendiente de ti
[960.92-962.36] y de todos
[962.36-964.14] es muy protector de la casa
[964.14-965.12] de la familia
[965.12-966.04] él es muy protector
[967.32-968.12] eso es
[969.10-969.66] vale
[970.74-972.70] ¿quieres despedirte de él? ¿quieres decirle algo?
[973.58-974.14] sí
[975.30-977.00] quiero decirle que gracias
[977.78-979.36] por haber sido mi papá
[979.92-981.78] que yo lo volvería a elegir
[981.78-983.12] en esta y en otra vida
[984.30-984.86] y
[986.40-987.64] que esté tranquilo
[987.64-989.10] que aquí todo va a estar bien
[990.48-991.84] y decirle que
[993.34-993.90] perdón
[993.90-995.50] por las veces que me porté mal
[997.14-997.58] y
[998.12-999.94] gracias por todo lo que él me enseñó
[999.94-1001.12] por lo que él me entregó
[1003.00-1003.44] gracias
[1003.44-1006.20] y que estoy feliz porque sé que está con mi hijo
[1006.20-1007.88] y eso
[1007.88-1009.10] me consuela un poquito
[1010.08-1010.52] sí
[1012.80-1013.62] están juntos
[1015.92-1016.36] vale
[1018.60-1019.04] venga
[1019.92-1021.18] vamos a despedirle, vale
[1022.62-1025.98] Él te da las gracias por todo, dice.
[1026.94-1028.48] Que tienes que ser fuerte, dice.
[1028.56-1029.46] Tienes que ser fuerte.
[1029.80-1030.56] Tienes que ser fuerte.
[1030.66-1031.58] Dice así, fuerte.
[1034.74-1035.20] Vale.
[1037.78-1039.04] Cuida de la casa, dice.
[1039.10-1039.76] Cuida de la casa.
[1040.12-1044.16] Te deja como en tus ramos el cuidar de la casa.
[1045.46-1046.06] Eso es.
[1048.66-1050.26] Te da las gracias, ¿vale?
[1050.26-1051.26] te manda muchos besos
[1051.26-1053.20] hay una mujer mayor aquí también
[1054.18-1056.16] hay una señora aquí
[1056.80-1057.40] mayor
[1057.40-1059.14] que también es como que
[1059.14-1062.06] se ha presentado aquí de repente
[1064.22-1066.02] es como que te mira a ti
[1067.20-1068.50] besos, besos, besos
[1068.50-1070.08] es la mamá del
[1070.72-1071.32] vale
[1074.56-1076.62] yo la veo delgada
[1076.62-1077.82] como si
[1079.00-1079.60] falleció
[1079.60-1082.02] y quedó como muy delgadita, ¿vale?
[1082.10-1082.34] Sí.
[1084.52-1084.96] Venga.
[1085.28-1086.62] Ella te tira muchos besos.
[1087.06-1088.78] Sí, ella era de tirar besos, sí.
[1089.98-1090.42] Sí.
[1090.72-1091.16] Sí.
[1094.24-1095.64] Venga, vamos a despedirnos, ¿vale?
[1095.94-1096.56] Muchas gracias.
[1096.74-1098.54] Muchas gracias, muchas gracias, muchas gracias.
[1102.12-1102.86] Vale, ya está.
[1103.60-1104.04] Adiós.
[1105.92-1106.50] Mucha luz.
[1110.00-1110.46] ya está
[1111.48-1111.92] gracias
[1113.42-1113.86] gracias
[1119.24-1120.82] él era muy caballero
[1124.14-1125.60] ya nos hemos despedido
[1125.60-1125.94] ya está
[1126.70-1128.64] me dice antes de irse
[1128.64-1130.70] es que yo quiero que mi hija esté bien
[1130.70-1131.08] me dice
[1131.08-1132.30] yo quiero que mi hija esté bien
[1134.80-1135.80] pues ya está
[1135.80-1136.58] ya está
[1136.58-1137.28] Está Ingrid, ¿vale?
[1137.44-1143.04] Él está tranquilo, entre comillas, porque no paraba quieto.
[1143.56-1152.58] No, sí, él era así, era muy expresivo para decir las cosas, muy directo y muy caballero.
[1153.10-1153.62] Sí.
[1153.72-1155.02] Muy caballero, sí.
[1156.14-1158.42] Pues ya está, Ingrid, él está bien, ¿vale?
[1158.46-1161.70] Él está tranquilo, está con tu hijo, están bien los dos.
[1162.30-1165.66] Bueno, de alguna forma él le preocupa vuestro bienestar.
[1165.66-1167.98] sobre todo también la economía de todos
[1168.58-1170.52] y bueno, dice que ayudará
[1170.52-1172.46] de alguna forma a tomar decisiones
[1172.46-1174.34] a lo que sea, para que estéis bien
[1174.34-1174.70] ¿vale?
[1175.94-1178.42] Muchas gracias. Cuidar de tu madre, cuida mucho
[1178.42-1179.44] de ella, ¿vale?
[1179.90-1182.36] Muchas gracias, agradecerte porque
[1182.36-1183.86] me hacía falta esto
[1184.54-1186.22] para tener un poquito de paz
[1186.22-1187.58] y creo que ahora la tengo
[1188.80-1190.48] entonces agradecerte en el alma
[1191.92-1194.50] este bonito encuentro y a la vez despedida
[1195.12-1196.52] Es muy lindo lo que hace
[1196.52-1197.82] Y desde Chile un abrazo
[1197.82-1199.90] Muchas bendiciones
[1200.56-1202.68] Bonita tierra, bonita tierra Chile
[1203.42-1204.74] Chile el país del vino
[1206.82-1207.86] Pues nada
[1207.86-1209.42] Pues encantado
[1209.42-1212.06] Y me alegro mucho que te haya dado esa paz
[1212.06-1213.48] Porque esto es para eso
[1213.48-1214.64] Así que me alegro mucho
[1215.18-1216.14] Muchas gracias
[1216.14-1218.04] Te mando un abrazo muy grande, cuídate mucho
[1218.04-1219.22] Igual, muchas gracias

Palabras dudosas (probabilidad < 0,6): Porque@11.42, le@51.54, Vale,@55.96, y@68.62, aquí.@71.44, es,@76.14, le@97.90, y@116.16, es@124.76, vale@132.50, la@137.42, yo@141.08, vale@159.40, Eso@159.84, Eso@174.56, Él@182.68, Y@184.38, cuestión@222.10, Él@233.44, Muy@235.98, Me@244.02, Todo@265.80, Ni@275.82, él@281.98, es@284.24, no@290.44, o@300.64, Pues@310.84, ha@327.34, Vale@332.24, tú@341.52, hadas@341.66, y@352.02, El@354.84, que@354.84, te@354.90, da@355.22, Y@357.22, Ella@360.24, Vale.@364.54, Gracias.@371.06, No@403.88, vale@420.32, porque@446.88, que@449.08, está@460.48, es@462.12, Hay@474.32, él@562.00, Vale.@599.24, Vale@621.16, Venga@622.86, dice,@624.74, Pero@634.64, Es@638.66, veo@648.64, están@651.96, ahí@661.66, sí,@667.10, pero@709.10, ahora@712.50, está@714.26, pero@725.08, cosas@727.84, puede@733.70, sí,@735.72, y@736.68, todo@751.86, sí,@752.24, eres@754.36, a@761.06, Toda@766.12, Ya@775.40, Como@776.96, Que@783.36, no@796.12, porque@800.26, cómo@802.32, vale@810.26, mucha@823.12, vale@825.00, dice@827.22, te@852.84, dice@854.18, la@864.30, le@878.24, cosas,@880.20, va@895.62, hacer@896.68, Le@916.34, yo@936.94, aunque@940.94, cómo@949.44, él@965.12, vale@969.10, Él@1022.62, Dice@1030.66, Vale.@1034.74, ramos@1042.70, Te@1048.66, te@1050.26, hay@1051.26, es@1064.22, vale@1070.72, yo@1074.56, como@1076.62, Sí.@1090.72, muchas@1097.48, ya@1110.00, gracias@1113.42, él@1119.24, nos@1124.58, ya@1125.60, me@1130.70, Está@1136.58, y@1150.52, y@1168.58, a@1172.46, hace@1196.34, Y@1196.52, Pues@1206.82, Pues@1207.86, haya@1211.32, Te@1216.14

2555 palabras -> trabajo\shorts_prueba\transcripcion.json
Texto para corregir -> trabajo\shorts_prueba\guion.txt
Corrige nombres y cifras en ese archivo (una frase por línea) y ejecuta: anim.py alinear
Si Whisper escribió mal nombres propios, repite con --nombres "Nombre 1, Nombre 2" (no pisa un guion ya corregido).
